Archive member included to satisfy reference by file (symbol)

c:/gnu arm embedded toolchain/9 2020-q2-update/bin/../lib/gcc/arm-none-eabi/9.3.1/../../../../arm-none-eabi/lib/thumb/v7e-m+fp/hard\libc_nano.a(lib_a-exit.o)
                              c:/gnu arm embedded toolchain/9 2020-q2-update/bin/../lib/gcc/arm-none-eabi/9.3.1/../../../../arm-none-eabi/lib/thumb/v7e-m+fp/hard/crt0.o (exit)
c:/gnu arm embedded toolchain/9 2020-q2-update/bin/../lib/gcc/arm-none-eabi/9.3.1/../../../../arm-none-eabi/lib/thumb/v7e-m+fp/hard\libc_nano.a(lib_a-impure.o)
                              c:/gnu arm embedded toolchain/9 2020-q2-update/bin/../lib/gcc/arm-none-eabi/9.3.1/../../../../arm-none-eabi/lib/thumb/v7e-m+fp/hard\libc_nano.a(lib_a-exit.o) (_global_impure_ptr)
c:/gnu arm embedded toolchain/9 2020-q2-update/bin/../lib/gcc/arm-none-eabi/9.3.1/../../../../arm-none-eabi/lib/thumb/v7e-m+fp/hard\libc_nano.a(lib_a-init.o)
                              c:/gnu arm embedded toolchain/9 2020-q2-update/bin/../lib/gcc/arm-none-eabi/9.3.1/../../../../arm-none-eabi/lib/thumb/v7e-m+fp/hard/crt0.o (__libc_init_array)
c:/gnu arm embedded toolchain/9 2020-q2-update/bin/../lib/gcc/arm-none-eabi/9.3.1/../../../../arm-none-eabi/lib/thumb/v7e-m+fp/hard\libc_nano.a(lib_a-memcmp.o)
                              build/sys_command_line.o (memcmp)
c:/gnu arm embedded toolchain/9 2020-q2-update/bin/../lib/gcc/arm-none-eabi/9.3.1/../../../../arm-none-eabi/lib/thumb/v7e-m+fp/hard\libc_nano.a(lib_a-memcpy-stub.o)
                              build/sys_command_line.o (memcpy)
c:/gnu arm embedded toolchain/9 2020-q2-update/bin/../lib/gcc/arm-none-eabi/9.3.1/../../../../arm-none-eabi/lib/thumb/v7e-m+fp/hard\libc_nano.a(lib_a-memset.o)
                              c:/gnu arm embedded toolchain/9 2020-q2-update/bin/../lib/gcc/arm-none-eabi/9.3.1/../../../../arm-none-eabi/lib/thumb/v7e-m+fp/hard/crt0.o (memset)
c:/gnu arm embedded toolchain/9 2020-q2-update/bin/../lib/gcc/arm-none-eabi/9.3.1/../../../../arm-none-eabi/lib/thumb/v7e-m+fp/hard\libc_nano.a(lib_a-printf.o)
                              build/sys_command_line.o (printf)
c:/gnu arm embedded toolchain/9 2020-q2-update/bin/../lib/gcc/arm-none-eabi/9.3.1/../../../../arm-none-eabi/lib/thumb/v7e-m+fp/hard\libc_nano.a(lib_a-putchar.o)
                              build/sys_command_line.o (putchar)
c:/gnu arm embedded toolchain/9 2020-q2-update/bin/../lib/gcc/arm-none-eabi/9.3.1/../../../../arm-none-eabi/lib/thumb/v7e-m+fp/hard\libc_nano.a(lib_a-puts.o)
                              build/sys_command_line.o (puts)
c:/gnu arm embedded toolchain/9 2020-q2-update/bin/../lib/gcc/arm-none-eabi/9.3.1/../../../../arm-none-eabi/lib/thumb/v7e-m+fp/hard\libc_nano.a(lib_a-strlen.o)
                              build/sys_command_line.o (strlen)
c:/gnu arm embedded toolchain/9 2020-q2-update/bin/../lib/gcc/arm-none-eabi/9.3.1/../../../../arm-none-eabi/lib/thumb/v7e-m+fp/hard\libc_nano.a(lib_a-strncmp.o)
                              build/sys_command_line.o (strncmp)
c:/gnu arm embedded toolchain/9 2020-q2-update/bin/../lib/gcc/arm-none-eabi/9.3.1/../../../../arm-none-eabi/lib/thumb/v7e-m+fp/hard\libc_nano.a(lib_a-strstr.o)
                              build/sys_command_line.o (strstr)
c:/gnu arm embedded toolchain/9 2020-q2-update/bin/../lib/gcc/arm-none-eabi/9.3.1/../../../../arm-none-eabi/lib/thumb/v7e-m+fp/hard\libc_nano.a(lib_a-wbuf.o)
                              c:/gnu arm embedded toolchain/9 2020-q2-update/bin/../lib/gcc/arm-none-eabi/9.3.1/../../../../arm-none-eabi/lib/thumb/v7e-m+fp/hard\libc_nano.a(lib_a-puts.o) (__swbuf_r)
c:/gnu arm embedded toolchain/9 2020-q2-update/bin/../lib/gcc/arm-none-eabi/9.3.1/../../../../arm-none-eabi/lib/thumb/v7e-m+fp/hard\libc_nano.a(lib_a-wsetup.o)
                              c:/gnu arm embedded toolchain/9 2020-q2-update/bin/../lib/gcc/arm-none-eabi/9.3.1/../../../../arm-none-eabi/lib/thumb/v7e-m+fp/hard\libc_nano.a(lib_a-puts.o) (__swsetup_r)
c:/gnu arm embedded toolchain/9 2020-q2-update/bin/../lib/gcc/arm-none-eabi/9.3.1/../../../../arm-none-eabi/lib/thumb/v7e-m+fp/hard\libc_nano.a(lib_a-fflush.o)
                              c:/gnu arm embedded toolchain/9 2020-q2-update/bin/../lib/gcc/arm-none-eabi/9.3.1/../../../../arm-none-eabi/lib/thumb/v7e-m+fp/hard\libc_nano.a(lib_a-wbuf.o) (_fflush_r)
c:/gnu arm embedded toolchain/9 2020-q2-update/bin/../lib/gcc/arm-none-eabi/9.3.1/../../../../arm-none-eabi/lib/thumb/v7e-m+fp/hard\libc_nano.a(lib_a-findfp.o)
                              c:/gnu arm embedded toolchain/9 2020-q2-update/bin/../lib/gcc/arm-none-eabi/9.3.1/../../../../arm-none-eabi/lib/thumb/v7e-m+fp/hard\libc_nano.a(lib_a-printf.o) (__sinit)
c:/gnu arm embedded toolchain/9 2020-q2-update/bin/../lib/gcc/arm-none-eabi/9.3.1/../../../../arm-none-eabi/lib/thumb/v7e-m+fp/hard\libc_nano.a(lib_a-fwalk.o)
[...]
Memory Configuration

Name             Origin             Length             Attributes
RAM              0x20000000         0x00018000         xrw
RAM2             0x10000000         0x00008000         xrw
FLASH            0x08000000         0x00100000         xr
*default*        0x00000000         0xffffffff

Linker script and memory map

LOAD c:/gnu arm embedded toolchain/9 2020-q2-update/bin/../lib/gcc/arm-none-eabi/9.3.1/thumb/v7e-m+fp/hard/crti.o
LOAD c:/gnu arm embedded toolchain/9 2020-q2-update/bin/../lib/gcc/arm-none-eabi/9.3.1/thumb/v7e-m+fp/hard/crtbegin.o
LOAD c:/gnu arm embedded toolchain/9 2020-q2-update/bin/../lib/gcc/arm-none-eabi/9.3.1/../../../../arm-none-eabi/lib/thumb/v7e-m+fp/hard/crt0.o
LOAD build/main.o
LOAD build/CAT_Com.o
LOAD build/Dut_Com.o
LOAD build/modbus_master.o
LOAD build/ringbuffer.o
LOAD build/trans_recieve_buff_control.o
LOAD build/sys_command_line.o
LOAD build/sys_queue.o
LOAD build/app_led.o
LOAD build/stm32l4xx_it.o
LOAD build/stm32l4xx_hal_msp.o
LOAD build/stm32l4xx_hal_spi.o
LOAD build/stm32l4xx_hal_spi_ex.o
LOAD build/stm32l4xx_hal.o
LOAD build/stm32l4xx_hal_i2c.o
LOAD build/stm32l4xx_hal_i2c_ex.o
LOAD build/stm32l4xx_hal_rcc.o
LOAD build/stm32l4xx_hal_rcc_ex.o
LOAD build/stm32l4xx_hal_flash.o
LOAD build/stm32l4xx_hal_flash_ex.o
LOAD build/stm32l4xx_hal_flash_ramfunc.o
LOAD build/stm32l4xx_hal_gpio.o
LOAD build/stm32l4xx_hal_dma.o
LOAD build/stm32l4xx_hal_dma_ex.o
LOAD build/stm32l4xx_hal_pwr.o
LOAD build/stm32l4xx_hal_pwr_ex.o
LOAD build/stm32l4xx_hal_cortex.o
LOAD build/stm32l4xx_hal_exti.o
LOAD build/stm32l4xx_hal_tim.o
LOAD build/stm32l4xx_hal_tim_ex.o
LOAD build/stm32l4xx_hal_uart.o
LOAD build/stm32l4xx_hal_uart_ex.o
LOAD build/system_stm32l4xx.o
LOAD build/startup_stm32l476xx.o
LOAD c:/gnu arm embedded toolchain/9 2020-q2-update/bin/../lib/gcc/arm-none-eabi/9.3.1/../../../../arm-none-eabi/lib/thumb/v7e-m+fp/hard\libc_nano.a
LOAD c:/gnu arm embedded toolchain/9 2020-q2-update/bin/../lib/gcc/arm-none-eabi/9.3.1/../../../../arm-none-eabi/lib/thumb/v7e-m+fp/hard\libm.a
LOAD c:/gnu arm embedded toolchain/9 2020-q2-update/bin/../lib/gcc/arm-none-eabi/9.3.1/../../../../arm-none-eabi/lib/thumb/v7e-m+fp/hard\libnosys.a
START GROUP
LOAD c:/gnu arm embedded toolchain/9 2020-q2-update/bin/../lib/gcc/arm-none-eabi/9.3.1/thumb/v7e-m+fp/hard\libgcc.a
LOAD c:/gnu arm embedded toolchain/9 2020-q2-update/bin/../lib/gcc/arm-none-eabi/9.3.1/../../../../arm-none-eabi/lib/thumb/v7e-m+fp/hard\libc_nano.a
END GROUP
START GROUP
LOAD c:/gnu arm embedded toolchain/9 2020-q2-update/bin/../lib/gcc/arm-none-eabi/9.3.1/thumb/v7e-m+fp/hard\libgcc.a
LOAD c:/gnu arm embedded toolchain/9 2020-q2-update/bin/../lib/gcc/arm-none-eabi/9.3.1/../../../../arm-none-eabi/lib/thumb/v7e-m+fp/hard\libc_nano.a
END GROUP
LOAD c:/gnu arm embedded toolchain/9 2020-q2-update/bin/../lib/gcc/arm-none-eabi/9.3.1/thumb/v7e-m+fp/hard/crtend.o
LOAD c:/gnu arm embedded toolchain/9 2020-q2-update/bin/../lib/gcc/arm-none-eabi/9.3.1/thumb/v7e-m+fp/hard/crtn.o
                0x20018000                _estack = 0x20018000
                0x00000200                _Min_Heap_Size = 0x200
                0x00000400                _Min_Stack_Size = 0x400

.isr_vector     0x08000000      0x188
                0x08000000                . = ALIGN (0x8)
 *(.isr_vector)
 .isr_vector    0x08000000      0x188 build/startup_stm32l476xx.o
                0x08000000                g_pfnVectors
                0x08000188                . = ALIGN (0x8)

.text           0x08000190     0x4200
                0x08000190                . = ALIGN (0x8)
 *(.text)
 .text          0x08000190       0x40 c:/gnu arm embedded toolchain/9 2020-q2-update/bin/../lib/gcc/arm-none-eabi/9.3.1/thumb/v7e-m+fp/hard/crtbegin.o
 .text          0x080001d0       0x10 c:/gnu arm embedded toolchain/9 2020-q2-update/bin/../lib/gcc/arm-none-eabi/9.3.1/../../../../arm-none-eabi/lib/thumb/v7e-m+fp/hard\libc_nano.a(lib_a-strlen.o)
                0x080001d0                strlen
 .text          0x080001e0       0xa0 c:/gnu arm embedded toolchain/9 2020-q2-update/bin/../lib/gcc/arm-none-eabi/9.3.1/../../../../arm-none-eabi/lib/thumb/v7e-m+fp/hard\libc_nano.a(lib_a-memchr.o)
                0x080001e0                memchr
 .text          0x08000280       0x30 c:/gnu arm embedded toolchain/9 2020-q2-update/bin/../lib/gcc/arm-none-eabi/9.3.1/thumb/v7e-m+fp/hard\libgcc.a(_aeabi_uldivmod.o)
                0x08000280                __aeabi_uldivmod
 .text          0x080002b0      0x2c4 c:/gnu arm embedded toolchain/9 2020-q2-update/bin/../lib/gcc/arm-none-eabi/9.3.1/thumb/v7e-m+fp/hard\libgcc.a(_udivmoddi4.o)
                0x080002b0                __udivmoddi4
 .text          0x08000574        0x4 c:/gnu arm embedded toolchain/9 2020-q2-update/bin/../lib/gcc/arm-none-eabi/9.3.1/thumb/v7e-m+fp/hard\libgcc.a(_dvmd_tls.o)
                0x08000574                __aeabi_idiv0
                0x08000574                __aeabi_ldiv0
 *(.text*)
 .text.MX_GPIO_Init
                0x08000578      0x10c build/main.o
 .text.MX_SPI1_Init
                0x08000684       0x44 build/main.o
 .text.MX_USART1_UART_Init
                0x080006c8       0x30 build/main.o
 .text.MX_USART2_UART_Init
                0x080006f8       0x30 build/main.o
 .text.Delay    0x08000728       0x14 build/main.o
                0x08000728                Delay
 .text.HAL_UART_RxCpltCallback
                0x0800073c       0x30 build/main.o
                0x0800073c                HAL_UART_RxCpltCallback
 .text.SystemClock_Config
                0x0800076c       0x7a build/main.o
                0x0800076c                SystemClock_Config
 *fill*         0x080007e6        0x2 
 .text.main     0x080007e8       0x44 build/main.o
                0x080007e8                main
 .text.Tx_Byte_To_Cat
                0x0800082c       0x24 build/CAT_Com.o
                0x0800082c                Tx_Byte_To_Cat
 .text.ModbusMaster_begin
                0x08000850       0x1c build/modbus_master.o
                0x08000850                ModbusMaster_begin
 .text.rbInitialize
                0x0800086c       0x12 build/ringbuffer.o
                0x0800086c                rbInitialize
 .text.rbPush   0x0800087e       0x28 build/ringbuffer.o
                0x0800087e                rbPush
 *fill*         0x080008a6        0x2 
 .text.Modbus_Master_RB_Initialize
                0x080008a8       0x18 build/trans_recieve_buff_control.o
                0x080008a8                Modbus_Master_RB_Initialize
 .text.Modbus_Master_GetByte
                0x080008c0       0x18 build/trans_recieve_buff_control.o
                0x080008c0                Modbus_Master_GetByte
 .text.Modbus_Master_Rece_Handler
                0x080008d8       0x24 build/trans_recieve_buff_control.o
                0x080008d8                Modbus_Master_Rece_Handler
 .text.cli_history_show
                0x080008fc       0x64 build/sys_command_line.o
 .text.cli_reboot
                0x08000960       0x54 build/sys_command_line.o
 .text.junfeng_pInit
                0x080009b4       0x10 build/sys_command_line.o
                0x080009b4                junfeng_pInit
 .text.junfeng_pFun
                0x080009c4       0x10 build/sys_command_line.o
                0x080009c4                junfeng_pFun
 .text.cli_history_add
                0x080009d4       0x88 build/sys_command_line.o
 .text.cli_rx_handle
                0x08000a5c      0x2bc build/sys_command_line.o
 .text.cli_init
                0x08000d18       0xe8 build/sys_command_line.o
                0x08000d18                cli_init
 .text.cli_run  0x08000e00       0x10 build/sys_command_line.o
                0x08000e00                cli_run
 .text.queue_full
                0x08000e10       0x1a build/sys_queue.o
                0x08000e10                queue_full
 .text.queue_empty
                0x08000e2a       0x10 build/sys_queue.o
                0x08000e2a                queue_empty
 .text.queue_in
                0x08000e3a       0x2c build/sys_queue.o
                0x08000e3a                queue_in
 .text.queue_out
                0x08000e66       0x2c build/sys_queue.o
                0x08000e66                queue_out
 .text.NMI_Handler
                0x08000e92        0x2 build/stm32l4xx_it.o
                0x08000e92                NMI_Handler
 .text.HardFault_Handler
                0x08000e94        0x2 build/stm32l4xx_it.o
                0x08000e94                HardFault_Handler
 .text.MemManage_Handler
                0x08000e96        0x2 build/stm32l4xx_it.o
                0x08000e96                MemManage_Handler
 .text.BusFault_Handler
                0x08000e98        0x2 build/stm32l4xx_it.o
                0x08000e98                BusFault_Handler
 .text.UsageFault_Handler
                0x08000e9a        0x2 build/stm32l4xx_it.o
                0x08000e9a                UsageFault_Handler
 .text.SVC_Handler
                0x08000e9c        0x2 build/stm32l4xx_it.o
                0x08000e9c                SVC_Handler
 .text.DebugMon_Handler
                0x08000e9e        0x2 build/stm32l4xx_it.o
                0x08000e9e                DebugMon_Handler
 .text.PendSV_Handler
                0x08000ea0        0x2 build/stm32l4xx_it.o
                0x08000ea0                PendSV_Handler
 .text.SysTick_Handler
                0x08000ea2        0xc build/stm32l4xx_it.o
                0x08000ea2                SysTick_Handler
 .text.EXTI3_IRQHandler
                0x08000eae        0xa build/stm32l4xx_it.o
                0x08000eae                EXTI3_IRQHandler
 .text.EXTI4_IRQHandler
                0x08000eb8        0xa build/stm32l4xx_it.o
                0x08000eb8                EXTI4_IRQHandler
 .text.EXTI9_5_IRQHandler
                0x08000ec2       0x10 build/stm32l4xx_it.o
                0x08000ec2                EXTI9_5_IRQHandler
 *fill*         0x08000ed2        0x2 
 .text.USART1_IRQHandler
                0x08000ed4       0x10 build/stm32l4xx_it.o
                0x08000ed4                USART1_IRQHandler
 .text.USART2_IRQHandler
                0x08000ee4       0x28 build/stm32l4xx_it.o
                0x08000ee4                USART2_IRQHandler
 .text.EXTI15_10_IRQHandler
                0x08000f0c       0x14 build/stm32l4xx_it.o
                0x08000f0c                EXTI15_10_IRQHandler
 .text.HAL_MspInit
                0x08000f20       0x30 build/stm32l4xx_hal_msp.o
                0x08000f20                HAL_MspInit
 .text.HAL_SPI_MspInit
                0x08000f50       0x6c build/stm32l4xx_hal_msp.o
                0x08000f50                HAL_SPI_MspInit
 .text.HAL_UART_MspInit
                0x08000fbc       0xdc build/stm32l4xx_hal_msp.o
                0x08000fbc                HAL_UART_MspInit
 .text.HAL_SPI_Init
                0x08001098       0xde build/stm32l4xx_hal_spi.o
                0x08001098                HAL_SPI_Init
 *fill*         0x08001176        0x2 
 .text.HAL_InitTick
                0x08001178       0x50 build/stm32l4xx_hal.o
                0x08001178                HAL_InitTick
 .text.HAL_Init
                0x080011c8       0x2c build/stm32l4xx_hal.o
                0x080011c8                HAL_Init
 .text.HAL_IncTick
                0x080011f4       0x18 build/stm32l4xx_hal.o
                0x080011f4                HAL_IncTick
 .text.HAL_GetTick
                0x0800120c        0xc build/stm32l4xx_hal.o
                0x0800120c                HAL_GetTick
 .text.HAL_Delay
                0x08001218       0x28 build/stm32l4xx_hal.o
                0x08001218                HAL_Delay
 .text.RCC_SetFlashLatencyFromMSIRange
                0x08001240       0x90 build/stm32l4xx_hal_rcc.o
 .text.HAL_RCC_GetSysClockFreq
                0x080012d0       0xb4 build/stm32l4xx_hal_rcc.o
                0x080012d0                HAL_RCC_GetSysClockFreq
 .text.HAL_RCC_OscConfig
                0x08001384      0x630 build/stm32l4xx_hal_rcc.o
                0x08001384                HAL_RCC_OscConfig
 .text.HAL_RCC_ClockConfig
                0x080019b4      0x15c build/stm32l4xx_hal_rcc.o
                0x080019b4                HAL_RCC_ClockConfig
 .text.HAL_RCC_GetHCLKFreq
                0x08001b10        0xc build/stm32l4xx_hal_rcc.o
                0x08001b10                HAL_RCC_GetHCLKFreq
 .text.HAL_RCC_GetPCLK1Freq
                0x08001b1c       0x24 build/stm32l4xx_hal_rcc.o
                0x08001b1c                HAL_RCC_GetPCLK1Freq
 .text.HAL_RCC_GetPCLK2Freq
                0x08001b40       0x24 build/stm32l4xx_hal_rcc.o
                0x08001b40                HAL_RCC_GetPCLK2Freq
 .text.RCCEx_PLLSAI1_Config
                0x08001b64      0x170 build/stm32l4xx_hal_rcc_ex.o
 .text.RCCEx_PLLSAI2_Config
                0x08001cd4      0x14c build/stm32l4xx_hal_rcc_ex.o
 .text.HAL_RCCEx_PeriphCLKConfig
                0x08001e20      0x45c build/stm32l4xx_hal_rcc_ex.o
                0x08001e20                HAL_RCCEx_PeriphCLKConfig
 .text.HAL_GPIO_Init
                0x0800227c      0x1cc build/stm32l4xx_hal_gpio.o
                0x0800227c                HAL_GPIO_Init
 .text.HAL_GPIO_WritePin
                0x08002448        0xa build/stm32l4xx_hal_gpio.o
                0x08002448                HAL_GPIO_WritePin
 .text.HAL_GPIO_EXTI_Callback
                0x08002452        0x2 build/stm32l4xx_hal_gpio.o
                0x08002452                HAL_GPIO_EXTI_Callback
 .text.HAL_GPIO_EXTI_IRQHandler
                0x08002454       0x1c build/stm32l4xx_hal_gpio.o
                0x08002454                HAL_GPIO_EXTI_IRQHandler
 .text.HAL_DMA_Abort_IT
                0x08002470       0x50 build/stm32l4xx_hal_dma.o
                0x08002470                HAL_DMA_Abort_IT
 .text.HAL_PWREx_GetVoltageRange
                0x080024c0       0x10 build/stm32l4xx_hal_pwr_ex.o
                0x080024c0                HAL_PWREx_GetVoltageRange
 .text.HAL_PWREx_ControlVoltageScaling
                0x080024d0       0x90 build/stm32l4xx_hal_pwr_ex.o
                0x080024d0                HAL_PWREx_ControlVoltageScaling
 .text.HAL_NVIC_SetPriorityGrouping
                0x08002560       0x24 build/stm32l4xx_hal_cortex.o
                0x08002560                HAL_NVIC_SetPriorityGrouping
 .text.HAL_NVIC_SetPriority
                0x08002584       0x68 build/stm32l4xx_hal_cortex.o
                0x08002584                HAL_NVIC_SetPriority
 .text.HAL_NVIC_EnableIRQ
                0x080025ec       0x1c build/stm32l4xx_hal_cortex.o
                0x080025ec                HAL_NVIC_EnableIRQ
 .text.HAL_SYSTICK_Config
                0x08002608       0x2c build/stm32l4xx_hal_cortex.o
                0x08002608                HAL_SYSTICK_Config
 .text.HAL_NVIC_ClearPendingIRQ
                0x08002634       0x1c build/stm32l4xx_hal_cortex.o
                0x08002634                HAL_NVIC_ClearPendingIRQ
 .text.HAL_SYSTICK_Callback
                0x08002650        0x2 build/stm32l4xx_hal_cortex.o
                0x08002650                HAL_SYSTICK_Callback
 .text.HAL_SYSTICK_IRQHandler
                0x08002652        0x8 build/stm32l4xx_hal_cortex.o
                0x08002652                HAL_SYSTICK_IRQHandler
 .text.UART_EndRxTransfer
                0x0800265a       0x1e build/stm32l4xx_hal_uart.o
 .text.HAL_UART_Receive_IT
                0x08002678       0xd4 build/stm32l4xx_hal_uart.o
                0x08002678                HAL_UART_Receive_IT
 .text.HAL_UART_TxCpltCallback
                0x0800274c        0x2 build/stm32l4xx_hal_uart.o
                0x0800274c                HAL_UART_TxCpltCallback
 .text.UART_EndTransmit_IT
                0x0800274e       0x1a build/stm32l4xx_hal_uart.o
 .text.UART_RxISR_8BIT
                0x08002768       0x66 build/stm32l4xx_hal_uart.o
 .text.UART_RxISR_16BIT
                0x080027ce       0x64 build/stm32l4xx_hal_uart.o
 .text.HAL_UART_ErrorCallback
                0x08002832        0x2 build/stm32l4xx_hal_uart.o
                0x08002832                HAL_UART_ErrorCallback
 .text.HAL_UART_IRQHandler
                0x08002834      0x184 build/stm32l4xx_hal_uart.o
                0x08002834                HAL_UART_IRQHandler
 .text.UART_DMAAbortOnError
                0x080029b8       0x14 build/stm32l4xx_hal_uart.o
 .text.UART_SetConfig
                0x080029cc      0x328 build/stm32l4xx_hal_uart.o
                0x080029cc                UART_SetConfig
 .text.UART_AdvFeatureConfig
                0x08002cf4       0xca build/stm32l4xx_hal_uart.o
                0x08002cf4                UART_AdvFeatureConfig
 .text.UART_WaitOnFlagUntilTimeout
                0x08002dbe       0xa2 build/stm32l4xx_hal_uart.o
                0x08002dbe                UART_WaitOnFlagUntilTimeout
 .text.HAL_UART_Transmit
                0x08002e60       0xd6 build/stm32l4xx_hal_uart.o
                0x08002e60                HAL_UART_Transmit
 .text.HAL_UART_Receive
                0x08002f36      0x120 build/stm32l4xx_hal_uart.o
                0x08002f36                HAL_UART_Receive
 .text.UART_CheckIdleState
                0x08003056       0x6c build/stm32l4xx_hal_uart.o
                0x08003056                UART_CheckIdleState
 .text.HAL_UART_Init
                0x080030c2       0x62 build/stm32l4xx_hal_uart.o
                0x080030c2                HAL_UART_Init
 .text.HAL_UARTEx_WakeupCallback
                0x08003124        0x2 build/stm32l4xx_hal_uart_ex.o
                0x08003124                HAL_UARTEx_WakeupCallback
 *fill*         0x08003126        0x2 
 .text.SystemInit
                0x08003128       0x48 build/system_stm32l4xx.o
                0x08003128                SystemInit
 .text.Reset_Handler
                0x08003170       0x50 build/startup_stm32l476xx.o
                0x08003170                Reset_Handler
 .text.Default_Handler
                0x080031c0        0x2 build/startup_stm32l476xx.o
                0x080031c0                RTC_Alarm_IRQHandler
                0x080031c0                EXTI2_IRQHandler
                0x080031c0                TIM8_TRG_COM_IRQHandler
                0x080031c0                TIM8_CC_IRQHandler
                0x080031c0                TIM1_CC_IRQHandler
                0x080031c0                TSC_IRQHandler
                0x080031c0                TAMP_STAMP_IRQHandler
                0x080031c0                LPTIM2_IRQHandler
                0x080031c0                DFSDM1_FLT1_IRQHandler
                0x080031c0                I2C3_ER_IRQHandler
                0x080031c0                DFSDM1_FLT2_IRQHandler
                0x080031c0                EXTI0_IRQHandler
                0x080031c0                I2C2_EV_IRQHandler
                0x080031c0                CAN1_RX0_IRQHandler
                0x080031c0                FPU_IRQHandler
                0x080031c0                TIM1_UP_TIM16_IRQHandler
                0x080031c0                ADC1_2_IRQHandler
                0x080031c0                SPI1_IRQHandler
                0x080031c0                TIM6_DAC_IRQHandler
                0x080031c0                TIM8_UP_IRQHandler
                0x080031c0                DMA2_Channel2_IRQHandler
                0x080031c0                DMA1_Channel4_IRQHandler
                0x080031c0                SAI2_IRQHandler
                0x080031c0                DFSDM1_FLT3_IRQHandler
                0x080031c0                USART3_IRQHandler
                0x080031c0                DMA1_Channel7_IRQHandler
                0x080031c0                CAN1_RX1_IRQHandler
                0x080031c0                LCD_IRQHandler
                0x080031c0                UART5_IRQHandler
                0x080031c0                ADC3_IRQHandler
                0x080031c0                TIM4_IRQHandler
                0x080031c0                DMA2_Channel1_IRQHandler
                0x080031c0                QUADSPI_IRQHandler
                0x080031c0                I2C1_EV_IRQHandler
                0x080031c0                DMA1_Channel6_IRQHandler
                0x080031c0                UART4_IRQHandler
                0x080031c0                DMA2_Channel4_IRQHandler
                0x080031c0                TIM3_IRQHandler
                0x080031c0                RCC_IRQHandler
                0x080031c0                DMA1_Channel1_IRQHandler
                0x080031c0                Default_Handler
                0x080031c0                DMA2_Channel7_IRQHandler
                0x080031c0                TIM7_IRQHandler
                0x080031c0                SDMMC1_IRQHandler
                0x080031c0                TIM5_IRQHandler
                0x080031c0                I2C3_EV_IRQHandler
                0x080031c0                RTC_WKUP_IRQHandler
                0x080031c0                PVD_PVM_IRQHandler
                0x080031c0                SPI2_IRQHandler
                0x080031c0                CAN1_TX_IRQHandler
                0x080031c0                DMA2_Channel5_IRQHandler
                0x080031c0                DMA1_Channel5_IRQHandler
                0x080031c0                RNG_IRQHandler
                0x080031c0                TIM1_TRG_COM_TIM17_IRQHandler
                0x080031c0                DMA1_Channel3_IRQHandler
                0x080031c0                COMP_IRQHandler
                0x080031c0                WWDG_IRQHandler
                0x080031c0                LPUART1_IRQHandler
                0x080031c0                DMA2_Channel6_IRQHandler
                0x080031c0                TIM2_IRQHandler
                0x080031c0                EXTI1_IRQHandler
                0x080031c0                DFSDM1_FLT0_IRQHandler
                0x080031c0                I2C2_ER_IRQHandler
                0x080031c0                DMA1_Channel2_IRQHandler
                0x080031c0                TIM8_BRK_IRQHandler
                0x080031c0                CAN1_SCE_IRQHandler
                0x080031c0                FLASH_IRQHandler
                0x080031c0                OTG_FS_IRQHandler
                0x080031c0                SPI3_IRQHandler
                0x080031c0                I2C1_ER_IRQHandler
                0x080031c0                FMC_IRQHandler
                0x080031c0                SWPMI1_IRQHandler
                0x080031c0                LPTIM1_IRQHandler
                0x080031c0                SAI1_IRQHandler
                0x080031c0                DMA2_Channel3_IRQHandler
                0x080031c0                TIM1_BRK_TIM15_IRQHandler
 *fill*         0x080031c2        0x2 
 .text.__libc_init_array
                0x080031c4       0x48 c:/gnu arm embedded toolchain/9 2020-q2-update/bin/../lib/gcc/arm-none-eabi/9.3.1/../../../../arm-none-eabi/lib/thumb/v7e-m+fp/hard\libc_nano.a(lib_a-init.o)
                0x080031c4                __libc_init_array
 .text.memcmp   0x0800320c       0x1c c:/gnu arm embedded toolchain/9 2020-q2-update/bin/../lib/gcc/arm-none-eabi/9.3.1/../../../../arm-none-eabi/lib/thumb/v7e-m+fp/hard\libc_nano.a(lib_a-memcmp.o)
                0x0800320c                memcmp
 .text.memcpy   0x08003228       0x1c c:/gnu arm embedded toolchain/9 2020-q2-update/bin/../lib/gcc/arm-none-eabi/9.3.1/../../../../arm-none-eabi/lib/thumb/v7e-m+fp/hard\libc_nano.a(lib_a-memcpy-stub.o)
                0x08003228                memcpy
 .text.memset   0x08003244       0x10 c:/gnu arm embedded toolchain/9 2020-q2-update/bin/../lib/gcc/arm-none-eabi/9.3.1/../../../../arm-none-eabi/lib/thumb/v7e-m+fp/hard\libc_nano.a(lib_a-memset.o)
                0x08003244                memset
 .text.printf   0x08003254       0x30 c:/gnu arm embedded toolchain/9 2020-q2-update/bin/../lib/gcc/arm-none-eabi/9.3.1/../../../../arm-none-eabi/lib/thumb/v7e-m+fp/hard\libc_nano.a(lib_a-printf.o)
                0x08003254                iprintf
                0x08003254                printf
 .text.putchar  0x08003284       0x2c c:/gnu arm embedded toolchain/9 2020-q2-update/bin/../lib/gcc/arm-none-eabi/9.3.1/../../../../arm-none-eabi/lib/thumb/v7e-m+fp/hard\libc_nano.a(lib_a-putchar.o)
                0x08003284                putchar
 .text._puts_r  0x080032b0       0xdc c:/gnu arm embedded toolchain/9 2020-q2-update/bin/../lib/gcc/arm-none-eabi/9.3.1/../../../../arm-none-eabi/lib/thumb/v7e-m+fp/hard\libc_nano.a(lib_a-puts.o)
                0x080032b0                _puts_r
 .text.puts     0x0800338c       0x10 c:/gnu arm embedded toolchain/9 2020-q2-update/bin/../lib/gcc/arm-none-eabi/9.3.1/../../../../arm-none-eabi/lib/thumb/v7e-m+fp/hard\libc_nano.a(lib_a-puts.o)
                0x0800338c                puts
 .text.strncmp  0x0800339c       0x24 c:/gnu arm embedded toolchain/9 2020-q2-update/bin/../lib/gcc/arm-none-eabi/9.3.1/../../../../arm-none-eabi/lib/thumb/v7e-m+fp/hard\libc_nano.a(lib_a-strncmp.o)
                0x0800339c                strncmp
 .text.strstr   0x080033c0       0x2e c:/gnu arm embedded toolchain/9 2020-q2-update/bin/../lib/gcc/arm-none-eabi/9.3.1/../../../../arm-none-eabi/lib/thumb/v7e-m+fp/hard\libc_nano.a(lib_a-strstr.o)
                0x080033c0                strstr
 *fill*         0x080033ee        0x2 
 .text.__swbuf_r
                0x080033f0       0xa4 c:/gnu arm embedded toolchain/9 2020-q2-update/bin/../lib/gcc/arm-none-eabi/9.3.1/../../../../arm-none-eabi/lib/thumb/v7e-m+fp/hard\libc_nano.a(lib_a-wbuf.o)
                0x080033f0                __swbuf_r
 .text.__swsetup_r
                0x08003494       0xdc c:/gnu arm embedded toolchain/9 2020-q2-update/bin/../lib/gcc/arm-none-eabi/9.3.1/../../../../arm-none-eabi/lib/thumb/v7e-m+fp/hard\libc_nano.a(lib_a-wsetup.o)
                0x08003494                __swsetup_r
 .text.__sflush_r
                0x08003570      0x10c c:/gnu arm embedded toolchain/9 2020-q2-update/bin/../lib/gcc/arm-none-eabi/9.3.1/../../../../arm-none-eabi/lib/thumb/v7e-m+fp/hard\libc_nano.a(lib_a-fflush.o)
                0x08003570                __sflush_r
 .text._fflush_r
                0x0800367c       0x78 c:/gnu arm embedded toolchain/9 2020-q2-update/bin/../lib/gcc/arm-none-eabi/9.3.1/../../../../arm-none-eabi/lib/thumb/v7e-m+fp/hard\libc_nano.a(lib_a-fflush.o)
                0x0800367c                _fflush_r
 .text.std      0x080036f4       0x48 c:/gnu arm embedded toolchain/9 2020-q2-update/bin/../lib/gcc/arm-none-eabi/9.3.1/../../../../arm-none-eabi/lib/thumb/v7e-m+fp/hard\libc_nano.a(lib_a-findfp.o)
 .text._cleanup_r
                0x0800373c        0xc c:/gnu arm embedded toolchain/9 2020-q2-update/bin/../lib/gcc/arm-none-eabi/9.3.1/../../../../arm-none-eabi/lib/thumb/v7e-m+fp/hard\libc_nano.a(lib_a-findfp.o)
                0x0800373c                _cleanup_r
 .text.__sfmoreglue
                0x08003748       0x2c c:/gnu arm embedded toolchain/9 2020-q2-update/bin/../lib/gcc/arm-none-eabi/9.3.1/../../../../arm-none-eabi/lib/thumb/v7e-m+fp/hard\libc_nano.a(lib_a-findfp.o)
                0x08003748                __sfmoreglue
 .text.__sfp_lock_acquire
                0x08003774        0xc c:/gnu arm embedded toolchain/9 2020-q2-update/bin/../lib/gcc/arm-none-eabi/9.3.1/../../../../arm-none-eabi/lib/thumb/v7e-m+fp/hard\libc_nano.a(lib_a-findfp.o)
                0x08003774                __sfp_lock_acquire
 .text.__sfp_lock_release
                0x08003780        0xc c:/gnu arm embedded toolchain/9 2020-q2-update/bin/../lib/gcc/arm-none-eabi/9.3.1/../../../../arm-none-eabi/lib/thumb/v7e-m+fp/hard\libc_nano.a(lib_a-findfp.o)
                0x08003780                __sfp_lock_release
 .text.__sinit_lock_acquire
                0x0800378c        0xc c:/gnu arm embedded toolchain/9 2020-q2-update/bin/../lib/gcc/arm-none-eabi/9.3.1/../../../../arm-none-eabi/lib/thumb/v7e-m+fp/hard\libc_nano.a(lib_a-findfp.o)
                0x0800378c                __sinit_lock_acquire
 .text.__sinit_lock_release
                0x08003798        0xc c:/gnu arm embedded toolchain/9 2020-q2-update/bin/../lib/gcc/arm-none-eabi/9.3.1/../../../../arm-none-eabi/lib/thumb/v7e-m+fp/hard\libc_nano.a(lib_a-findfp.o)
                0x08003798                __sinit_lock_release
 .text.__sinit  0x080037a4       0x70 c:/gnu arm embedded toolchain/9 2020-q2-update/bin/../lib/gcc/arm-none-eabi/9.3.1/../../../../arm-none-eabi/lib/thumb/v7e-m+fp/hard\libc_nano.a(lib_a-findfp.o)
                0x080037a4                __sinit
 .text.__sfp    0x08003814       0x8c c:/gnu arm embedded toolchain/9 2020-q2-update/bin/../lib/gcc/arm-none-eabi/9.3.1/../../../../arm-none-eabi/lib/thumb/v7e-m+fp/hard\libc_nano.a(lib_a-findfp.o)
                0x08003814                __sfp
 .text._fwalk_reent
                0x080038a0       0x3e c:/gnu arm embedded toolchain/9 2020-q2-update/bin/../lib/gcc/arm-none-eabi/9.3.1/../../../../arm-none-eabi/lib/thumb/v7e-m+fp/hard\libc_nano.a(lib_a-fwalk.o)
                0x080038a0                _fwalk_reent
 .text.__retarget_lock_init_recursive
                0x080038de        0x2 c:/gnu arm embedded toolchain/9 2020-q2-update/bin/../lib/gcc/arm-none-eabi/9.3.1/../../../../arm-none-eabi/lib/thumb/v7e-m+fp/hard\libc_nano.a(lib_a-lock.o)
                0x080038de                __retarget_lock_init_recursive
 .text.__retarget_lock_acquire_recursive
                0x080038e0        0x2 c:/gnu arm embedded toolchain/9 2020-q2-update/bin/../lib/gcc/arm-none-eabi/9.3.1/../../../../arm-none-eabi/lib/thumb/v7e-m+fp/hard\libc_nano.a(lib_a-lock.o)
                0x080038e0                __retarget_lock_acquire_recursive
 .text.__retarget_lock_release_recursive
                0x080038e2        0x2 c:/gnu arm embedded toolchain/9 2020-q2-update/bin/../lib/gcc/arm-none-eabi/9.3.1/../../../../arm-none-eabi/lib/thumb/v7e-m+fp/hard\libc_nano.a(lib_a-lock.o)
                0x080038e2                __retarget_lock_release_recursive
 .text.__swhatbuf_r
                0x080038e4       0x48 c:/gnu arm embedded toolchain/9 2020-q2-update/bin/../lib/gcc/arm-none-eabi/9.3.1/../../../../arm-none-eabi/lib/thumb/v7e-m+fp/hard\libc_nano.a(lib_a-makebuf.o)
                0x080038e4                __swhatbuf_r
 .text.__smakebuf_r
                0x0800392c       0x80 c:/gnu arm embedded toolchain/9 2020-q2-update/bin/../lib/gcc/arm-none-eabi/9.3.1/../../../../arm-none-eabi/lib/thumb/v7e-m+fp/hard\libc_nano.a(lib_a-makebuf.o)
                0x0800392c                __smakebuf_r
 .text._free_r  0x080039ac       0xa0 c:/gnu arm embedded toolchain/9 2020-q2-update/bin/../lib/gcc/arm-none-eabi/9.3.1/../../../../arm-none-eabi/lib/thumb/v7e-m+fp/hard\libc_nano.a(lib_a-nano-freer.o)
                0x080039ac                _free_r
 .text._malloc_r
                0x08003a4c       0xb4 c:/gnu arm embedded toolchain/9 2020-q2-update/bin/../lib/gcc/arm-none-eabi/9.3.1/../../../../arm-none-eabi/lib/thumb/v7e-m+fp/hard\libc_nano.a(lib_a-nano-mallocr.o)
                0x08003a4c                _malloc_r
 .text.__sfputc_r
                0x08003b00       0x2e c:/gnu arm embedded toolchain/9 2020-q2-update/bin/../lib/gcc/arm-none-eabi/9.3.1/../../../../arm-none-eabi/lib/thumb/v7e-m+fp/hard\libc_nano.a(lib_a-nano-vfprintf.o)
 .text.__sfputs_r
                0x08003b2e       0x24 c:/gnu arm embedded toolchain/9 2020-q2-update/bin/../lib/gcc/arm-none-eabi/9.3.1/../../../../arm-none-eabi/lib/thumb/v7e-m+fp/hard\libc_nano.a(lib_a-nano-vfprintf.o)
                0x08003b2e                __sfputs_r
 *fill*         0x08003b52        0x2 
 .text._vfprintf_r
                0x08003b54      0x260 c:/gnu arm embedded toolchain/9 2020-q2-update/bin/../lib/gcc/arm-none-eabi/9.3.1/../../../../arm-none-eabi/lib/thumb/v7e-m+fp/hard\libc_nano.a(lib_a-nano-vfprintf.o)
                0x08003b54                _vfprintf_r
                0x08003b54                _vfiprintf_r
 .text._printf_common
                0x08003db4       0xda c:/gnu arm embedded toolchain/9 2020-q2-update/bin/../lib/gcc/arm-none-eabi/9.3.1/../../../../arm-none-eabi/lib/thumb/v7e-m+fp/hard\libc_nano.a(lib_a-nano-vfprintf_i.o)
                0x08003db4                _printf_common
 *fill*         0x08003e8e        0x2 
 .text._printf_i
                0x08003e90      0x24c c:/gnu arm embedded toolchain/9 2020-q2-update/bin/../lib/gcc/arm-none-eabi/9.3.1/../../../../arm-none-eabi/lib/thumb/v7e-m+fp/hard\libc_nano.a(lib_a-nano-vfprintf_i.o)
                0x08003e90                _printf_i
 .text._putc_r  0x080040dc       0x90 c:/gnu arm embedded toolchain/9 2020-q2-update/bin/../lib/gcc/arm-none-eabi/9.3.1/../../../../arm-none-eabi/lib/thumb/v7e-m+fp/hard\libc_nano.a(lib_a-putc.o)
                0x080040dc                _putc_r
 .text._sbrk_r  0x0800416c       0x20 c:/gnu arm embedded toolchain/9 2020-q2-update/bin/../lib/gcc/arm-none-eabi/9.3.1/../../../../arm-none-eabi/lib/thumb/v7e-m+fp/hard\libc_nano.a(lib_a-sbrkr.o)
                0x0800416c                _sbrk_r
 .text.__sread  0x0800418c       0x22 c:/gnu arm embedded toolchain/9 2020-q2-update/bin/../lib/gcc/arm-none-eabi/9.3.1/../../../../arm-none-eabi/lib/thumb/v7e-m+fp/hard\libc_nano.a(lib_a-stdio.o)
                0x0800418c                __sread
 .text.__swrite
                0x080041ae       0x38 c:/gnu arm embedded toolchain/9 2020-q2-update/bin/../lib/gcc/arm-none-eabi/9.3.1/../../../../arm-none-eabi/lib/thumb/v7e-m+fp/hard\libc_nano.a(lib_a-stdio.o)
                0x080041ae                __swrite
 .text.__sseek  0x080041e6       0x24 c:/gnu arm embedded toolchain/9 2020-q2-update/bin/../lib/gcc/arm-none-eabi/9.3.1/../../../../arm-none-eabi/lib/thumb/v7e-m+fp/hard\libc_nano.a(lib_a-stdio.o)
                0x080041e6                __sseek
 .text.__sclose
                0x0800420a        0x8 c:/gnu arm embedded toolchain/9 2020-q2-update/bin/../lib/gcc/arm-none-eabi/9.3.1/../../../../arm-none-eabi/lib/thumb/v7e-m+fp/hard\libc_nano.a(lib_a-stdio.o)
                0x0800420a                __sclose
 *fill*         0x08004212        0x2 
 .text._write_r
                0x08004214       0x24 c:/gnu arm embedded toolchain/9 2020-q2-update/bin/../lib/gcc/arm-none-eabi/9.3.1/../../../../arm-none-eabi/lib/thumb/v7e-m+fp/hard\libc_nano.a(lib_a-writer.o)
                0x08004214                _write_r
 .text._close_r
                0x08004238       0x20 c:/gnu arm embedded toolchain/9 2020-q2-update/bin/../lib/gcc/arm-none-eabi/9.3.1/../../../../arm-none-eabi/lib/thumb/v7e-m+fp/hard\libc_nano.a(lib_a-closer.o)
                0x08004238                _close_r
 .text._fstat_r
                0x08004258       0x24 c:/gnu arm embedded toolchain/9 2020-q2-update/bin/../lib/gcc/arm-none-eabi/9.3.1/../../../../arm-none-eabi/lib/thumb/v7e-m+fp/hard\libc_nano.a(lib_a-fstatr.o)
                0x08004258                _fstat_r
 .text._isatty_r
                0x0800427c       0x20 c:/gnu arm embedded toolchain/9 2020-q2-update/bin/../lib/gcc/arm-none-eabi/9.3.1/../../../../arm-none-eabi/lib/thumb/v7e-m+fp/hard\libc_nano.a(lib_a-isattyr.o)
                0x0800427c                _isatty_r
 .text._lseek_r
                0x0800429c       0x24 c:/gnu arm embedded toolchain/9 2020-q2-update/bin/../lib/gcc/arm-none-eabi/9.3.1/../../../../arm-none-eabi/lib/thumb/v7e-m+fp/hard\libc_nano.a(lib_a-lseekr.o)
                0x0800429c                _lseek_r
 .text.__malloc_lock
                0x080042c0        0xc c:/gnu arm embedded toolchain/9 2020-q2-update/bin/../lib/gcc/arm-none-eabi/9.3.1/../../../../arm-none-eabi/lib/thumb/v7e-m+fp/hard\libc_nano.a(lib_a-mlock.o)
                0x080042c0                __malloc_lock
 .text.__malloc_unlock
                0x080042cc        0xc c:/gnu arm embedded toolchain/9 2020-q2-update/bin/../lib/gcc/arm-none-eabi/9.3.1/../../../../arm-none-eabi/lib/thumb/v7e-m+fp/hard\libc_nano.a(lib_a-mlock.o)
                0x080042cc                __malloc_unlock
 .text._read_r  0x080042d8       0x24 c:/gnu arm embedded toolchain/9 2020-q2-update/bin/../lib/gcc/arm-none-eabi/9.3.1/../../../../arm-none-eabi/lib/thumb/v7e-m+fp/hard\libc_nano.a(lib_a-readr.o)
                0x080042d8                _read_r
 .text._close   0x080042fc       0x10 c:/gnu arm embedded toolchain/9 2020-q2-update/bin/../lib/gcc/arm-none-eabi/9.3.1/../../../../arm-none-eabi/lib/thumb/v7e-m+fp/hard\libnosys.a(close.o)
                0x080042fc                _close
 .text._fstat   0x0800430c       0x10 c:/gnu arm embedded toolchain/9 2020-q2-update/bin/../lib/gcc/arm-none-eabi/9.3.1/../../../../arm-none-eabi/lib/thumb/v7e-m+fp/hard\libnosys.a(fstat.o)
                0x0800430c                _fstat
 .text._isatty  0x0800431c       0x10 c:/gnu arm embedded toolchain/9 2020-q2-update/bin/../lib/gcc/arm-none-eabi/9.3.1/../../../../arm-none-eabi/lib/thumb/v7e-m+fp/hard\libnosys.a(isatty.o)
                0x0800431c                _isatty
 .text._lseek   0x0800432c       0x10 c:/gnu arm embedded toolchain/9 2020-q2-update/bin/../lib/gcc/arm-none-eabi/9.3.1/../../../../arm-none-eabi/lib/thumb/v7e-m+fp/hard\libnosys.a(lseek.o)
                0x0800432c                _lseek
 .text._read    0x0800433c       0x10 c:/gnu arm embedded toolchain/9 2020-q2-update/bin/../lib/gcc/arm-none-eabi/9.3.1/../../../../arm-none-eabi/lib/thumb/v7e-m+fp/hard\libnosys.a(read.o)
                0x0800433c                _read
 .text._sbrk    0x0800434c       0x1c c:/gnu arm embedded toolchain/9 2020-q2-update/bin/../lib/gcc/arm-none-eabi/9.3.1/../../../../arm-none-eabi/lib/thumb/v7e-m+fp/hard\libnosys.a(sbrk.o)
                0x0800434c                _sbrk
 .text._write   0x08004368       0x10 c:/gnu arm embedded toolchain/9 2020-q2-update/bin/../lib/gcc/arm-none-eabi/9.3.1/../../../../arm-none-eabi/lib/thumb/v7e-m+fp/hard\libnosys.a(write.o)
                0x08004368                _write
 *(.glue_7)
 .glue_7        0x08004378        0x0 linker stubs
 *(.glue_7t)
 .glue_7t       0x08004378        0x0 linker stubs
 *(.eh_frame)
 .eh_frame      0x08004378        0x0 c:/gnu arm embedded toolchain/9 2020-q2-update/bin/../lib/gcc/arm-none-eabi/9.3.1/thumb/v7e-m+fp/hard/crtbegin.o
 *(.init)
 .init          0x08004378        0x4 c:/gnu arm embedded toolchain/9 2020-q2-update/bin/../lib/gcc/arm-none-eabi/9.3.1/thumb/v7e-m+fp/hard/crti.o
                0x08004378                _init
 .init          0x0800437c        0x8 c:/gnu arm embedded toolchain/9 2020-q2-update/bin/../lib/gcc/arm-none-eabi/9.3.1/thumb/v7e-m+fp/hard/crtn.o
 *(.fini)
 .fini          0x08004384        0x4 c:/gnu arm embedded toolchain/9 2020-q2-update/bin/../lib/gcc/arm-none-eabi/9.3.1/thumb/v7e-m+fp/hard/crti.o
                0x08004384                _fini
 .fini          0x08004388        0x8 c:/gnu arm embedded toolchain/9 2020-q2-update/bin/../lib/gcc/arm-none-eabi/9.3.1/thumb/v7e-m+fp/hard/crtn.o
                0x08004390                . = ALIGN (0x8)
                0x08004390                _etext = .

.vfp11_veneer   0x08004390        0x0
 .vfp11_veneer  0x08004390        0x0 linker stubs

.v4_bx          0x08004390        0x0
 .v4_bx         0x08004390        0x0 linker stubs

.iplt           0x08004390        0x0
 .iplt          0x08004390        0x0 c:/gnu arm embedded toolchain/9 2020-q2-update/bin/../lib/gcc/arm-none-eabi/9.3.1/thumb/v7e-m+fp/hard/crtbegin.o

.rodata         0x08004390      0x340
                0x08004390                . = ALIGN (0x8)
 *(.rodata)
 *(.rodata*)
 .rodata.cli_reboot.str1.4
                0x08004390       0x1a build/sys_command_line.o
 *fill*         0x080043aa        0x2 
 .rodata.junfeng_pInit.str1.4
                0x080043ac       0x25 build/sys_command_line.o
 *fill*         0x080043d1        0x3 
 .rodata.junfeng_pFun.str1.4
                0x080043d4       0x28 build/sys_command_line.o
 .rodata.cli_rx_handle.str1.4
                0x080043fc       0x9f build/sys_command_line.o
 *fill*         0x0800449b        0x1 
 .rodata.cli_init.str1.4
                0x0800449c       0xea build/sys_command_line.o
 *fill*         0x08004586        0x2 
 .rodata.str1.4
                0x08004588       0x27 build/sys_command_line.o
 *fill*         0x080045af        0x1 
 .rodata.CLI_Cmd
                0x080045b0       0x20 build/sys_command_line.o
                0x080045b0                CLI_Cmd
 .rodata.CLI_Cmd_Reboot
                0x080045d0       0x1c build/sys_command_line.o
                0x080045d0                CLI_Cmd_Reboot
 .rodata.AHBPrescTable
                0x080045ec       0x10 build/system_stm32l4xx.o
                0x080045ec                AHBPrescTable
 .rodata.APBPrescTable
                0x080045fc        0x8 build/system_stm32l4xx.o
                0x080045fc                APBPrescTable
 .rodata.MSIRangeTable
                0x08004604       0x30 build/system_stm32l4xx.o
                0x08004604                MSIRangeTable
 .rodata._global_impure_ptr
                0x08004634        0x4 c:/gnu arm embedded toolchain/9 2020-q2-update/bin/../lib/gcc/arm-none-eabi/9.3.1/../../../../arm-none-eabi/lib/thumb/v7e-m+fp/hard\libc_nano.a(lib_a-impure.o)
                0x08004634                _global_impure_ptr
 .rodata.__sf_fake_stderr
                0x08004638       0x20 c:/gnu arm embedded toolchain/9 2020-q2-update/bin/../lib/gcc/arm-none-eabi/9.3.1/../../../../arm-none-eabi/lib/thumb/v7e-m+fp/hard\libc_nano.a(lib_a-findfp.o)
                0x08004638                __sf_fake_stderr
 .rodata.__sf_fake_stdin
                0x08004658       0x20 c:/gnu arm embedded toolchain/9 2020-q2-update/bin/../lib/gcc/arm-none-eabi/9.3.1/../../../../arm-none-eabi/lib/thumb/v7e-m+fp/hard\libc_nano.a(lib_a-findfp.o)
                0x08004658                __sf_fake_stdin
 .rodata.__sf_fake_stdout
                0x08004678       0x20 c:/gnu arm embedded toolchain/9 2020-q2-update/bin/../lib/gcc/arm-none-eabi/9.3.1/../../../../arm-none-eabi/lib/thumb/v7e-m+fp/hard\libc_nano.a(lib_a-findfp.o)
                0x08004678                __sf_fake_stdout
 .rodata._vfprintf_r.str1.1
                0x08004698       0x11 c:/gnu arm embedded toolchain/9 2020-q2-update/bin/../lib/gcc/arm-none-eabi/9.3.1/../../../../arm-none-eabi/lib/thumb/v7e-m+fp/hard\libc_nano.a(lib_a-nano-vfprintf.o)
 .rodata._printf_i.str1.1
                0x080046a9       0x22 c:/gnu arm embedded toolchain/9 2020-q2-update/bin/../lib/gcc/arm-none-eabi/9.3.1/../../../../arm-none-eabi/lib/thumb/v7e-m+fp/hard\libc_nano.a(lib_a-nano-vfprintf_i.o)
                0x080046d0                . = ALIGN (0x8)
 *fill*         0x080046cb        0x5 

.ARM.extab      0x080046d0        0x0
                0x080046d0                . = ALIGN (0x8)
 *(.ARM.extab* .gnu.linkonce.armextab.*)
                0x080046d0                . = ALIGN (0x8)

.ARM            0x080046d0        0x8
                0x080046d0                . = ALIGN (0x8)
                0x080046d0                __exidx_start = .
 *(.ARM.exidx*)
 .ARM.exidx     0x080046d0        0x8 c:/gnu arm embedded toolchain/9 2020-q2-update/bin/../lib/gcc/arm-none-eabi/9.3.1/thumb/v7e-m+fp/hard\libgcc.a(_udivmoddi4.o)
                0x080046d8                __exidx_end = .
                0x080046d8                . = ALIGN (0x8)

.rel.dyn        0x080046d8        0x0
 .rel.iplt      0x080046d8        0x0 c:/gnu arm embedded toolchain/9 2020-q2-update/bin/../lib/gcc/arm-none-eabi/9.3.1/thumb/v7e-m+fp/hard/crtbegin.o

.preinit_array  0x080046d8        0x0
                0x080046d8                . = ALIGN (0x8)
                0x080046d8                PROVIDE (__preinit_array_start = .)
 *(.preinit_array*)
                0x080046d8                PROVIDE (__preinit_array_end = .)
                0x080046d8                . = ALIGN (0x8)

.init_array     0x080046d8        0x8
                0x080046d8                . = ALIGN (0x8)
                0x080046d8                PROVIDE (__init_array_start = .)
 *(SORT_BY_NAME(.init_array.*))
 *(.init_array*)
 .init_array    0x080046d8        0x4 c:/gnu arm embedded toolchain/9 2020-q2-update/bin/../lib/gcc/arm-none-eabi/9.3.1/thumb/v7e-m+fp/hard/crtbegin.o
                0x080046dc                PROVIDE (__init_array_end = .)
                0x080046e0                . = ALIGN (0x8)
 *fill*         0x080046dc        0x4 

.fini_array     0x080046e0        0x8
                0x080046e0                . = ALIGN (0x8)
                [!provide]                PROVIDE (__fini_array_start = .)
 *(SORT_BY_NAME(.fini_array.*))
 *(.fini_array*)
 .fini_array    0x080046e0        0x4 c:/gnu arm embedded toolchain/9 2020-q2-update/bin/../lib/gcc/arm-none-eabi/9.3.1/thumb/v7e-m+fp/hard/crtbegin.o
                [!provide]                PROVIDE (__fini_array_end = .)
                0x080046e8                . = ALIGN (0x8)
 *fill*         0x080046e4        0x4 
                0x080046e8                _sidata = LOADADDR (.data)

.data           0x20000000       0x70 load address 0x080046e8
                0x20000000                . = ALIGN (0x8)
                0x20000000                _sdata = .
 *(.data)
 *(.data*)
 .data.uwTickFreq
                0x20000000        0x1 build/stm32l4xx_hal.o
                0x20000000                uwTickFreq
 *fill*         0x20000001        0x3 
 .data.uwTickPrio
                0x20000004        0x4 build/stm32l4xx_hal.o
                0x20000004                uwTickPrio
 .data.SystemCoreClock
                0x20000008        0x4 build/system_stm32l4xx.o
                0x20000008                SystemCoreClock
 .data._impure_ptr
                0x2000000c        0x4 c:/gnu arm embedded toolchain/9 2020-q2-update/bin/../lib/gcc/arm-none-eabi/9.3.1/../../../../arm-none-eabi/lib/thumb/v7e-m+fp/hard\libc_nano.a(lib_a-impure.o)
                0x2000000c                _impure_ptr
 .data.impure_data
                0x20000010       0x60 c:/gnu arm embedded toolchain/9 2020-q2-update/bin/../lib/gcc/arm-none-eabi/9.3.1/../../../../arm-none-eabi/lib/thumb/v7e-m+fp/hard\libc_nano.a(lib_a-impure.o)
                0x20000070                . = ALIGN (0x8)
                0x20000070                _edata = .

.igot.plt       0x20000070        0x0 load address 0x08004758
 .igot.plt      0x20000070        0x0 c:/gnu arm embedded toolchain/9 2020-q2-update/bin/../lib/gcc/arm-none-eabi/9.3.1/thumb/v7e-m+fp/hard/crtbegin.o
                0x20000070                . = ALIGN (0x4)

.bss            0x20000070      0x990 load address 0x08004758
                0x20000070                _sbss = .
                0x20000070                __bss_start__ = _sbss
 *(.bss)
 .bss           0x20000070       0x1c c:/gnu arm embedded toolchain/9 2020-q2-update/bin/../lib/gcc/arm-none-eabi/9.3.1/thumb/v7e-m+fp/hard/crtbegin.o
 *(.bss*)
 .bss.Handle.10081
                0x2000008c       0x81 build/sys_command_line.o
 .bss.cli_echo_flag
                0x2000010d        0x1 build/sys_command_line.o
                0x2000010d                cli_echo_flag
 *fill*         0x2000010e        0x2 
 .bss.history   0x20000110      0x503 build/sys_command_line.o
 *fill*         0x20000613        0x1 
 .bss.__malloc_free_list
                0x20000614        0x4 c:/gnu arm embedded toolchain/9 2020-q2-update/bin/../lib/gcc/arm-none-eabi/9.3.1/../../../../arm-none-eabi/lib/thumb/v7e-m+fp/hard\libc_nano.a(lib_a-nano-mallocr.o)
                0x20000614                __malloc_free_list
 .bss.__malloc_sbrk_start
                0x20000618        0x4 c:/gnu arm embedded toolchain/9 2020-q2-update/bin/../lib/gcc/arm-none-eabi/9.3.1/../../../../arm-none-eabi/lib/thumb/v7e-m+fp/hard\libc_nano.a(lib_a-nano-mallocr.o)
                0x20000618                __malloc_sbrk_start
 .bss.heap_end.5507
                0x2000061c        0x4 c:/gnu arm embedded toolchain/9 2020-q2-update/bin/../lib/gcc/arm-none-eabi/9.3.1/../../../../arm-none-eabi/lib/thumb/v7e-m+fp/hard\libnosys.a(sbrk.o)
 *(COMMON)
 COMMON         0x20000620      0x178 build/main.o
                0x20000620                rx_buffer
                0x20000634                huart1
                0x200006b4                hspi1
                0x20000718                huart2
 COMMON         0x20000798      0x12e build/modbus_master.o
                0x20000798                _u16ReadQty
                0x2000079c                _postTransmission
                0x200007a0                _u8ResponseBufferIndex
                0x200007a4                _preTransmission
                0x200007a8                _u16WriteQty
                0x200007aa                _u8MBSlave
                0x200007ac                u16TransmitBufferLength
                0x200007b0                _u16TransmitBuffer
                0x20000830                _u16ReadAddress
                0x20000832                _u8TransmitBufferIndex
                0x20000834                _idle
                0x20000838                rxBuffer
                0x2000083c                _u8ResponseBufferLength
                0x20000840                _u16ResponseBuffer
                0x200008c0                txBuffer
                0x200008c4                _u16WriteAddress
 *fill*         0x200008c6        0x2 
 COMMON         0x200008c8       0xdc build/trans_recieve_buff_control.o
                0x200008c8                m_Modbus_Master_RX_Buff
                0x20000990                m_Modbus_Master_RX_RingBuff
 COMMON         0x200009a4       0x46 build/sys_command_line.o
                0x200009a4                cli_rx_buff
 *fill*         0x200009ea        0x2 
 COMMON         0x200009ec        0x4 build/stm32l4xx_hal.o
                0x200009ec                uwTick
 COMMON         0x200009f0        0x9 c:/gnu arm embedded toolchain/9 2020-q2-update/bin/../lib/gcc/arm-none-eabi/9.3.1/../../../../arm-none-eabi/lib/thumb/v7e-m+fp/hard\libc_nano.a(lib_a-lock.o)
                0x200009f0                __lock___atexit_recursive_mutex
                0x200009f1                __lock___arc4random_mutex
                0x200009f2                __lock___env_recursive_mutex
                0x200009f3                __lock___sinit_recursive_mutex
                0x200009f4                __lock___malloc_recursive_mutex
                0x200009f5                __lock___at_quick_exit_mutex
                0x200009f6                __lock___dd_hash_mutex
                0x200009f7                __lock___tz_mutex
                0x200009f8                __lock___sfp_recursive_mutex
 *fill*         0x200009f9        0x3 
 COMMON         0x200009fc        0x4 c:/gnu arm embedded toolchain/9 2020-q2-update/bin/../lib/gcc/arm-none-eabi/9.3.1/../../../../arm-none-eabi/lib/thumb/v7e-m+fp/hard\libc_nano.a(lib_a-reent.o)
                0x200009fc                errno
                0x20000a00                . = ALIGN (0x4)
                0x20000a00                _ebss = .
                0x20000a00                __bss_end__ = _ebss

._user_heap_stack
                0x20000a00      0x600 load address 0x08004758
                0x20000a00                . = ALIGN (0x8)
                0x20000a00                PROVIDE (end = .)
                [!provide]                PROVIDE (_end = .)
                0x20000c00                . = (. + _Min_Heap_Size)
 *fill*         0x20000a00      0x200 
                0x20001000                . = (. + _Min_Stack_Size)
 *fill*         0x20000c00      0x400 
                0x20001000                . = ALIGN (0x8)

/DISCARD/
 libc.a(*)
 libm.a(*)
 libgcc.a(*)

.ARM.attributes
                0x00000000       0x30
 *(.ARM.attributes)
 .ARM.attributes
                0x00000000       0x1e c:/gnu arm embedded toolchain/9 2020-q2-update/bin/../lib/gcc/arm-none-eabi/9.3.1/thumb/v7e-m+fp/hard/crti.o
 .ARM.attributes
                0x0000001e       0x34 c:/gnu arm embedded toolchain/9 2020-q2-update/bin/../lib/gcc/arm-none-eabi/9.3.1/thumb/v7e-m+fp/hard/crtbegin.o
 .ARM.attributes
                0x00000052       0x34 build/main.o
 .ARM.attributes
                0x00000086       0x34 build/CAT_Com.o
 .ARM.attributes
                0x000000ba       0x34 build/modbus_master.o
 .ARM.attributes
                0x000000ee       0x34 build/ringbuffer.o
 .ARM.attributes
                0x00000122       0x34 build/trans_recieve_buff_control.o
 .ARM.attributes
                0x00000156       0x34 build/sys_command_line.o
 .ARM.attributes
                0x0000018a       0x34 build/sys_queue.o
 .ARM.attributes
                0x000001be       0x34 build/stm32l4xx_it.o
 .ARM.attributes
                0x000001f2       0x34 build/stm32l4xx_hal_msp.o
 .ARM.attributes
                0x00000226       0x34 build/stm32l4xx_hal_spi.o
 .ARM.attributes
                0x0000025a       0x34 build/stm32l4xx_hal.o
 .ARM.attributes
                0x0000028e       0x34 build/stm32l4xx_hal_rcc.o
 .ARM.attributes
                0x000002c2       0x34 build/stm32l4xx_hal_rcc_ex.o
 .ARM.attributes
                0x000002f6       0x34 build/stm32l4xx_hal_gpio.o
 .ARM.attributes
                0x0000032a       0x34 build/stm32l4xx_hal_dma.o
 .ARM.attributes
                0x0000035e       0x34 build/stm32l4xx_hal_pwr_ex.o
 .ARM.attributes
                0x00000392       0x34 build/stm32l4xx_hal_cortex.o
 .ARM.attributes
                0x000003c6       0x34 build/stm32l4xx_hal_uart.o
 .ARM.attributes
                0x000003fa       0x34 build/stm32l4xx_hal_uart_ex.o
 .ARM.attributes
                0x0000042e       0x34 build/system_stm32l4xx.o
 .ARM.attributes
                0x00000462       0x21 build/startup_stm32l476xx.o
 .ARM.attributes
                0x00000483       0x32 c:/gnu arm embedded toolchain/9 2020-q2-update/bin/../lib/gcc/arm-none-eabi/9.3.1/../../../../arm-none-eabi/lib/thumb/v7e-m+fp/hard\libc_nano.a(lib_a-impure.o)
 .ARM.attributes
                0x000004b5       0x34 c:/gnu arm embedded toolchain/9 2020-q2-update/bin/../lib/gcc/arm-none-eabi/9.3.1/../../../../arm-none-eabi/lib/thumb/v7e-m+fp/hard\libc_nano.a(lib_a-init.o)
 .ARM.attributes
                0x000004e9       0x34 c:/gnu arm embedded toolchain/9 2020-q2-update/bin/../lib/gcc/arm-none-eabi/9.3.1/../../../../arm-none-eabi/lib/thumb/v7e-m+fp/hard\libc_nano.a(lib_a-memcmp.o)
 .ARM.attributes
                0x0000051d       0x34 c:/gnu arm embedded toolchain/9 2020-q2-update/bin/../lib/gcc/arm-none-eabi/9.3.1/../../../../arm-none-eabi/lib/thumb/v7e-m+fp/hard\libc_nano.a(lib_a-memcpy-stub.o)
 .ARM.attributes
                0x00000551       0x34 c:/gnu arm embedded toolchain/9 2020-q2-update/bin/../lib/gcc/arm-none-eabi/9.3.1/../../../../arm-none-eabi/lib/thumb/v7e-m+fp/hard\libc_nano.a(lib_a-memset.o)
 .ARM.attributes
                0x00000585       0x34 c:/gnu arm embedded toolchain/9 2020-q2-update/bin/../lib/gcc/arm-none-eabi/9.3.1/../../../../arm-none-eabi/lib/thumb/v7e-m+fp/hard\libc_nano.a(lib_a-printf.o)
 .ARM.attributes
                0x000005b9       0x34 c:/gnu arm embedded toolchain/9 2020-q2-update/bin/../lib/gcc/arm-none-eabi/9.3.1/../../../../arm-none-eabi/lib/thumb/v7e-m+fp/hard\libc_nano.a(lib_a-putchar.o)
 .ARM.attributes
                0x000005ed       0x34 c:/gnu arm embedded toolchain/9 2020-q2-update/bin/../lib/gcc/arm-none-eabi/9.3.1/../../../../arm-none-eabi/lib/thumb/v7e-m+fp/hard\libc_nano.a(lib_a-puts.o)
 .ARM.attributes
                0x00000621       0x17 c:/gnu arm embedded toolchain/9 2020-q2-update/bin/../lib/gcc/arm-none-eabi/9.3.1/../../../../arm-none-eabi/lib/thumb/v7e-m+fp/hard\libc_nano.a(lib_a-strlen.o)
 .ARM.attributes
                0x00000638       0x34 c:/gnu arm embedded toolchain/9 2020-q2-update/bin/../lib/gcc/arm-none-eabi/9.3.1/../../../../arm-none-eabi/lib/thumb/v7e-m+fp/hard\libc_nano.a(lib_a-strncmp.o)
 .ARM.attributes
                0x0000066c       0x34 c:/gnu arm embedded toolchain/9 2020-q2-update/bin/../lib/gcc/arm-none-eabi/9.3.1/../../../../arm-none-eabi/lib/thumb/v7e-m+fp/hard\libc_nano.a(lib_a-strstr.o)
 .ARM.attributes
                0x000006a0       0x34 c:/gnu arm embedded toolchain/9 2020-q2-update/bin/../lib/gcc/arm-none-eabi/9.3.1/../../../../arm-none-eabi/lib/thumb/v7e-m+fp/hard\libc_nano.a(lib_a-wbuf.o)
 .ARM.attributes
                0x000006d4       0x34 c:/gnu arm embedded toolchain/9 2020-q2-update/bin/../lib/gcc/arm-none-eabi/9.3.1/../../../../arm-none-eabi/lib/thumb/v7e-m+fp/hard\libc_nano.a(lib_a-wsetup.o)
 .ARM.attributes
                0x00000708       0x34 c:/gnu arm embedded toolchain/9 2020-q2-update/bin/../lib/gcc/arm-none-eabi/9.3.1/../../../../arm-none-eabi/lib/thumb/v7e-m+fp/hard\libc_nano.a(lib_a-fflush.o)
 .ARM.attributes
                0x0000073c       0x34 c:/gnu arm embedded toolchain/9 2020-q2-update/bin/../lib/gcc/arm-none-eabi/9.3.1/../../../../arm-none-eabi/lib/thumb/v7e-m+fp/hard\libc_nano.a(lib_a-findfp.o)
 .ARM.attributes
                0x00000770       0x34 c:/gnu arm embedded toolchain/9 2020-q2-update/bin/../lib/gcc/arm-none-eabi/9.3.1/../../../../arm-none-eabi/lib/thumb/v7e-m+fp/hard\libc_nano.a(lib_a-fwalk.o)
 .ARM.attributes
                0x000007a4       0x34 c:/gnu arm embedded toolchain/9 2020-q2-update/bin/../lib/gcc/arm-none-eabi/9.3.1/../../../../arm-none-eabi/lib/thumb/v7e-m+fp/hard\libc_nano.a(lib_a-lock.o)
 .ARM.attributes
                0x000007d8       0x34 c:/gnu arm embedded toolchain/9 2020-q2-update/bin/../lib/gcc/arm-none-eabi/9.3.1/../../../../arm-none-eabi/lib/thumb/v7e-m+fp/hard\libc_nano.a(lib_a-makebuf.o)
 .ARM.attributes
                0x0000080c       0x34 c:/gnu arm embedded toolchain/9 2020-q2-update/bin/../lib/gcc/arm-none-eabi/9.3.1/../../../../arm-none-eabi/lib/thumb/v7e-m+fp/hard\libc_nano.a(lib_a-nano-freer.o)
 .ARM.attributes
                0x00000840       0x34 c:/gnu arm embedded toolchain/9 2020-q2-update/bin/../lib/gcc/arm-none-eabi/9.3.1/../../../../arm-none-eabi/lib/thumb/v7e-m+fp/hard\libc_nano.a(lib_a-nano-mallocr.o)
 .ARM.attributes
                0x00000874       0x34 c:/gnu arm embedded toolchain/9 2020-q2-update/bin/../lib/gcc/arm-none-eabi/9.3.1/../../../../arm-none-eabi/lib/thumb/v7e-m+fp/hard\libc_nano.a(lib_a-nano-vfprintf.o)
 .ARM.attributes
                0x000008a8       0x34 c:/gnu arm embedded toolchain/9 2020-q2-update/bin/../lib/gcc/arm-none-eabi/9.3.1/../../../../arm-none-eabi/lib/thumb/v7e-m+fp/hard\libc_nano.a(lib_a-nano-vfprintf_i.o)
 .ARM.attributes
                0x000008dc       0x34 c:/gnu arm embedded toolchain/9 2020-q2-update/bin/../lib/gcc/arm-none-eabi/9.3.1/../../../../arm-none-eabi/lib/thumb/v7e-m+fp/hard\libc_nano.a(lib_a-putc.o)
 .ARM.attributes
                0x00000910       0x34 c:/gnu arm embedded toolchain/9 2020-q2-update/bin/../lib/gcc/arm-none-eabi/9.3.1/../../../../arm-none-eabi/lib/thumb/v7e-m+fp/hard\libc_nano.a(lib_a-sbrkr.o)
 .ARM.attributes
                0x00000944       0x34 c:/gnu arm embedded toolchain/9 2020-q2-update/bin/../lib/gcc/arm-none-eabi/9.3.1/../../../../arm-none-eabi/lib/thumb/v7e-m+fp/hard\libc_nano.a(lib_a-stdio.o)
 .ARM.attributes
                0x00000978       0x34 c:/gnu arm embedded toolchain/9 2020-q2-update/bin/../lib/gcc/arm-none-eabi/9.3.1/../../../../arm-none-eabi/lib/thumb/v7e-m+fp/hard\libc_nano.a(lib_a-writer.o)
 .ARM.attributes
                0x000009ac       0x34 c:/gnu arm embedded toolchain/9 2020-q2-update/bin/../lib/gcc/arm-none-eabi/9.3.1/../../../../arm-none-eabi/lib/thumb/v7e-m+fp/hard\libc_nano.a(lib_a-closer.o)
 .ARM.attributes
                0x000009e0       0x34 c:/gnu arm embedded toolchain/9 2020-q2-update/bin/../lib/gcc/arm-none-eabi/9.3.1/../../../../arm-none-eabi/lib/thumb/v7e-m+fp/hard\libc_nano.a(lib_a-fstatr.o)
 .ARM.attributes
                0x00000a14       0x34 c:/gnu arm embedded toolchain/9 2020-q2-update/bin/../lib/gcc/arm-none-eabi/9.3.1/../../../../arm-none-eabi/lib/thumb/v7e-m+fp/hard\libc_nano.a(lib_a-isattyr.o)
 .ARM.attributes
                0x00000a48       0x34 c:/gnu arm embedded toolchain/9 2020-q2-update/bin/../lib/gcc/arm-none-eabi/9.3.1/../../../../arm-none-eabi/lib/thumb/v7e-m+fp/hard\libc_nano.a(lib_a-lseekr.o)
 .ARM.attributes
                0x00000a7c       0x1c c:/gnu arm embedded toolchain/9 2020-q2-update/bin/../lib/gcc/arm-none-eabi/9.3.1/../../../../arm-none-eabi/lib/thumb/v7e-m+fp/hard\libc_nano.a(lib_a-memchr.o)
 .ARM.attributes
                0x00000a98       0x34 c:/gnu arm embedded toolchain/9 2020-q2-update/bin/../lib/gcc/arm-none-eabi/9.3.1/../../../../arm-none-eabi/lib/thumb/v7e-m+fp/hard\libc_nano.a(lib_a-mlock.o)
 .ARM.attributes
                0x00000acc       0x34 c:/gnu arm embedded toolchain/9 2020-q2-update/bin/../lib/gcc/arm-none-eabi/9.3.1/../../../../arm-none-eabi/lib/thumb/v7e-m+fp/hard\libc_nano.a(lib_a-readr.o)
 .ARM.attributes
                0x00000b00       0x34 c:/gnu arm embedded toolchain/9 2020-q2-update/bin/../lib/gcc/arm-none-eabi/9.3.1/../../../../arm-none-eabi/lib/thumb/v7e-m+fp/hard\libc_nano.a(lib_a-reent.o)
 .ARM.attributes
                0x00000b34       0x34 c:/gnu arm embedded toolchain/9 2020-q2-update/bin/../lib/gcc/arm-none-eabi/9.3.1/../../../../arm-none-eabi/lib/thumb/v7e-m+fp/hard\libnosys.a(close.o)
 .ARM.attributes
                0x00000b68       0x34 c:/gnu arm embedded toolchain/9 2020-q2-update/bin/../lib/gcc/arm-none-eabi/9.3.1/../../../../arm-none-eabi/lib/thumb/v7e-m+fp/hard\libnosys.a(fstat.o)
 .ARM.attributes
                0x00000b9c       0x34 c:/gnu arm embedded toolchain/9 2020-q2-update/bin/../lib/gcc/arm-none-eabi/9.3.1/../../../../arm-none-eabi/lib/thumb/v7e-m+fp/hard\libnosys.a(isatty.o)
 .ARM.attributes
                0x00000bd0       0x34 c:/gnu arm embedded toolchain/9 2020-q2-update/bin/../lib/gcc/arm-none-eabi/9.3.1/../../../../arm-none-eabi/lib/thumb/v7e-m+fp/hard\libnosys.a(lseek.o)
 .ARM.attributes
                0x00000c04       0x34 c:/gnu arm embedded toolchain/9 2020-q2-update/bin/../lib/gcc/arm-none-eabi/9.3.1/../../../../arm-none-eabi/lib/thumb/v7e-m+fp/hard\libnosys.a(read.o)
 .ARM.attributes
                0x00000c38       0x34 c:/gnu arm embedded toolchain/9 2020-q2-update/bin/../lib/gcc/arm-none-eabi/9.3.1/../../../../arm-none-eabi/lib/thumb/v7e-m+fp/hard\libnosys.a(sbrk.o)
 .ARM.attributes
                0x00000c6c       0x34 c:/gnu arm embedded toolchain/9 2020-q2-update/bin/../lib/gcc/arm-none-eabi/9.3.1/../../../../arm-none-eabi/lib/thumb/v7e-m+fp/hard\libnosys.a(write.o)
 .ARM.attributes
                0x00000ca0       0x1e c:/gnu arm embedded toolchain/9 2020-q2-update/bin/../lib/gcc/arm-none-eabi/9.3.1/thumb/v7e-m+fp/hard\libgcc.a(_aeabi_uldivmod.o)
 .ARM.attributes
                0x00000cbe       0x34 c:/gnu arm embedded toolchain/9 2020-q2-update/bin/../lib/gcc/arm-none-eabi/9.3.1/thumb/v7e-m+fp/hard\libgcc.a(_udivmoddi4.o)
 .ARM.attributes
                0x00000cf2       0x1e c:/gnu arm embedded toolchain/9 2020-q2-update/bin/../lib/gcc/arm-none-eabi/9.3.1/thumb/v7e-m+fp/hard\libgcc.a(_dvmd_tls.o)
 .ARM.attributes
                0x00000d10       0x1e c:/gnu arm embedded toolchain/9 2020-q2-update/bin/../lib/gcc/arm-none-eabi/9.3.1/thumb/v7e-m+fp/hard/crtn.o
OUTPUT(build/STM32_Cat1.elf elf32-littlearm)
LOAD linker stubs
LOAD c:/gnu arm embedded toolchain/9 2020-q2-update/bin/../lib/gcc/arm-none-eabi/9.3.1/../../../../arm-none-eabi/lib/thumb/v7e-m+fp/hard\libc.a
LOAD c:/gnu arm embedded toolchain/9 2020-q2-update/bin/../lib/gcc/arm-none-eabi/9.3.1/../../../../arm-none-eabi/lib/thumb/v7e-m+fp/hard\libm.a
LOAD c:/gnu arm embedded toolchain/9 2020-q2-update/bin/../lib/gcc/arm-none-eabi/9.3.1/thumb/v7e-m+fp/hard\libgcc.a

.debug_info     0x00000000    0x1a30c
 .debug_info    0x00000000     0x272e build/main.o
 .debug_info    0x0000272e     0x131e build/CAT_Com.o
 .debug_info    0x00003a4c     0x13f8 build/modbus_master.o
 .debug_info    0x00004e44      0xec0 build/ringbuffer.o
 .debug_info    0x00005d04     0x1616 build/trans_recieve_buff_control.o
 .debug_info    0x0000731a     0x1bfc build/sys_command_line.o
 .debug_info    0x00008f16      0xf8b build/sys_queue.o
 .debug_info    0x00009ea1     0x177e build/stm32l4xx_it.o
 .debug_info    0x0000b61f     0x1e94 build/stm32l4xx_hal_msp.o
 .debug_info    0x0000d4b3     0x24f0 build/stm32l4xx_hal_spi.o
 .debug_info    0x0000f9a3     0x1017 build/stm32l4xx_hal.o
 .debug_info    0x000109ba     0x120e build/stm32l4xx_hal_rcc.o
 .debug_info    0x00011bc8     0x1612 build/stm32l4xx_hal_rcc_ex.o
 .debug_info    0x000131da      0xb7b build/stm32l4xx_hal_gpio.o
 .debug_info    0x00013d55      0xb22 build/stm32l4xx_hal_dma.o
 .debug_info    0x00014877      0xdd7 build/stm32l4xx_hal_pwr_ex.o
 .debug_info    0x0001564e     0x13a9 build/stm32l4xx_hal_cortex.o
 .debug_info    0x000169f7     0x2397 build/stm32l4xx_hal_uart.o
 .debug_info    0x00018d8e      0xd03 build/stm32l4xx_hal_uart_ex.o
 .debug_info    0x00019a91      0x859 build/system_stm32l4xx.o
 .debug_info    0x0001a2ea       0x22 build/startup_stm32l476xx.o

.debug_abbrev   0x00000000     0x35c7
 .debug_abbrev  0x00000000      0x37b build/main.o
 .debug_abbrev  0x0000037b      0x22f build/CAT_Com.o
 .debug_abbrev  0x000005aa      0x356 build/modbus_master.o
 .debug_abbrev  0x00000900      0x275 build/ringbuffer.o
 .debug_abbrev  0x00000b75      0x29e build/trans_recieve_buff_control.o
 .debug_abbrev  0x00000e13      0x495 build/sys_command_line.o
 .debug_abbrev  0x000012a8      0x279 build/sys_queue.o
 .debug_abbrev  0x00001521      0x295 build/stm32l4xx_it.o
 .debug_abbrev  0x000017b6      0x25f build/stm32l4xx_hal_msp.o
 .debug_abbrev  0x00001a15      0x2a4 build/stm32l4xx_hal_spi.o
 .debug_abbrev  0x00001cb9      0x269 build/stm32l4xx_hal.o
 .debug_abbrev  0x00001f22      0x28e build/stm32l4xx_hal_rcc.o
 .debug_abbrev  0x000021b0      0x2c3 build/stm32l4xx_hal_rcc_ex.o
 .debug_abbrev  0x00002473      0x24f build/stm32l4xx_hal_gpio.o
 .debug_abbrev  0x000026c2      0x27a build/stm32l4xx_hal_dma.o
 .debug_abbrev  0x0000293c      0x247 build/stm32l4xx_hal_pwr_ex.o
 .debug_abbrev  0x00002b83      0x3a8 build/stm32l4xx_hal_cortex.o
 .debug_abbrev  0x00002f2b      0x2ac build/stm32l4xx_hal_uart.o
 .debug_abbrev  0x000031d7      0x26b build/stm32l4xx_hal_uart_ex.o
 .debug_abbrev  0x00003442      0x173 build/system_stm32l4xx.o
 .debug_abbrev  0x000035b5       0x12 build/startup_stm32l476xx.o

.debug_loc      0x00000000     0xbe4a
 .debug_loc     0x00000000      0x1e1 build/main.o
 .debug_loc     0x000001e1       0x9d build/CAT_Com.o
 .debug_loc     0x0000027e     0x12e0 build/modbus_master.o
 .debug_loc     0x0000155e      0x127 build/ringbuffer.o
 .debug_loc     0x00001685      0x1ed build/trans_recieve_buff_control.o
 .debug_loc     0x00001872      0x5a8 build/sys_command_line.o
 .debug_loc     0x00001e1a      0x387 build/sys_queue.o
 .debug_loc     0x000021a1       0xe0 build/stm32l4xx_it.o
 .debug_loc     0x00002281      0x236 build/stm32l4xx_hal_msp.o
 .debug_loc     0x000024b7     0x276a build/stm32l4xx_hal_spi.o
 .debug_loc     0x00004c21      0x2af build/stm32l4xx_hal.o
 .debug_loc     0x00004ed0      0x99d build/stm32l4xx_hal_rcc.o
 .debug_loc     0x0000586d     0x1d29 build/stm32l4xx_hal_rcc_ex.o
 .debug_loc     0x00007596      0x410 build/stm32l4xx_hal_gpio.o
 .debug_loc     0x000079a6      0x94e build/stm32l4xx_hal_dma.o
 .debug_loc     0x000082f4      0xb66 build/stm32l4xx_hal_pwr_ex.o
 .debug_loc     0x00008e5a      0x7d4 build/stm32l4xx_hal_cortex.o
 .debug_loc     0x0000962e     0x21bd build/stm32l4xx_hal_uart.o
 .debug_loc     0x0000b7eb      0x463 build/stm32l4xx_hal_uart_ex.o
 .debug_loc     0x0000bc4e      0x1fc build/system_stm32l4xx.o

.debug_aranges  0x00000000      0xd60
 .debug_aranges
                0x00000000       0x68 build/main.o
 .debug_aranges
                0x00000068       0x28 build/CAT_Com.o
 .debug_aranges
                0x00000090       0xe0 build/modbus_master.o
 .debug_aranges
                0x00000170       0x50 build/ringbuffer.o
 .debug_aranges
                0x000001c0       0x58 build/trans_recieve_buff_control.o
 .debug_aranges
                0x00000218       0x58 build/sys_command_line.o
 .debug_aranges
                0x00000270       0x40 build/sys_queue.o
 .debug_aranges
                0x000002b0       0x90 build/stm32l4xx_it.o
 .debug_aranges
                0x00000340       0x40 build/stm32l4xx_hal_msp.o
 .debug_aranges
                0x00000380      0x1d8 build/stm32l4xx_hal_spi.o
 .debug_aranges
                0x00000558      0x130 build/stm32l4xx_hal.o
 .debug_aranges
                0x00000688       0x88 build/stm32l4xx_hal_rcc.o
 .debug_aranges
                0x00000710       0xc0 build/stm32l4xx_hal_rcc_ex.o
 .debug_aranges
                0x000007d0       0x58 build/stm32l4xx_hal_gpio.o
 .debug_aranges
                0x00000828       0x80 build/stm32l4xx_hal_dma.o
 .debug_aranges
                0x000008a8      0x150 build/stm32l4xx_hal_pwr_ex.o
 .debug_aranges
                0x000009f8       0xa8 build/stm32l4xx_hal_cortex.o
 .debug_aranges
                0x00000aa0      0x210 build/stm32l4xx_hal_uart.o
 .debug_aranges
                0x00000cb0       0x60 build/stm32l4xx_hal_uart_ex.o
 .debug_aranges
                0x00000d10       0x28 build/system_stm32l4xx.o
 .debug_aranges
                0x00000d38       0x28 build/startup_stm32l476xx.o

.debug_ranges   0x00000000      0xcc8
 .debug_ranges  0x00000000       0x58 build/main.o
 .debug_ranges  0x00000058       0x18 build/CAT_Com.o
 .debug_ranges  0x00000070       0xd0 build/modbus_master.o
 .debug_ranges  0x00000140       0x40 build/ringbuffer.o
 .debug_ranges  0x00000180       0x48 build/trans_recieve_buff_control.o
 .debug_ranges  0x000001c8       0x60 build/sys_command_line.o
 .debug_ranges  0x00000228       0x30 build/sys_queue.o
 .debug_ranges  0x00000258       0x80 build/stm32l4xx_it.o
 .debug_ranges  0x000002d8       0x30 build/stm32l4xx_hal_msp.o
 .debug_ranges  0x00000308      0x1c8 build/stm32l4xx_hal_spi.o
 .debug_ranges  0x000004d0      0x120 build/stm32l4xx_hal.o
 .debug_ranges  0x000005f0       0x90 build/stm32l4xx_hal_rcc.o
 .debug_ranges  0x00000680       0xd0 build/stm32l4xx_hal_rcc_ex.o
 .debug_ranges  0x00000750       0x48 build/stm32l4xx_hal_gpio.o
 .debug_ranges  0x00000798       0x70 build/stm32l4xx_hal_dma.o
 .debug_ranges  0x00000808      0x140 build/stm32l4xx_hal_pwr_ex.o
 .debug_ranges  0x00000948       0xf8 build/stm32l4xx_hal_cortex.o
 .debug_ranges  0x00000a40      0x200 build/stm32l4xx_hal_uart.o
 .debug_ranges  0x00000c40       0x50 build/stm32l4xx_hal_uart_ex.o
 .debug_ranges  0x00000c90       0x18 build/system_stm32l4xx.o
 .debug_ranges  0x00000ca8       0x20 build/startup_stm32l476xx.o

.debug_line     0x00000000     0xd946
 .debug_line    0x00000000      0x7a4 build/main.o
 .debug_line    0x000007a4      0x2b7 build/CAT_Com.o
 .debug_line    0x00000a5b      0xf7f build/modbus_master.o
 .debug_line    0x000019da      0x3e5 build/ringbuffer.o
 .debug_line    0x00001dbf      0x3b8 build/trans_recieve_buff_control.o
 .debug_line    0x00002177      0x839 build/sys_command_line.o
 .debug_line    0x000029b0      0x3ec build/sys_queue.o
 .debug_line    0x00002d9c      0x459 build/stm32l4xx_it.o
 .debug_line    0x000031f5      0x479 build/stm32l4xx_hal_msp.o
 .debug_line    0x0000366e     0x2905 build/stm32l4xx_hal_spi.o
 .debug_line    0x00005f73      0x6a4 build/stm32l4xx_hal.o
 .debug_line    0x00006617      0xedc build/stm32l4xx_hal_rcc.o
 .debug_line    0x000074f3     0x155a build/stm32l4xx_hal_rcc_ex.o
 .debug_line    0x00008a4d      0x717 build/stm32l4xx_hal_gpio.o
 .debug_line    0x00009164      0xa81 build/stm32l4xx_hal_dma.o
 .debug_line    0x00009be5      0xacc build/stm32l4xx_hal_pwr_ex.o
 .debug_line    0x0000a6b1      0x7bf build/stm32l4xx_hal_cortex.o
 .debug_line    0x0000ae70     0x221e build/stm32l4xx_hal_uart.o
 .debug_line    0x0000d08e      0x516 build/stm32l4xx_hal_uart_ex.o
 .debug_line    0x0000d5a4      0x32f build/system_stm32l4xx.o
 .debug_line    0x0000d8d3       0x73 build/startup_stm32l476xx.o

.debug_str      0x00000000     0x48ff
 .debug_str     0x00000000     0x18e9 build/main.o
                               0x1a20 (size before relaxing)
 .debug_str     0x000018e9       0x31 build/CAT_Com.o
                                0xbd5 (size before relaxing)
 .debug_str     0x0000191a      0x625 build/modbus_master.o
                                0xa81 (size before relaxing)
 .debug_str     0x00001f3f       0xa4 build/ringbuffer.o
                                0x898 (size before relaxing)
 .debug_str     0x00001fe3       0xb9 build/trans_recieve_buff_control.o
                                0xd6f (size before relaxing)
 .debug_str     0x0000209c      0x28f build/sys_command_line.o
                                0xb56 (size before relaxing)
 .debug_str     0x0000232b       0x3c build/sys_queue.o
                                0x86c (size before relaxing)
 .debug_str     0x00002367      0x17a build/stm32l4xx_it.o
                               0x1218 (size before relaxing)
 .debug_str     0x000024e1       0x93 build/stm32l4xx_hal_msp.o
                               0x145e (size before relaxing)
 .debug_str     0x00002574      0x5ba build/stm32l4xx_hal_spi.o
                                0xdd5 (size before relaxing)
 .debug_str     0x00002b2e      0x457 build/stm32l4xx_hal.o
                                0xf27 (size before relaxing)
 .debug_str     0x00002f85      0x25e build/stm32l4xx_hal_rcc.o
                                0xa86 (size before relaxing)
 .debug_str     0x000031e3      0x33b build/stm32l4xx_hal_rcc_ex.o
                                0xd0b (size before relaxing)
 .debug_str     0x0000351e       0xbc build/stm32l4xx_hal_gpio.o
                                0x79e (size before relaxing)
 .debug_str     0x000035da      0x234 build/stm32l4xx_hal_dma.o
                                0x86a (size before relaxing)
 .debug_str     0x0000380e      0x4a8 build/stm32l4xx_hal_pwr_ex.o
                                0xa50 (size before relaxing)
 .debug_str     0x00003cb6      0x3d1 build/stm32l4xx_hal_cortex.o
                                0xe5a (size before relaxing)
 .debug_str     0x00004087      0x69a build/stm32l4xx_hal_uart.o
                               0x1137 (size before relaxing)
 .debug_str     0x00004721      0x182 build/stm32l4xx_hal_uart_ex.o
                                0xa1e (size before relaxing)
 .debug_str     0x000048a3       0x38 build/system_stm32l4xx.o
                                0x5ec (size before relaxing)
 .debug_str     0x000048db       0x24 build/startup_stm32l476xx.o
                                 0x48 (size before relaxing)

.comment        0x00000000       0x4c
 .comment       0x00000000       0x4c build/main.o
                                 0x4d (size before relaxing)
 .comment       0x0000004c       0x4d build/CAT_Com.o
 .comment       0x0000004c       0x4d build/modbus_master.o
 .comment       0x0000004c       0x4d build/ringbuffer.o
 .comment       0x0000004c       0x4d build/trans_recieve_buff_control.o
 .comment       0x0000004c       0x4d build/sys_command_line.o
 .comment       0x0000004c       0x4d build/sys_queue.o
 .comment       0x0000004c       0x4d build/stm32l4xx_it.o
 .comment       0x0000004c       0x4d build/stm32l4xx_hal_msp.o
 .comment       0x0000004c       0x4d build/stm32l4xx_hal_spi.o
 .comment       0x0000004c       0x4d build/stm32l4xx_hal.o
 .comment       0x0000004c       0x4d build/stm32l4xx_hal_rcc.o
 .comment       0x0000004c       0x4d build/stm32l4xx_hal_rcc_ex.o
 .comment       0x0000004c       0x4d build/stm32l4xx_hal_gpio.o
 .comment       0x0000004c       0x4d build/stm32l4xx_hal_dma.o
 .comment       0x0000004c       0x4d build/stm32l4xx_hal_pwr_ex.o
 .comment       0x0000004c       0x4d build/stm32l4xx_hal_cortex.o
 .comment       0x0000004c       0x4d build/stm32l4xx_hal_uart.o
 .comment       0x0000004c       0x4d build/stm32l4xx_hal_uart_ex.o
 .comment       0x0000004c       0x4d build/system_stm32l4xx.o

.debug_frame    0x00000000     0x2b9c
 .debug_frame   0x00000000      0x114 build/main.o
 .debug_frame   0x00000114       0x44 build/CAT_Com.o
 .debug_frame   0x00000158      0x23c build/modbus_master.o
 .debug_frame   0x00000394       0x8c build/ringbuffer.o
 .debug_frame   0x00000420       0xd8 build/trans_recieve_buff_control.o
 .debug_frame   0x000004f8       0xe8 build/sys_command_line.o
 .debug_frame   0x000005e0       0x84 build/sys_queue.o
 .debug_frame   0x00000664      0x138 build/stm32l4xx_it.o
 .debug_frame   0x0000079c       0x9c build/stm32l4xx_hal_msp.o
 .debug_frame   0x00000838      0x5d4 build/stm32l4xx_hal_spi.o
 .debug_frame   0x00000e0c      0x274 build/stm32l4xx_hal.o
 .debug_frame   0x00001080      0x18c build/stm32l4xx_hal_rcc.o
 .debug_frame   0x0000120c      0x204 build/stm32l4xx_hal_rcc_ex.o
 .debug_frame   0x00001410       0xd0 build/stm32l4xx_hal_gpio.o
 .debug_frame   0x000014e0      0x158 build/stm32l4xx_hal_dma.o
 .debug_frame   0x00001638      0x298 build/stm32l4xx_hal_pwr_ex.o
 .debug_frame   0x000018d0      0x15c build/stm32l4xx_hal_cortex.o
 .debug_frame   0x00001a2c      0x5c4 build/stm32l4xx_hal_uart.o
 .debug_frame   0x00001ff0       0xdc build/stm32l4xx_hal_uart_ex.o
 .debug_frame   0x000020cc       0x30 build/system_stm32l4xx.o
 .debug_frame   0x000020fc       0x2c c:/gnu arm embedded toolchain/9 2020-q2-update/bin/../lib/gcc/arm-none-eabi/9.3.1/../../../../arm-none-eabi/lib/thumb/v7e-m+fp/hard\libc_nano.a(lib_a-init.o)
 .debug_frame   0x00002128       0x2c c:/gnu arm embedded toolchain/9 2020-q2-update/bin/../lib/gcc/arm-none-eabi/9.3.1/../../../../arm-none-eabi/lib/thumb/v7e-m+fp/hard\libc_nano.a(lib_a-memcmp.o)
 .debug_frame   0x00002154       0x28 c:/gnu arm embedded toolchain/9 2020-q2-update/bin/../lib/gcc/arm-none-eabi/9.3.1/../../../../arm-none-eabi/lib/thumb/v7e-m+fp/hard\libc_nano.a(lib_a-memcpy-stub.o)
 .debug_frame   0x0000217c       0x20 c:/gnu arm embedded toolchain/9 2020-q2-update/bin/../lib/gcc/arm-none-eabi/9.3.1/../../../../arm-none-eabi/lib/thumb/v7e-m+fp/hard\libc_nano.a(lib_a-memset.o)
 .debug_frame   0x0000219c       0x74 c:/gnu arm embedded toolchain/9 2020-q2-update/bin/../lib/gcc/arm-none-eabi/9.3.1/../../../../arm-none-eabi/lib/thumb/v7e-m+fp/hard\libc_nano.a(lib_a-printf.o)
 .debug_frame   0x00002210       0x50 c:/gnu arm embedded toolchain/9 2020-q2-update/bin/../lib/gcc/arm-none-eabi/9.3.1/../../../../arm-none-eabi/lib/thumb/v7e-m+fp/hard\libc_nano.a(lib_a-putchar.o)
 .debug_frame   0x00002260       0x3c c:/gnu arm embedded toolchain/9 2020-q2-update/bin/../lib/gcc/arm-none-eabi/9.3.1/../../../../arm-none-eabi/lib/thumb/v7e-m+fp/hard\libc_nano.a(lib_a-puts.o)
 .debug_frame   0x0000229c       0x28 c:/gnu arm embedded toolchain/9 2020-q2-update/bin/../lib/gcc/arm-none-eabi/9.3.1/../../../../arm-none-eabi/lib/thumb/v7e-m+fp/hard\libc_nano.a(lib_a-strncmp.o)
 .debug_frame   0x000022c4       0x30 c:/gnu arm embedded toolchain/9 2020-q2-update/bin/../lib/gcc/arm-none-eabi/9.3.1/../../../../arm-none-eabi/lib/thumb/v7e-m+fp/hard\libc_nano.a(lib_a-strstr.o)
 .debug_frame   0x000022f4       0x40 c:/gnu arm embedded toolchain/9 2020-q2-update/bin/../lib/gcc/arm-none-eabi/9.3.1/../../../../arm-none-eabi/lib/thumb/v7e-m+fp/hard\libc_nano.a(lib_a-wbuf.o)
 .debug_frame   0x00002334       0x2c c:/gnu arm embedded toolchain/9 2020-q2-update/bin/../lib/gcc/arm-none-eabi/9.3.1/../../../../arm-none-eabi/lib/thumb/v7e-m+fp/hard\libc_nano.a(lib_a-wsetup.o)
 .debug_frame   0x00002360       0x5c c:/gnu arm embedded toolchain/9 2020-q2-update/bin/../lib/gcc/arm-none-eabi/9.3.1/../../../../arm-none-eabi/lib/thumb/v7e-m+fp/hard\libc_nano.a(lib_a-fflush.o)
 .debug_frame   0x000023bc      0x14c c:/gnu arm embedded toolchain/9 2020-q2-update/bin/../lib/gcc/arm-none-eabi/9.3.1/../../../../arm-none-eabi/lib/thumb/v7e-m+fp/hard\libc_nano.a(lib_a-findfp.o)
 .debug_frame   0x00002508       0x54 c:/gnu arm embedded toolchain/9 2020-q2-update/bin/../lib/gcc/arm-none-eabi/9.3.1/../../../../arm-none-eabi/lib/thumb/v7e-m+fp/hard\libc_nano.a(lib_a-fwalk.o)
 .debug_frame   0x0000255c       0xb0 c:/gnu arm embedded toolchain/9 2020-q2-update/bin/../lib/gcc/arm-none-eabi/9.3.1/../../../../arm-none-eabi/lib/thumb/v7e-m+fp/hard\libc_nano.a(lib_a-lock.o)
 .debug_frame   0x0000260c       0x58 c:/gnu arm embedded toolchain/9 2020-q2-update/bin/../lib/gcc/arm-none-eabi/9.3.1/../../../../arm-none-eabi/lib/thumb/v7e-m+fp/hard\libc_nano.a(lib_a-makebuf.o)
 .debug_frame   0x00002664       0x38 c:/gnu arm embedded toolchain/9 2020-q2-update/bin/../lib/gcc/arm-none-eabi/9.3.1/../../../../arm-none-eabi/lib/thumb/v7e-m+fp/hard\libc_nano.a(lib_a-nano-freer.o)
 .debug_frame   0x0000269c       0x30 c:/gnu arm embedded toolchain/9 2020-q2-update/bin/../lib/gcc/arm-none-eabi/9.3.1/../../../../arm-none-eabi/lib/thumb/v7e-m+fp/hard\libc_nano.a(lib_a-nano-mallocr.o)
 .debug_frame   0x000026cc       0xac c:/gnu arm embedded toolchain/9 2020-q2-update/bin/../lib/gcc/arm-none-eabi/9.3.1/../../../../arm-none-eabi/lib/thumb/v7e-m+fp/hard\libc_nano.a(lib_a-nano-vfprintf.o)
 .debug_frame   0x00002778       0x60 c:/gnu arm embedded toolchain/9 2020-q2-update/bin/../lib/gcc/arm-none-eabi/9.3.1/../../../../arm-none-eabi/lib/thumb/v7e-m+fp/hard\libc_nano.a(lib_a-nano-vfprintf_i.o)
 .debug_frame   0x000027d8       0x3c c:/gnu arm embedded toolchain/9 2020-q2-update/bin/../lib/gcc/arm-none-eabi/9.3.1/../../../../arm-none-eabi/lib/thumb/v7e-m+fp/hard\libc_nano.a(lib_a-putc.o)
 .debug_frame   0x00002814       0x2c c:/gnu arm embedded toolchain/9 2020-q2-update/bin/../lib/gcc/arm-none-eabi/9.3.1/../../../../arm-none-eabi/lib/thumb/v7e-m+fp/hard\libc_nano.a(lib_a-sbrkr.o)
 .debug_frame   0x00002840       0x88 c:/gnu arm embedded toolchain/9 2020-q2-update/bin/../lib/gcc/arm-none-eabi/9.3.1/../../../../arm-none-eabi/lib/thumb/v7e-m+fp/hard\libc_nano.a(lib_a-stdio.o)
 .debug_frame   0x000028c8       0x2c c:/gnu arm embedded toolchain/9 2020-q2-update/bin/../lib/gcc/arm-none-eabi/9.3.1/../../../../arm-none-eabi/lib/thumb/v7e-m+fp/hard\libc_nano.a(lib_a-writer.o)
 .debug_frame   0x000028f4       0x2c c:/gnu arm embedded toolchain/9 2020-q2-update/bin/../lib/gcc/arm-none-eabi/9.3.1/../../../../arm-none-eabi/lib/thumb/v7e-m+fp/hard\libc_nano.a(lib_a-closer.o)
 .debug_frame   0x00002920       0x2c c:/gnu arm embedded toolchain/9 2020-q2-update/bin/../lib/gcc/arm-none-eabi/9.3.1/../../../../arm-none-eabi/lib/thumb/v7e-m+fp/hard\libc_nano.a(lib_a-fstatr.o)
 .debug_frame   0x0000294c       0x2c c:/gnu arm embedded toolchain/9 2020-q2-update/bin/../lib/gcc/arm-none-eabi/9.3.1/../../../../arm-none-eabi/lib/thumb/v7e-m+fp/hard\libc_nano.a(lib_a-isattyr.o)
 .debug_frame   0x00002978       0x2c c:/gnu arm embedded toolchain/9 2020-q2-update/bin/../lib/gcc/arm-none-eabi/9.3.1/../../../../arm-none-eabi/lib/thumb/v7e-m+fp/hard\libc_nano.a(lib_a-lseekr.o)
 .debug_frame   0x000029a4       0x30 c:/gnu arm embedded toolchain/9 2020-q2-update/bin/../lib/gcc/arm-none-eabi/9.3.1/../../../../arm-none-eabi/lib/thumb/v7e-m+fp/hard\libc_nano.a(lib_a-mlock.o)
 .debug_frame   0x000029d4       0x2c c:/gnu arm embedded toolchain/9 2020-q2-update/bin/../lib/gcc/arm-none-eabi/9.3.1/../../../../arm-none-eabi/lib/thumb/v7e-m+fp/hard\libc_nano.a(lib_a-readr.o)
 .debug_frame   0x00002a00       0x5c c:/gnu arm embedded toolchain/9 2020-q2-update/bin/../lib/gcc/arm-none-eabi/9.3.1/../../../../arm-none-eabi/lib/thumb/v7e-m+fp/hard\libc_nano.a(lib_a-reent.o)
 .debug_frame   0x00002a5c       0x20 c:/gnu arm embedded toolchain/9 2020-q2-update/bin/../lib/gcc/arm-none-eabi/9.3.1/../../../../arm-none-eabi/lib/thumb/v7e-m+fp/hard\libnosys.a(close.o)
 .debug_frame   0x00002a7c       0x20 c:/gnu arm embedded toolchain/9 2020-q2-update/bin/../lib/gcc/arm-none-eabi/9.3.1/../../../../arm-none-eabi/lib/thumb/v7e-m+fp/hard\libnosys.a(fstat.o)
 .debug_frame   0x00002a9c       0x20 c:/gnu arm embedded toolchain/9 2020-q2-update/bin/../lib/gcc/arm-none-eabi/9.3.1/../../../../arm-none-eabi/lib/thumb/v7e-m+fp/hard\libnosys.a(isatty.o)
 .debug_frame   0x00002abc       0x20 c:/gnu arm embedded toolchain/9 2020-q2-update/bin/../lib/gcc/arm-none-eabi/9.3.1/../../../../arm-none-eabi/lib/thumb/v7e-m+fp/hard\libnosys.a(lseek.o)
 .debug_frame   0x00002adc       0x20 c:/gnu arm embedded toolchain/9 2020-q2-update/bin/../lib/gcc/arm-none-eabi/9.3.1/../../../../arm-none-eabi/lib/thumb/v7e-m+fp/hard\libnosys.a(read.o)
 .debug_frame   0x00002afc       0x20 c:/gnu arm embedded toolchain/9 2020-q2-update/bin/../lib/gcc/arm-none-eabi/9.3.1/../../../../arm-none-eabi/lib/thumb/v7e-m+fp/hard\libnosys.a(sbrk.o)
 .debug_frame   0x00002b1c       0x20 c:/gnu arm embedded toolchain/9 2020-q2-update/bin/../lib/gcc/arm-none-eabi/9.3.1/../../../../arm-none-eabi/lib/thumb/v7e-m+fp/hard\libnosys.a(write.o)
 .debug_frame   0x00002b3c       0x2c c:/gnu arm embedded toolchain/9 2020-q2-update/bin/../lib/gcc/arm-none-eabi/9.3.1/thumb/v7e-m+fp/hard\libgcc.a(_aeabi_uldivmod.o)
 .debug_frame   0x00002b68       0x34 c:/gnu arm embedded toolchain/9 2020-q2-update/bin/../lib/gcc/arm-none-eabi/9.3.1/thumb/v7e-m+fp/hard\libgcc.a(_udivmoddi4.o)

.stab           0x00000000       0x9c
 .stab          0x00000000       0x24 c:/gnu arm embedded toolchain/9 2020-q2-update/bin/../lib/gcc/arm-none-eabi/9.3.1/../../../../arm-none-eabi/lib/thumb/v7e-m+fp/hard\libnosys.a(close.o)
 .stab          0x00000024       0x18 c:/gnu arm embedded toolchain/9 2020-q2-update/bin/../lib/gcc/arm-none-eabi/9.3.1/../../../../arm-none-eabi/lib/thumb/v7e-m+fp/hard\libnosys.a(fstat.o)
                                 0x24 (size before relaxing)
 .stab          0x0000003c       0x18 c:/gnu arm embedded toolchain/9 2020-q2-update/bin/../lib/gcc/arm-none-eabi/9.3.1/../../../../arm-none-eabi/lib/thumb/v7e-m+fp/hard\libnosys.a(isatty.o)
                                 0x24 (size before relaxing)
 .stab          0x00000054       0x18 c:/gnu arm embedded toolchain/9 2020-q2-update/bin/../lib/gcc/arm-none-eabi/9.3.1/../../../../arm-none-eabi/lib/thumb/v7e-m+fp/hard\libnosys.a(lseek.o)
                                 0x24 (size before relaxing)
 .stab          0x0000006c       0x18 c:/gnu arm embedded toolchain/9 2020-q2-update/bin/../lib/gcc/arm-none-eabi/9.3.1/../../../../arm-none-eabi/lib/thumb/v7e-m+fp/hard\libnosys.a(read.o)
                                 0x24 (size before relaxing)
 .stab          0x00000084       0x18 c:/gnu arm embedded toolchain/9 2020-q2-update/bin/../lib/gcc/arm-none-eabi/9.3.1/../../../../arm-none-eabi/lib/thumb/v7e-m+fp/hard\libnosys.a(write.o)
                                 0x24 (size before relaxing)

.stabstr        0x00000000      0x14d
 .stabstr       0x00000000      0x14d c:/gnu arm embedded toolchain/9 2020-q2-update/bin/../lib/gcc/arm-none-eabi/9.3.1/../../../../arm-none-eabi/lib/thumb/v7e-m+fp/hard\libnosys.a(close.o)

Cross Reference Table

Symbol                                            File
ADC1_2_IRQHandler                                 build/startup_stm32l476xx.o
ADC3_IRQHandler                                   build/startup_stm32l476xx.o
AHBPrescTable                                     build/system_stm32l4xx.o
                                                  build/stm32l4xx_hal_rcc.o
APBPrescTable                                     build/system_stm32l4xx.o
                                                  build/stm32l4xx_hal_rcc.o
BusFault_Handler                                  build/stm32l4xx_it.o
CAN1_RX0_IRQHandler                               build/startup_stm32l476xx.o
CAN1_RX1_IRQHandler                               build/startup_stm32l476xx.o
CAN1_SCE_IRQHandler                               build/startup_stm32l476xx.o
CAN1_TX_IRQHandler                                build/startup_stm32l476xx.o
CLI_Cmd                                           build/sys_command_line.o
CLI_Cmd_Clear                                     build/sys_command_line.o
CLI_Cmd_Echo                                      build/sys_command_line.o
CLI_Cmd_Help                                      build/sys_command_line.o
CLI_Cmd_Reboot                                    build/sys_command_line.o
CLI_LED                                           build/app_led.o
CLI_LED_Init                                      build/app_led.o
COMP_IRQHandler                                   build/startup_stm32l476xx.o
DFSDM1_FLT0_IRQHandler                            build/startup_stm32l476xx.o
DFSDM1_FLT1_IRQHandler                            build/startup_stm32l476xx.o
DFSDM1_FLT2_IRQHandler                            build/startup_stm32l476xx.o
DFSDM1_FLT3_IRQHandler                            build/startup_stm32l476xx.o
DMA1_Channel1_IRQHandler                          build/startup_stm32l476xx.o
DMA1_Channel2_IRQHandler                          build/startup_stm32l476xx.o
DMA1_Channel3_IRQHandler                          build/startup_stm32l476xx.o
DMA1_Channel4_IRQHandler                          build/startup_stm32l476xx.o
DMA1_Channel5_IRQHandler                          build/startup_stm32l476xx.o
DMA1_Channel6_IRQHandler                          build/startup_stm32l476xx.o
DMA1_Channel7_IRQHandler                          build/startup_stm32l476xx.o
DMA2_Channel1_IRQHandler                          build/startup_stm32l476xx.o
DMA2_Channel2_IRQHandler                          build/startup_stm32l476xx.o
DMA2_Channel3_IRQHandler                          build/startup_stm32l476xx.o
DMA2_Channel4_IRQHandler                          build/startup_stm32l476xx.o
DMA2_Channel5_IRQHandler                          build/startup_stm32l476xx.o
DMA2_Channel6_IRQHandler                          build/startup_stm32l476xx.o
DMA2_Channel7_IRQHandler                          build/startup_stm32l476xx.o
DebugMon_Handler                                  build/stm32l4xx_it.o
Default_Handler                                   build/startup_stm32l476xx.o
Delay                                             build/main.o
                                                  build/sys_command_line.o
Dut_Tx_Byte                                       build/Dut_Com.o
Dut_Tx_String                                     build/Dut_Com.o
EXTI0_IRQHandler                                  build/startup_stm32l476xx.o
EXTI15_10_IRQHandler                              build/stm32l4xx_it.o
EXTI1_IRQHandler                                  build/startup_stm32l476xx.o
EXTI2_IRQHandler                                  build/startup_stm32l476xx.o
EXTI3_IRQHandler                                  build/stm32l4xx_it.o
EXTI4_IRQHandler                                  build/stm32l4xx_it.o
EXTI9_5_IRQHandler                                build/stm32l4xx_it.o
Error_Handler                                     build/main.o
FLASH_FlushCaches                                 build/stm32l4xx_hal_flash_ex.o
                                                  build/stm32l4xx_hal_flash.o
FLASH_IRQHandler                                  build/startup_stm32l476xx.o
FLASH_PageErase                                   build/stm32l4xx_hal_flash_ex.o
                                                  build/stm32l4xx_hal_flash.o
FLASH_WaitForLastOperation                        build/stm32l4xx_hal_flash.o
                                                  build/stm32l4xx_hal_flash_ex.o
FMC_IRQHandler                                    build/startup_stm32l476xx.o
FPU_IRQHandler                                    build/startup_stm32l476xx.o
HAL_DBGMCU_DisableDBGSleepMode                    build/stm32l4xx_hal.o
HAL_DBGMCU_DisableDBGStandbyMode                  build/stm32l4xx_hal.o
HAL_DBGMCU_DisableDBGStopMode                     build/stm32l4xx_hal.o
HAL_DBGMCU_EnableDBGSleepMode                     build/stm32l4xx_hal.o
HAL_DBGMCU_EnableDBGStandbyMode                   build/stm32l4xx_hal.o
HAL_DBGMCU_EnableDBGStopMode                      build/stm32l4xx_hal.o
HAL_DMA_Abort                                     build/stm32l4xx_hal_dma.o
                                                  build/stm32l4xx_hal_uart.o
                                                  build/stm32l4xx_hal_spi.o
HAL_DMA_Abort_IT                                  build/stm32l4xx_hal_dma.o
                                                  build/stm32l4xx_hal_uart.o
                                                  build/stm32l4xx_hal_i2c.o
                                                  build/stm32l4xx_hal_spi.o
HAL_DMA_DeInit                                    build/stm32l4xx_hal_dma.o
HAL_DMA_GetError                                  build/stm32l4xx_hal_dma.o
                                                  build/stm32l4xx_hal_uart.o
HAL_DMA_GetState                                  build/stm32l4xx_hal_dma.o
                                                  build/stm32l4xx_hal_i2c.o
HAL_DMA_IRQHandler                                build/stm32l4xx_hal_dma.o
HAL_DMA_Init                                      build/stm32l4xx_hal_dma.o
HAL_DMA_PollForTransfer                           build/stm32l4xx_hal_dma.o
HAL_DMA_RegisterCallback                          build/stm32l4xx_hal_dma.o
HAL_DMA_Start                                     build/stm32l4xx_hal_dma.o
HAL_DMA_Start_IT                                  build/stm32l4xx_hal_dma.o
                                                  build/stm32l4xx_hal_uart.o
                                                  build/stm32l4xx_hal_i2c.o
                                                  build/stm32l4xx_hal_spi.o
HAL_DMA_UnRegisterCallback                        build/stm32l4xx_hal_dma.o
HAL_DeInit                                        build/stm32l4xx_hal.o
HAL_Delay                                         build/stm32l4xx_hal.o
                                                  build/main.o
HAL_EXTI_ClearConfigLine                          build/stm32l4xx_hal_exti.o
HAL_EXTI_ClearPending                             build/stm32l4xx_hal_exti.o
HAL_EXTI_GenerateSWI                              build/stm32l4xx_hal_exti.o
HAL_EXTI_GetConfigLine                            build/stm32l4xx_hal_exti.o
HAL_EXTI_GetHandle                                build/stm32l4xx_hal_exti.o
HAL_EXTI_GetPending                               build/stm32l4xx_hal_exti.o
HAL_EXTI_IRQHandler                               build/stm32l4xx_hal_exti.o
HAL_EXTI_RegisterCallback                         build/stm32l4xx_hal_exti.o
HAL_EXTI_SetConfigLine                            build/stm32l4xx_hal_exti.o
HAL_FLASHEx_DisableRunPowerDown                   build/stm32l4xx_hal_flash_ramfunc.o
HAL_FLASHEx_EnableRunPowerDown                    build/stm32l4xx_hal_flash_ramfunc.o
HAL_FLASHEx_Erase                                 build/stm32l4xx_hal_flash_ex.o
HAL_FLASHEx_Erase_IT                              build/stm32l4xx_hal_flash_ex.o
HAL_FLASHEx_OBGetConfig                           build/stm32l4xx_hal_flash_ex.o
HAL_FLASHEx_OBProgram                             build/stm32l4xx_hal_flash_ex.o