Archive member included to satisfy reference by file (symbol)

c:/gnu arm embedded toolchain/9 2020-q2-update/bin/../lib/gcc/arm-none-eabi/9.3.1/../../../../arm-none-eabi/lib/thumb/v7e-m+fp/hard\libc_nano.a(lib_a-exit.o)
                              c:/gnu arm embedded toolchain/9 2020-q2-update/bin/../lib/gcc/arm-none-eabi/9.3.1/../../../../arm-none-eabi/lib/thumb/v7e-m+fp/hard/crt0.o (exit)
c:/gnu arm embedded toolchain/9 2020-q2-update/bin/../lib/gcc/arm-none-eabi/9.3.1/../../../../arm-none-eabi/lib/thumb/v7e-m+fp/hard\libc_nano.a(lib_a-impure.o)
                              c:/gnu arm embedded toolchain/9 2020-q2-update/bin/../lib/gcc/arm-none-eabi/9.3.1/../../../../arm-none-eabi/lib/thumb/v7e-m+fp/hard\libc_nano.a(lib_a-exit.o) (_global_impure_ptr)
c:/gnu arm embedded toolchain/9 2020-q2-update/bin/../lib/gcc/arm-none-eabi/9.3.1/../../../../arm-none-eabi/lib/thumb/v7e-m+fp/hard\libc_nano.a(lib_a-init.o)
                              c:/gnu arm embedded toolchain/9 2020-q2-update/bin/../lib/gcc/arm-none-eabi/9.3.1/../../../../arm-none-eabi/lib/thumb/v7e-m+fp/hard/crt0.o (__libc_init_array)
c:/gnu arm embedded toolchain/9 2020-q2-update/bin/../lib/gcc/arm-none-eabi/9.3.1/../../../../arm-none-eabi/lib/thumb/v7e-m+fp/hard\libc_nano.a(lib_a-memset.o)
                              c:/gnu arm embedded toolchain/9 2020-q2-update/bin/../lib/gcc/arm-none-eabi/9.3.1/../../../../arm-none-eabi/lib/thumb/v7e-m+fp/hard/crt0.o (memset)
c:/gnu arm embedded toolchain/9 2020-q2-update/bin/../lib/gcc/arm-none-eabi/9.3.1/../../../../arm-none-eabi/lib/thumb/v7e-m+fp/hard\libnosys.a(_exit.o)
                              c:/gnu arm embedded toolchain/9 2020-q2-update/bin/../lib/gcc/arm-none-eabi/9.3.1/../../../../arm-none-eabi/lib/thumb/v7e-m+fp/hard\libc_nano.a(lib_a-exit.o) (_exit)
c:/gnu arm embedded toolchain/9 2020-q2-update/bin/../lib/gcc/arm-none-eabi/9.3.1/thumb/v7e-m+fp/hard\libgcc.a(_aeabi_uldivmod.o)
                              build/stm32l4xx_hal_uart.o (__aeabi_uldivmod)
c:/gnu arm embedded toolchain/9 2020-q2-update/bin/../lib/gcc/arm-none-eabi/9.3.1/thumb/v7e-m+fp/hard\libgcc.a(_udivmoddi4.o)
                              c:/gnu arm embedded toolchain/9 2020-q2-update/bin/../lib/gcc/arm-none-eabi/9.3.1/thumb/v7e-m+fp/hard\libgcc.a(_aeabi_uldivmod.o) (__udivmoddi4)
c:/gnu arm embedded toolchain/9 2020-q2-update/bin/../lib/gcc/arm-none-eabi/9.3.1/thumb/v7e-m+fp/hard\libgcc.a(_dvmd_tls.o)
                              c:/gnu arm embedded toolchain/9 2020-q2-update/bin/../lib/gcc/arm-none-eabi/9.3.1/thumb/v7e-m+fp/hard\libgcc.a(_aeabi_uldivmod.o) (__aeabi_ldiv0)

Allocating common symbols
Common symbol       size              file

_u16ReadQty         0x2               build/modbus_master.o
m_Modbus_Master_RX_Buff
                    0xc8              build/trans_recieve_buff_control.o
_postTransmission   0x4               build/modbus_master.o
_u8ResponseBufferIndex
                    0x1               build/modbus_master.o
_preTransmission    0x4               build/modbus_master.o
_u16WriteQty        0x2               build/modbus_master.o
uwTick              0x4               build/stm32l4xx_hal.o
m_Modbus_Master_RX_RingBuff
                    0x14              build/trans_recieve_buff_control.o
_u8MBSlave          0x1               build/modbus_master.o
u16TransmitBufferLength
                    0x2               build/modbus_master.o
_u16TransmitBuffer  0x80              build/modbus_master.o
_u16ReadAddress     0x2               build/modbus_master.o
_u8TransmitBufferIndex
                    0x1               build/modbus_master.o
_idle               0x4               build/modbus_master.o
huart1              0x80              build/main.o
rxBuffer            0x4               build/modbus_master.o
_u8ResponseBufferLength
                    0x1               build/modbus_master.o
_u16ResponseBuffer  0x80              build/modbus_master.o
txBuffer            0x4               build/modbus_master.o
hspi1               0x64              build/main.o
huart2              0x80              build/main.o
_u16WriteAddress    0x2               build/modbus_master.o

Discarded input sections

 .text          0x00000000        0x0 c:/gnu arm embedded toolchain/9 2020-q2-update/bin/../lib/gcc/arm-none-eabi/9.3.1/thumb/v7e-m+fp/hard/crti.o
 .data          0x00000000        0x0 c:/gnu arm embedded toolchain/9 2020-q2-update/bin/../lib/gcc/arm-none-eabi/9.3.1/thumb/v7e-m+fp/hard/crti.o
 .bss           0x00000000        0x0 c:/gnu arm embedded toolchain/9 2020-q2-update/bin/../lib/gcc/arm-none-eabi/9.3.1/thumb/v7e-m+fp/hard/crti.o
 .data          0x00000000        0x4 c:/gnu arm embedded toolchain/9 2020-q2-update/bin/../lib/gcc/arm-none-eabi/9.3.1/thumb/v7e-m+fp/hard/crtbegin.o
 .text          0x00000000       0x7c c:/gnu arm embedded toolchain/9 2020-q2-update/bin/../lib/gcc/arm-none-eabi/9.3.1/../../../../arm-none-eabi/lib/thumb/v7e-m+fp/hard/crt0.o
[...]
Memory Configuration

Name             Origin             Length             Attributes
RAM              0x20000000         0x00018000         xrw
RAM2             0x10000000         0x00008000         xrw
FLASH            0x08000000         0x00100000         xr
*default*        0x00000000         0xffffffff

Linker script and memory map

LOAD c:/gnu arm embedded toolchain/9 2020-q2-update/bin/../lib/gcc/arm-none-eabi/9.3.1/thumb/v7e-m+fp/hard/crti.o
LOAD c:/gnu arm embedded toolchain/9 2020-q2-update/bin/../lib/gcc/arm-none-eabi/9.3.1/thumb/v7e-m+fp/hard/crtbegin.o
LOAD c:/gnu arm embedded toolchain/9 2020-q2-update/bin/../lib/gcc/arm-none-eabi/9.3.1/../../../../arm-none-eabi/lib/thumb/v7e-m+fp/hard/crt0.o
LOAD build/main.o
LOAD build/CAT_Com.o
LOAD build/Dut_Com.o
LOAD build/modbus_master.o
LOAD build/ringbuffer.o
LOAD build/trans_recieve_buff_control.o
LOAD build/stm32l4xx_it.o
LOAD build/stm32l4xx_hal_msp.o
LOAD build/stm32l4xx_hal_spi.o
LOAD build/stm32l4xx_hal_spi_ex.o
LOAD build/stm32l4xx_hal.o
LOAD build/stm32l4xx_hal_i2c.o
LOAD build/stm32l4xx_hal_i2c_ex.o
LOAD build/stm32l4xx_hal_rcc.o
LOAD build/stm32l4xx_hal_rcc_ex.o
LOAD build/stm32l4xx_hal_flash.o
LOAD build/stm32l4xx_hal_flash_ex.o
LOAD build/stm32l4xx_hal_flash_ramfunc.o
LOAD build/stm32l4xx_hal_gpio.o
LOAD build/stm32l4xx_hal_dma.o
LOAD build/stm32l4xx_hal_dma_ex.o
LOAD build/stm32l4xx_hal_pwr.o
LOAD build/stm32l4xx_hal_pwr_ex.o
LOAD build/stm32l4xx_hal_cortex.o
LOAD build/stm32l4xx_hal_exti.o
LOAD build/stm32l4xx_hal_tim.o
LOAD build/stm32l4xx_hal_tim_ex.o
LOAD build/stm32l4xx_hal_uart.o
LOAD build/stm32l4xx_hal_uart_ex.o
LOAD build/system_stm32l4xx.o
LOAD build/startup_stm32l476xx.o
LOAD c:/gnu arm embedded toolchain/9 2020-q2-update/bin/../lib/gcc/arm-none-eabi/9.3.1/../../../../arm-none-eabi/lib/thumb/v7e-m+fp/hard\libc_nano.a
LOAD c:/gnu arm embedded toolchain/9 2020-q2-update/bin/../lib/gcc/arm-none-eabi/9.3.1/../../../../arm-none-eabi/lib/thumb/v7e-m+fp/hard\libm.a
LOAD c:/gnu arm embedded toolchain/9 2020-q2-update/bin/../lib/gcc/arm-none-eabi/9.3.1/../../../../arm-none-eabi/lib/thumb/v7e-m+fp/hard\libnosys.a
START GROUP
LOAD c:/gnu arm embedded toolchain/9 2020-q2-update/bin/../lib/gcc/arm-none-eabi/9.3.1/thumb/v7e-m+fp/hard\libgcc.a
LOAD c:/gnu arm embedded toolchain/9 2020-q2-update/bin/../lib/gcc/arm-none-eabi/9.3.1/../../../../arm-none-eabi/lib/thumb/v7e-m+fp/hard\libc_nano.a
END GROUP
START GROUP
LOAD c:/gnu arm embedded toolchain/9 2020-q2-update/bin/../lib/gcc/arm-none-eabi/9.3.1/thumb/v7e-m+fp/hard\libgcc.a
LOAD c:/gnu arm embedded toolchain/9 2020-q2-update/bin/../lib/gcc/arm-none-eabi/9.3.1/../../../../arm-none-eabi/lib/thumb/v7e-m+fp/hard\libc_nano.a
END GROUP
LOAD c:/gnu arm embedded toolchain/9 2020-q2-update/bin/../lib/gcc/arm-none-eabi/9.3.1/thumb/v7e-m+fp/hard/crtend.o
LOAD c:/gnu arm embedded toolchain/9 2020-q2-update/bin/../lib/gcc/arm-none-eabi/9.3.1/thumb/v7e-m+fp/hard/crtn.o
                0x20018000                _estack = 0x20018000
                0x00000200                _Min_Heap_Size = 0x200
                0x00000400                _Min_Stack_Size = 0x400

.isr_vector     0x08000000      0x188
                0x08000000                . = ALIGN (0x8)
 *(.isr_vector)
 .isr_vector    0x08000000      0x188 build/startup_stm32l476xx.o
                0x08000000                g_pfnVectors
                0x08000188                . = ALIGN (0x8)

.text           0x08000188     0x2d48
                0x08000188                . = ALIGN (0x8)
 *(.text)
 .text          0x08000188       0x40 c:/gnu arm embedded toolchain/9 2020-q2-update/bin/../lib/gcc/arm-none-eabi/9.3.1/thumb/v7e-m+fp/hard/crtbegin.o
 .text          0x080001c8       0x30 c:/gnu arm embedded toolchain/9 2020-q2-update/bin/../lib/gcc/arm-none-eabi/9.3.1/thumb/v7e-m+fp/hard\libgcc.a(_aeabi_uldivmod.o)
                0x080001c8                __aeabi_uldivmod
 .text          0x080001f8      0x2c4 c:/gnu arm embedded toolchain/9 2020-q2-update/bin/../lib/gcc/arm-none-eabi/9.3.1/thumb/v7e-m+fp/hard\libgcc.a(_udivmoddi4.o)
                0x080001f8                __udivmoddi4
 .text          0x080004bc        0x4 c:/gnu arm embedded toolchain/9 2020-q2-update/bin/../lib/gcc/arm-none-eabi/9.3.1/thumb/v7e-m+fp/hard\libgcc.a(_dvmd_tls.o)
                0x080004bc                __aeabi_idiv0
                0x080004bc                __aeabi_ldiv0
 *(.text*)
 .text.MX_GPIO_Init
                0x080004c0      0x10c build/main.o
 .text.MX_SPI1_Init
                0x080005cc       0x44 build/main.o
 .text.MX_USART1_UART_Init
                0x08000610       0x30 build/main.o
 .text.MX_USART2_UART_Init
                0x08000640       0x30 build/main.o
 .text.SystemClock_Config
                0x08000670       0x7a build/main.o
                0x08000670                SystemClock_Config
 .text.main     0x080006ea       0x42 build/main.o
                0x080006ea                main
 .text.crc16_update
                0x0800072c       0x20 build/modbus_master.o
 .text.ModbusMaster_begin
                0x0800074c       0x1c build/modbus_master.o
                0x0800074c                ModbusMaster_begin
 .text.ModbusMaster_getResponseBuffer
                0x08000768       0x18 build/modbus_master.o
                0x08000768                ModbusMaster_getResponseBuffer
 .text.ModbusMaster_ModbusMasterTransaction
                0x08000780      0x3e8 build/modbus_master.o
                0x08000780                ModbusMaster_ModbusMasterTransaction
 .text.ModbusMaster_readInputRegisters
                0x08000b68       0x24 build/modbus_master.o
                0x08000b68                ModbusMaster_readInputRegisters
 .text.rbInitialize
                0x08000b8c       0x12 build/ringbuffer.o
                0x08000b8c                rbInitialize
 .text.rbClear  0x08000b9e        0xc build/ringbuffer.o
                0x08000b9e                rbClear
 .text.rbPush   0x08000baa       0x28 build/ringbuffer.o
                0x08000baa                rbPush
 .text.rbPop    0x08000bd2       0x24 build/ringbuffer.o
                0x08000bd2                rbPop
 .text.rbIsEmpty
                0x08000bf6        0xe build/ringbuffer.o
                0x08000bf6                rbIsEmpty
 .text.Modbus_Master_RB_Initialize
                0x08000c04       0x18 build/trans_recieve_buff_control.o
                0x08000c04                Modbus_Master_RB_Initialize
 .text.Modbus_Master_Rece_Flush
                0x08000c1c       0x10 build/trans_recieve_buff_control.o
                0x08000c1c                Modbus_Master_Rece_Flush
 .text.Modbus_Master_Rece_Available
                0x08000c2c       0x24 build/trans_recieve_buff_control.o
                0x08000c2c                Modbus_Master_Rece_Available
 .text.Modbus_Master_GetByte
                0x08000c50       0x18 build/trans_recieve_buff_control.o
                0x08000c50                Modbus_Master_GetByte
 .text.Modbus_Master_Rece_Handler
                0x08000c68       0x24 build/trans_recieve_buff_control.o
                0x08000c68                Modbus_Master_Rece_Handler
 .text.Modbus_Master_Read
                0x08000c8c       0x1c build/trans_recieve_buff_control.o
                0x08000c8c                Modbus_Master_Read
 .text.Modbus_Master_Write
                0x08000ca8       0x18 build/trans_recieve_buff_control.o
                0x08000ca8                Modbus_Master_Write
 .text.Modbus_Master_Millis
                0x08000cc0        0x8 build/trans_recieve_buff_control.o
                0x08000cc0                Modbus_Master_Millis
 .text.NMI_Handler
                0x08000cc8        0x2 build/stm32l4xx_it.o
                0x08000cc8                NMI_Handler
 .text.HardFault_Handler
                0x08000cca        0x2 build/stm32l4xx_it.o
                0x08000cca                HardFault_Handler
 .text.MemManage_Handler
                0x08000ccc        0x2 build/stm32l4xx_it.o
                0x08000ccc                MemManage_Handler
 .text.BusFault_Handler
                0x08000cce        0x2 build/stm32l4xx_it.o
                0x08000cce                BusFault_Handler
 .text.UsageFault_Handler
                0x08000cd0        0x2 build/stm32l4xx_it.o
                0x08000cd0                UsageFault_Handler
 .text.SVC_Handler
                0x08000cd2        0x2 build/stm32l4xx_it.o
                0x08000cd2                SVC_Handler
 .text.DebugMon_Handler
                0x08000cd4        0x2 build/stm32l4xx_it.o
                0x08000cd4                DebugMon_Handler
 .text.PendSV_Handler
                0x08000cd6        0x2 build/stm32l4xx_it.o
                0x08000cd6                PendSV_Handler
 .text.SysTick_Handler
                0x08000cd8        0xc build/stm32l4xx_it.o
                0x08000cd8                SysTick_Handler
 .text.EXTI3_IRQHandler
                0x08000ce4        0xa build/stm32l4xx_it.o
                0x08000ce4                EXTI3_IRQHandler
 .text.EXTI4_IRQHandler
                0x08000cee        0xa build/stm32l4xx_it.o
                0x08000cee                EXTI4_IRQHandler
 .text.EXTI9_5_IRQHandler
                0x08000cf8       0x10 build/stm32l4xx_it.o
                0x08000cf8                EXTI9_5_IRQHandler
 .text.USART1_IRQHandler
                0x08000d08       0x10 build/stm32l4xx_it.o
                0x08000d08                USART1_IRQHandler
 .text.USART2_IRQHandler
                0x08000d18       0x28 build/stm32l4xx_it.o
                0x08000d18                USART2_IRQHandler
 .text.EXTI15_10_IRQHandler
                0x08000d40       0x14 build/stm32l4xx_it.o
                0x08000d40                EXTI15_10_IRQHandler
 .text.HAL_MspInit
                0x08000d54       0x30 build/stm32l4xx_hal_msp.o
                0x08000d54                HAL_MspInit
 .text.HAL_SPI_MspInit
                0x08000d84       0x6c build/stm32l4xx_hal_msp.o
                0x08000d84                HAL_SPI_MspInit
 .text.HAL_UART_MspInit
                0x08000df0       0xdc build/stm32l4xx_hal_msp.o
                0x08000df0                HAL_UART_MspInit
 .text.HAL_SPI_Init
                0x08000ecc       0xde build/stm32l4xx_hal_spi.o
                0x08000ecc                HAL_SPI_Init
 *fill*         0x08000faa        0x2 
 .text.HAL_InitTick
                0x08000fac       0x50 build/stm32l4xx_hal.o
                0x08000fac                HAL_InitTick
 .text.HAL_Init
                0x08000ffc       0x2c build/stm32l4xx_hal.o
                0x08000ffc                HAL_Init
 .text.HAL_IncTick
                0x08001028       0x18 build/stm32l4xx_hal.o
                0x08001028                HAL_IncTick
 .text.HAL_GetTick
                0x08001040        0xc build/stm32l4xx_hal.o
                0x08001040                HAL_GetTick
 .text.HAL_Delay
                0x0800104c       0x28 build/stm32l4xx_hal.o
                0x0800104c                HAL_Delay
 .text.RCC_SetFlashLatencyFromMSIRange
                0x08001074       0x90 build/stm32l4xx_hal_rcc.o
 .text.HAL_RCC_GetSysClockFreq
                0x08001104       0xb4 build/stm32l4xx_hal_rcc.o
                0x08001104                HAL_RCC_GetSysClockFreq
 .text.HAL_RCC_OscConfig
                0x080011b8      0x630 build/stm32l4xx_hal_rcc.o
                0x080011b8                HAL_RCC_OscConfig
 .text.HAL_RCC_ClockConfig
                0x080017e8      0x15c build/stm32l4xx_hal_rcc.o
                0x080017e8                HAL_RCC_ClockConfig
 .text.HAL_RCC_GetHCLKFreq
                0x08001944        0xc build/stm32l4xx_hal_rcc.o
                0x08001944                HAL_RCC_GetHCLKFreq
 .text.HAL_RCC_GetPCLK1Freq
                0x08001950       0x24 build/stm32l4xx_hal_rcc.o
                0x08001950                HAL_RCC_GetPCLK1Freq
 .text.HAL_RCC_GetPCLK2Freq
                0x08001974       0x24 build/stm32l4xx_hal_rcc.o
                0x08001974                HAL_RCC_GetPCLK2Freq
 .text.RCCEx_PLLSAI1_Config
                0x08001998      0x170 build/stm32l4xx_hal_rcc_ex.o
 .text.RCCEx_PLLSAI2_Config
                0x08001b08      0x14c build/stm32l4xx_hal_rcc_ex.o
 .text.HAL_RCCEx_PeriphCLKConfig
                0x08001c54      0x45c build/stm32l4xx_hal_rcc_ex.o
                0x08001c54                HAL_RCCEx_PeriphCLKConfig
 .text.HAL_GPIO_Init
                0x080020b0      0x1cc build/stm32l4xx_hal_gpio.o
                0x080020b0                HAL_GPIO_Init
 .text.HAL_GPIO_WritePin
                0x0800227c        0xa build/stm32l4xx_hal_gpio.o
                0x0800227c                HAL_GPIO_WritePin
 .text.HAL_GPIO_EXTI_Callback
                0x08002286        0x2 build/stm32l4xx_hal_gpio.o
                0x08002286                HAL_GPIO_EXTI_Callback
 .text.HAL_GPIO_EXTI_IRQHandler
                0x08002288       0x1c build/stm32l4xx_hal_gpio.o
                0x08002288                HAL_GPIO_EXTI_IRQHandler
 .text.HAL_DMA_Abort_IT
                0x080022a4       0x50 build/stm32l4xx_hal_dma.o
                0x080022a4                HAL_DMA_Abort_IT
 .text.HAL_PWREx_GetVoltageRange
                0x080022f4       0x10 build/stm32l4xx_hal_pwr_ex.o
                0x080022f4                HAL_PWREx_GetVoltageRange
 .text.HAL_PWREx_ControlVoltageScaling
                0x08002304       0x90 build/stm32l4xx_hal_pwr_ex.o
                0x08002304                HAL_PWREx_ControlVoltageScaling
 .text.HAL_NVIC_SetPriorityGrouping
                0x08002394       0x24 build/stm32l4xx_hal_cortex.o
                0x08002394                HAL_NVIC_SetPriorityGrouping
 .text.HAL_NVIC_SetPriority
                0x080023b8       0x68 build/stm32l4xx_hal_cortex.o
                0x080023b8                HAL_NVIC_SetPriority
 .text.HAL_NVIC_EnableIRQ
                0x08002420       0x1c build/stm32l4xx_hal_cortex.o
                0x08002420                HAL_NVIC_EnableIRQ
 .text.HAL_SYSTICK_Config
                0x0800243c       0x2c build/stm32l4xx_hal_cortex.o
                0x0800243c                HAL_SYSTICK_Config
 .text.HAL_NVIC_ClearPendingIRQ
                0x08002468       0x1c build/stm32l4xx_hal_cortex.o
                0x08002468                HAL_NVIC_ClearPendingIRQ
 .text.HAL_SYSTICK_Callback
                0x08002484        0x2 build/stm32l4xx_hal_cortex.o
                0x08002484                HAL_SYSTICK_Callback
 .text.HAL_SYSTICK_IRQHandler
                0x08002486        0x8 build/stm32l4xx_hal_cortex.o
                0x08002486                HAL_SYSTICK_IRQHandler
 .text.UART_EndRxTransfer
                0x0800248e       0x1e build/stm32l4xx_hal_uart.o
 .text.HAL_UART_TxCpltCallback
                0x080024ac        0x2 build/stm32l4xx_hal_uart.o
                0x080024ac                HAL_UART_TxCpltCallback
 .text.UART_EndTransmit_IT
                0x080024ae       0x1a build/stm32l4xx_hal_uart.o
 .text.HAL_UART_ErrorCallback
                0x080024c8        0x2 build/stm32l4xx_hal_uart.o
                0x080024c8                HAL_UART_ErrorCallback
 *fill*         0x080024ca        0x2 
 .text.HAL_UART_IRQHandler
                0x080024cc      0x184 build/stm32l4xx_hal_uart.o
                0x080024cc                HAL_UART_IRQHandler
 .text.UART_DMAAbortOnError
                0x08002650       0x14 build/stm32l4xx_hal_uart.o
 .text.UART_SetConfig
                0x08002664      0x328 build/stm32l4xx_hal_uart.o
                0x08002664                UART_SetConfig
 .text.UART_AdvFeatureConfig
                0x0800298c       0xca build/stm32l4xx_hal_uart.o
                0x0800298c                UART_AdvFeatureConfig
 .text.UART_WaitOnFlagUntilTimeout
                0x08002a56       0xa2 build/stm32l4xx_hal_uart.o
                0x08002a56                UART_WaitOnFlagUntilTimeout
 .text.HAL_UART_Transmit
                0x08002af8       0xd6 build/stm32l4xx_hal_uart.o
                0x08002af8                HAL_UART_Transmit
 .text.HAL_UART_Receive
                0x08002bce      0x120 build/stm32l4xx_hal_uart.o
                0x08002bce                HAL_UART_Receive
 .text.UART_CheckIdleState
                0x08002cee       0x6c build/stm32l4xx_hal_uart.o
                0x08002cee                UART_CheckIdleState
 .text.HAL_UART_Init
                0x08002d5a       0x62 build/stm32l4xx_hal_uart.o
                0x08002d5a                HAL_UART_Init
 .text.HAL_UARTEx_WakeupCallback
                0x08002dbc        0x2 build/stm32l4xx_hal_uart_ex.o
                0x08002dbc                HAL_UARTEx_WakeupCallback
 *fill*         0x08002dbe        0x2 
 .text.SystemInit
                0x08002dc0       0x48 build/system_stm32l4xx.o
                0x08002dc0                SystemInit
 .text.Reset_Handler
                0x08002e08       0x50 build/startup_stm32l476xx.o
                0x08002e08                Reset_Handler
 .text.Default_Handler
                0x08002e58        0x2 build/startup_stm32l476xx.o
                0x08002e58                RTC_Alarm_IRQHandler
                0x08002e58                EXTI2_IRQHandler
                0x08002e58                TIM8_TRG_COM_IRQHandler
                0x08002e58                TIM8_CC_IRQHandler
                0x08002e58                TIM1_CC_IRQHandler
                0x08002e58                TSC_IRQHandler
                0x08002e58                TAMP_STAMP_IRQHandler
                0x08002e58                LPTIM2_IRQHandler
                0x08002e58                DFSDM1_FLT1_IRQHandler
                0x08002e58                I2C3_ER_IRQHandler
                0x08002e58                DFSDM1_FLT2_IRQHandler
                0x08002e58                EXTI0_IRQHandler
                0x08002e58                I2C2_EV_IRQHandler
                0x08002e58                CAN1_RX0_IRQHandler
                0x08002e58                FPU_IRQHandler
                0x08002e58                TIM1_UP_TIM16_IRQHandler
                0x08002e58                ADC1_2_IRQHandler
                0x08002e58                SPI1_IRQHandler
                0x08002e58                TIM6_DAC_IRQHandler
                0x08002e58                TIM8_UP_IRQHandler
                0x08002e58                DMA2_Channel2_IRQHandler
                0x08002e58                DMA1_Channel4_IRQHandler
                0x08002e58                SAI2_IRQHandler
                0x08002e58                DFSDM1_FLT3_IRQHandler
                0x08002e58                USART3_IRQHandler
                0x08002e58                DMA1_Channel7_IRQHandler
                0x08002e58                CAN1_RX1_IRQHandler
                0x08002e58                LCD_IRQHandler
                0x08002e58                UART5_IRQHandler
                0x08002e58                ADC3_IRQHandler
                0x08002e58                TIM4_IRQHandler
                0x08002e58                DMA2_Channel1_IRQHandler
                0x08002e58                QUADSPI_IRQHandler
                0x08002e58                I2C1_EV_IRQHandler
                0x08002e58                DMA1_Channel6_IRQHandler
                0x08002e58                UART4_IRQHandler
                0x08002e58                DMA2_Channel4_IRQHandler
                0x08002e58                TIM3_IRQHandler
                0x08002e58                RCC_IRQHandler
                0x08002e58                DMA1_Channel1_IRQHandler
                0x08002e58                Default_Handler
                0x08002e58                DMA2_Channel7_IRQHandler
                0x08002e58                TIM7_IRQHandler
                0x08002e58                SDMMC1_IRQHandler
                0x08002e58                TIM5_IRQHandler
                0x08002e58                I2C3_EV_IRQHandler
                0x08002e58                RTC_WKUP_IRQHandler
                0x08002e58                PVD_PVM_IRQHandler
                0x08002e58                SPI2_IRQHandler
                0x08002e58                CAN1_TX_IRQHandler
                0x08002e58                DMA2_Channel5_IRQHandler
                0x08002e58                DMA1_Channel5_IRQHandler
                0x08002e58                RNG_IRQHandler
                0x08002e58                TIM1_TRG_COM_TIM17_IRQHandler
                0x08002e58                DMA1_Channel3_IRQHandler
                0x08002e58                COMP_IRQHandler
                0x08002e58                WWDG_IRQHandler
                0x08002e58                LPUART1_IRQHandler
                0x08002e58                DMA2_Channel6_IRQHandler
                0x08002e58                TIM2_IRQHandler
                0x08002e58                EXTI1_IRQHandler
                0x08002e58                DFSDM1_FLT0_IRQHandler
                0x08002e58                I2C2_ER_IRQHandler
                0x08002e58                DMA1_Channel2_IRQHandler
                0x08002e58                TIM8_BRK_IRQHandler
                0x08002e58                CAN1_SCE_IRQHandler
                0x08002e58                FLASH_IRQHandler
                0x08002e58                OTG_FS_IRQHandler
                0x08002e58                SPI3_IRQHandler
                0x08002e58                I2C1_ER_IRQHandler
                0x08002e58                FMC_IRQHandler
                0x08002e58                SWPMI1_IRQHandler
                0x08002e58                LPTIM1_IRQHandler
                0x08002e58                SAI1_IRQHandler
                0x08002e58                DMA2_Channel3_IRQHandler
                0x08002e58                TIM1_BRK_TIM15_IRQHandler
 *fill*         0x08002e5a        0x2 
 .text.__libc_init_array
                0x08002e5c       0x48 c:/gnu arm embedded toolchain/9 2020-q2-update/bin/../lib/gcc/arm-none-eabi/9.3.1/../../../../arm-none-eabi/lib/thumb/v7e-m+fp/hard\libc_nano.a(lib_a-init.o)
                0x08002e5c                __libc_init_array
 .text.memset   0x08002ea4       0x10 c:/gnu arm embedded toolchain/9 2020-q2-update/bin/../lib/gcc/arm-none-eabi/9.3.1/../../../../arm-none-eabi/lib/thumb/v7e-m+fp/hard\libc_nano.a(lib_a-memset.o)
                0x08002ea4                memset
 *(.glue_7)
 .glue_7        0x08002eb4        0x0 linker stubs
 *(.glue_7t)
 .glue_7t       0x08002eb4        0x0 linker stubs
 *(.eh_frame)
 .eh_frame      0x08002eb4        0x0 c:/gnu arm embedded toolchain/9 2020-q2-update/bin/../lib/gcc/arm-none-eabi/9.3.1/thumb/v7e-m+fp/hard/crtbegin.o
 *(.init)
 .init          0x08002eb4        0x4 c:/gnu arm embedded toolchain/9 2020-q2-update/bin/../lib/gcc/arm-none-eabi/9.3.1/thumb/v7e-m+fp/hard/crti.o
                0x08002eb4                _init
 .init          0x08002eb8        0x8 c:/gnu arm embedded toolchain/9 2020-q2-update/bin/../lib/gcc/arm-none-eabi/9.3.1/thumb/v7e-m+fp/hard/crtn.o
 *(.fini)
 .fini          0x08002ec0        0x4 c:/gnu arm embedded toolchain/9 2020-q2-update/bin/../lib/gcc/arm-none-eabi/9.3.1/thumb/v7e-m+fp/hard/crti.o
                0x08002ec0                _fini
 .fini          0x08002ec4        0x8 c:/gnu arm embedded toolchain/9 2020-q2-update/bin/../lib/gcc/arm-none-eabi/9.3.1/thumb/v7e-m+fp/hard/crtn.o
                0x08002ed0                . = ALIGN (0x8)
 *fill*         0x08002ecc        0x4 
                0x08002ed0                _etext = .

.vfp11_veneer   0x08002ed0        0x0
 .vfp11_veneer  0x08002ed0        0x0 linker stubs

.v4_bx          0x08002ed0        0x0
 .v4_bx         0x08002ed0        0x0 linker stubs

.iplt           0x08002ed0        0x0
 .iplt          0x08002ed0        0x0 c:/gnu arm embedded toolchain/9 2020-q2-update/bin/../lib/gcc/arm-none-eabi/9.3.1/thumb/v7e-m+fp/hard/crtbegin.o

.rodata         0x08002ed0       0x48
                0x08002ed0                . = ALIGN (0x8)
 *(.rodata)
 *(.rodata*)
 .rodata.AHBPrescTable
                0x08002ed0       0x10 build/system_stm32l4xx.o
                0x08002ed0                AHBPrescTable
 .rodata.APBPrescTable
                0x08002ee0        0x8 build/system_stm32l4xx.o
                0x08002ee0                APBPrescTable
 .rodata.MSIRangeTable
                0x08002ee8       0x30 build/system_stm32l4xx.o
                0x08002ee8                MSIRangeTable
                0x08002f18                . = ALIGN (0x8)

.ARM.extab      0x08002f18        0x0
                0x08002f18                . = ALIGN (0x8)
 *(.ARM.extab* .gnu.linkonce.armextab.*)
                0x08002f18                . = ALIGN (0x8)

.ARM            0x08002f18        0x8
                0x08002f18                . = ALIGN (0x8)
                0x08002f18                __exidx_start = .
 *(.ARM.exidx*)
 .ARM.exidx     0x08002f18        0x8 c:/gnu arm embedded toolchain/9 2020-q2-update/bin/../lib/gcc/arm-none-eabi/9.3.1/thumb/v7e-m+fp/hard\libgcc.a(_udivmoddi4.o)
                0x08002f20                __exidx_end = .
                0x08002f20                . = ALIGN (0x8)

.rel.dyn        0x08002f20        0x0
 .rel.iplt      0x08002f20        0x0 c:/gnu arm embedded toolchain/9 2020-q2-update/bin/../lib/gcc/arm-none-eabi/9.3.1/thumb/v7e-m+fp/hard/crtbegin.o

.preinit_array  0x08002f20        0x0
                0x08002f20                . = ALIGN (0x8)
                0x08002f20                PROVIDE (__preinit_array_start = .)
 *(.preinit_array*)
                0x08002f20                PROVIDE (__preinit_array_end = .)
                0x08002f20                . = ALIGN (0x8)

.init_array     0x08002f20        0x8
                0x08002f20                . = ALIGN (0x8)
                0x08002f20                PROVIDE (__init_array_start = .)
 *(SORT_BY_NAME(.init_array.*))
 *(.init_array*)
 .init_array    0x08002f20        0x4 c:/gnu arm embedded toolchain/9 2020-q2-update/bin/../lib/gcc/arm-none-eabi/9.3.1/thumb/v7e-m+fp/hard/crtbegin.o
                0x08002f24                PROVIDE (__init_array_end = .)
                0x08002f28                . = ALIGN (0x8)
 *fill*         0x08002f24        0x4 

.fini_array     0x08002f28        0x8
                0x08002f28                . = ALIGN (0x8)
                [!provide]                PROVIDE (__fini_array_start = .)
 *(SORT_BY_NAME(.fini_array.*))
 *(.fini_array*)
 .fini_array    0x08002f28        0x4 c:/gnu arm embedded toolchain/9 2020-q2-update/bin/../lib/gcc/arm-none-eabi/9.3.1/thumb/v7e-m+fp/hard/crtbegin.o
                [!provide]                PROVIDE (__fini_array_end = .)
                0x08002f30                . = ALIGN (0x8)
 *fill*         0x08002f2c        0x4 
                0x08002f30                _sidata = LOADADDR (.data)

.data           0x20000000       0x10 load address 0x08002f30
                0x20000000                . = ALIGN (0x8)
                0x20000000                _sdata = .
 *(.data)
 *(.data*)
 .data.uwTickFreq
                0x20000000        0x1 build/stm32l4xx_hal.o
                0x20000000                uwTickFreq
 *fill*         0x20000001        0x3 
 .data.uwTickPrio
                0x20000004        0x4 build/stm32l4xx_hal.o
                0x20000004                uwTickPrio
 .data.SystemCoreClock
                0x20000008        0x4 build/system_stm32l4xx.o
                0x20000008                SystemCoreClock
                0x20000010                . = ALIGN (0x8)
 *fill*         0x2000000c        0x4 
                0x20000010                _edata = .

.igot.plt       0x20000010        0x0 load address 0x08002f40
 .igot.plt      0x20000010        0x0 c:/gnu arm embedded toolchain/9 2020-q2-update/bin/../lib/gcc/arm-none-eabi/9.3.1/thumb/v7e-m+fp/hard/crtbegin.o
                0x20000010                . = ALIGN (0x4)

.bss            0x20000010      0x390 load address 0x08002f40
                0x20000010                _sbss = .
                0x20000010                __bss_start__ = _sbss
 *(.bss)
 .bss           0x20000010       0x1c c:/gnu arm embedded toolchain/9 2020-q2-update/bin/../lib/gcc/arm-none-eabi/9.3.1/thumb/v7e-m+fp/hard/crtbegin.o
 *(.bss*)
 *(COMMON)
 COMMON         0x2000002c      0x164 build/main.o
                0x2000002c                huart1
                0x200000ac                hspi1
                0x20000110                huart2
 COMMON         0x20000190      0x12e build/modbus_master.o
                0x20000190                _u16ReadQty
                0x20000194                _postTransmission
                0x20000198                _u8ResponseBufferIndex
                0x2000019c                _preTransmission
                0x200001a0                _u16WriteQty
                0x200001a2                _u8MBSlave
                0x200001a4                u16TransmitBufferLength
                0x200001a8                _u16TransmitBuffer
                0x20000228                _u16ReadAddress
                0x2000022a                _u8TransmitBufferIndex
                0x2000022c                _idle
                0x20000230                rxBuffer
                0x20000234                _u8ResponseBufferLength
                0x20000238                _u16ResponseBuffer
                0x200002b8                txBuffer
                0x200002bc                _u16WriteAddress
 *fill*         0x200002be        0x2 
 COMMON         0x200002c0       0xdc build/trans_recieve_buff_control.o
                0x200002c0                m_Modbus_Master_RX_Buff
                0x20000388                m_Modbus_Master_RX_RingBuff
 COMMON         0x2000039c        0x4 build/stm32l4xx_hal.o
                0x2000039c                uwTick
                0x200003a0                . = ALIGN (0x4)
                0x200003a0                _ebss = .
                0x200003a0                __bss_end__ = _ebss

._user_heap_stack
                0x200003a0      0x600 load address 0x08002f40
                0x200003a0                . = ALIGN (0x8)
                [!provide]                PROVIDE (end = .)
                [!provide]                PROVIDE (_end = .)
                0x200005a0                . = (. + _Min_Heap_Size)
 *fill*         0x200003a0      0x200 
                0x200009a0                . = (. + _Min_Stack_Size)
 *fill*         0x200005a0      0x400 
                0x200009a0                . = ALIGN (0x8)

/DISCARD/
 libc.a(*)
 libm.a(*)
 libgcc.a(*)

.ARM.attributes
                0x00000000       0x30
 *(.ARM.attributes)
 .ARM.attributes
                0x00000000       0x1e c:/gnu arm embedded toolchain/9 2020-q2-update/bin/../lib/gcc/arm-none-eabi/9.3.1/thumb/v7e-m+fp/hard/crti.o
 .ARM.attributes
                0x0000001e       0x34 c:/gnu arm embedded toolchain/9 2020-q2-update/bin/../lib/gcc/arm-none-eabi/9.3.1/thumb/v7e-m+fp/hard/crtbegin.o
 .ARM.attributes
                0x00000052       0x34 build/main.o
 .ARM.attributes
                0x00000086       0x34 build/modbus_master.o
 .ARM.attributes
                0x000000ba       0x34 build/ringbuffer.o
 .ARM.attributes
                0x000000ee       0x34 build/trans_recieve_buff_control.o
 .ARM.attributes
                0x00000122       0x34 build/stm32l4xx_it.o
 .ARM.attributes
                0x00000156       0x34 build/stm32l4xx_hal_msp.o
 .ARM.attributes
                0x0000018a       0x34 build/stm32l4xx_hal_spi.o
 .ARM.attributes
                0x000001be       0x34 build/stm32l4xx_hal.o
 .ARM.attributes
                0x000001f2       0x34 build/stm32l4xx_hal_rcc.o
 .ARM.attributes
                0x00000226       0x34 build/stm32l4xx_hal_rcc_ex.o
 .ARM.attributes
                0x0000025a       0x34 build/stm32l4xx_hal_gpio.o
 .ARM.attributes
                0x0000028e       0x34 build/stm32l4xx_hal_dma.o
 .ARM.attributes
                0x000002c2       0x34 build/stm32l4xx_hal_pwr_ex.o
 .ARM.attributes
                0x000002f6       0x34 build/stm32l4xx_hal_cortex.o
 .ARM.attributes
                0x0000032a       0x34 build/stm32l4xx_hal_uart.o
 .ARM.attributes
                0x0000035e       0x34 build/stm32l4xx_hal_uart_ex.o
 .ARM.attributes
                0x00000392       0x34 build/system_stm32l4xx.o
 .ARM.attributes
                0x000003c6       0x21 build/startup_stm32l476xx.o
 .ARM.attributes
                0x000003e7       0x34 c:/gnu arm embedded toolchain/9 2020-q2-update/bin/../lib/gcc/arm-none-eabi/9.3.1/../../../../arm-none-eabi/lib/thumb/v7e-m+fp/hard\libc_nano.a(lib_a-init.o)
 .ARM.attributes
                0x0000041b       0x34 c:/gnu arm embedded toolchain/9 2020-q2-update/bin/../lib/gcc/arm-none-eabi/9.3.1/../../../../arm-none-eabi/lib/thumb/v7e-m+fp/hard\libc_nano.a(lib_a-memset.o)
 .ARM.attributes
                0x0000044f       0x1e c:/gnu arm embedded toolchain/9 2020-q2-update/bin/../lib/gcc/arm-none-eabi/9.3.1/thumb/v7e-m+fp/hard\libgcc.a(_aeabi_uldivmod.o)
 .ARM.attributes
                0x0000046d       0x34 c:/gnu arm embedded toolchain/9 2020-q2-update/bin/../lib/gcc/arm-none-eabi/9.3.1/thumb/v7e-m+fp/hard\libgcc.a(_udivmoddi4.o)
 .ARM.attributes
                0x000004a1       0x1e c:/gnu arm embedded toolchain/9 2020-q2-update/bin/../lib/gcc/arm-none-eabi/9.3.1/thumb/v7e-m+fp/hard\libgcc.a(_dvmd_tls.o)
 .ARM.attributes
                0x000004bf       0x1e c:/gnu arm embedded toolchain/9 2020-q2-update/bin/../lib/gcc/arm-none-eabi/9.3.1/thumb/v7e-m+fp/hard/crtn.o
OUTPUT(build/STM32_Cat1.elf elf32-littlearm)
LOAD linker stubs
LOAD c:/gnu arm embedded toolchain/9 2020-q2-update/bin/../lib/gcc/arm-none-eabi/9.3.1/../../../../arm-none-eabi/lib/thumb/v7e-m+fp/hard\libc.a
LOAD c:/gnu arm embedded toolchain/9 2020-q2-update/bin/../lib/gcc/arm-none-eabi/9.3.1/../../../../arm-none-eabi/lib/thumb/v7e-m+fp/hard\libm.a
LOAD c:/gnu arm embedded toolchain/9 2020-q2-update/bin/../lib/gcc/arm-none-eabi/9.3.1/thumb/v7e-m+fp/hard\libgcc.a

.debug_info     0x00000000    0x16238
 .debug_info    0x00000000     0x24ff build/main.o
 .debug_info    0x000024ff     0x13f8 build/modbus_master.o
 .debug_info    0x000038f7      0xec0 build/ringbuffer.o
 .debug_info    0x000047b7     0x1616 build/trans_recieve_buff_control.o
 .debug_info    0x00005dcd     0x177e build/stm32l4xx_it.o
 .debug_info    0x0000754b     0x1e94 build/stm32l4xx_hal_msp.o
 .debug_info    0x000093df     0x24f0 build/stm32l4xx_hal_spi.o
 .debug_info    0x0000b8cf     0x1017 build/stm32l4xx_hal.o
 .debug_info    0x0000c8e6     0x120e build/stm32l4xx_hal_rcc.o
 .debug_info    0x0000daf4     0x1612 build/stm32l4xx_hal_rcc_ex.o
 .debug_info    0x0000f106      0xb7b build/stm32l4xx_hal_gpio.o
 .debug_info    0x0000fc81      0xb22 build/stm32l4xx_hal_dma.o
 .debug_info    0x000107a3      0xdd7 build/stm32l4xx_hal_pwr_ex.o
 .debug_info    0x0001157a     0x13a9 build/stm32l4xx_hal_cortex.o
 .debug_info    0x00012923     0x2397 build/stm32l4xx_hal_uart.o
 .debug_info    0x00014cba      0xd03 build/stm32l4xx_hal_uart_ex.o
 .debug_info    0x000159bd      0x859 build/system_stm32l4xx.o
 .debug_info    0x00016216       0x22 build/startup_stm32l476xx.o

.debug_abbrev   0x00000000     0x2c46
 .debug_abbrev  0x00000000      0x337 build/main.o
 .debug_abbrev  0x00000337      0x356 build/modbus_master.o
 .debug_abbrev  0x0000068d      0x275 build/ringbuffer.o
 .debug_abbrev  0x00000902      0x29e build/trans_recieve_buff_control.o
 .debug_abbrev  0x00000ba0      0x295 build/stm32l4xx_it.o
 .debug_abbrev  0x00000e35      0x25f build/stm32l4xx_hal_msp.o
 .debug_abbrev  0x00001094      0x2a4 build/stm32l4xx_hal_spi.o
 .debug_abbrev  0x00001338      0x269 build/stm32l4xx_hal.o
 .debug_abbrev  0x000015a1      0x28e build/stm32l4xx_hal_rcc.o
 .debug_abbrev  0x0000182f      0x2c3 build/stm32l4xx_hal_rcc_ex.o
 .debug_abbrev  0x00001af2      0x24f build/stm32l4xx_hal_gpio.o
 .debug_abbrev  0x00001d41      0x27a build/stm32l4xx_hal_dma.o
 .debug_abbrev  0x00001fbb      0x247 build/stm32l4xx_hal_pwr_ex.o
 .debug_abbrev  0x00002202      0x3a8 build/stm32l4xx_hal_cortex.o
 .debug_abbrev  0x000025aa      0x2ac build/stm32l4xx_hal_uart.o
 .debug_abbrev  0x00002856      0x26b build/stm32l4xx_hal_uart_ex.o
 .debug_abbrev  0x00002ac1      0x173 build/system_stm32l4xx.o
 .debug_abbrev  0x00002c34       0x12 build/startup_stm32l476xx.o

.debug_loc      0x00000000     0xb3a3
 .debug_loc     0x00000000      0x106 build/main.o
 .debug_loc     0x00000106     0x12e0 build/modbus_master.o
 .debug_loc     0x000013e6      0x127 build/ringbuffer.o
 .debug_loc     0x0000150d      0x1ed build/trans_recieve_buff_control.o
 .debug_loc     0x000016fa       0xe0 build/stm32l4xx_it.o
 .debug_loc     0x000017da      0x236 build/stm32l4xx_hal_msp.o
 .debug_loc     0x00001a10     0x276a build/stm32l4xx_hal_spi.o
 .debug_loc     0x0000417a      0x2af build/stm32l4xx_hal.o
 .debug_loc     0x00004429      0x99d build/stm32l4xx_hal_rcc.o
 .debug_loc     0x00004dc6     0x1d29 build/stm32l4xx_hal_rcc_ex.o
 .debug_loc     0x00006aef      0x410 build/stm32l4xx_hal_gpio.o
 .debug_loc     0x00006eff      0x94e build/stm32l4xx_hal_dma.o
 .debug_loc     0x0000784d      0xb66 build/stm32l4xx_hal_pwr_ex.o
 .debug_loc     0x000083b3      0x7d4 build/stm32l4xx_hal_cortex.o
 .debug_loc     0x00008b87     0x21bd build/stm32l4xx_hal_uart.o
 .debug_loc     0x0000ad44      0x463 build/stm32l4xx_hal_uart_ex.o
 .debug_loc     0x0000b1a7      0x1fc build/system_stm32l4xx.o

.debug_aranges  0x00000000      0xc88
 .debug_aranges
                0x00000000       0x50 build/main.o
 .debug_aranges
                0x00000050       0xe0 build/modbus_master.o
 .debug_aranges
                0x00000130       0x50 build/ringbuffer.o
 .debug_aranges
                0x00000180       0x58 build/trans_recieve_buff_control.o
 .debug_aranges
                0x000001d8       0x90 build/stm32l4xx_it.o
 .debug_aranges
                0x00000268       0x40 build/stm32l4xx_hal_msp.o
 .debug_aranges
                0x000002a8      0x1d8 build/stm32l4xx_hal_spi.o
 .debug_aranges
                0x00000480      0x130 build/stm32l4xx_hal.o
 .debug_aranges
                0x000005b0       0x88 build/stm32l4xx_hal_rcc.o
 .debug_aranges
                0x00000638       0xc0 build/stm32l4xx_hal_rcc_ex.o
 .debug_aranges
                0x000006f8       0x58 build/stm32l4xx_hal_gpio.o
 .debug_aranges
                0x00000750       0x80 build/stm32l4xx_hal_dma.o
 .debug_aranges
                0x000007d0      0x150 build/stm32l4xx_hal_pwr_ex.o
 .debug_aranges
                0x00000920       0xa8 build/stm32l4xx_hal_cortex.o
 .debug_aranges
                0x000009c8      0x210 build/stm32l4xx_hal_uart.o
 .debug_aranges
                0x00000bd8       0x60 build/stm32l4xx_hal_uart_ex.o
 .debug_aranges
                0x00000c38       0x28 build/system_stm32l4xx.o
 .debug_aranges
                0x00000c60       0x28 build/startup_stm32l476xx.o

.debug_ranges   0x00000000      0xc08
 .debug_ranges  0x00000000       0x40 build/main.o
 .debug_ranges  0x00000040       0xd0 build/modbus_master.o
 .debug_ranges  0x00000110       0x40 build/ringbuffer.o
 .debug_ranges  0x00000150       0x48 build/trans_recieve_buff_control.o
 .debug_ranges  0x00000198       0x80 build/stm32l4xx_it.o
 .debug_ranges  0x00000218       0x30 build/stm32l4xx_hal_msp.o
 .debug_ranges  0x00000248      0x1c8 build/stm32l4xx_hal_spi.o
 .debug_ranges  0x00000410      0x120 build/stm32l4xx_hal.o
 .debug_ranges  0x00000530       0x90 build/stm32l4xx_hal_rcc.o
 .debug_ranges  0x000005c0       0xd0 build/stm32l4xx_hal_rcc_ex.o
 .debug_ranges  0x00000690       0x48 build/stm32l4xx_hal_gpio.o
 .debug_ranges  0x000006d8       0x70 build/stm32l4xx_hal_dma.o
 .debug_ranges  0x00000748      0x140 build/stm32l4xx_hal_pwr_ex.o
 .debug_ranges  0x00000888       0xf8 build/stm32l4xx_hal_cortex.o
 .debug_ranges  0x00000980      0x200 build/stm32l4xx_hal_uart.o
 .debug_ranges  0x00000b80       0x50 build/stm32l4xx_hal_uart_ex.o
 .debug_ranges  0x00000bd0       0x18 build/system_stm32l4xx.o
 .debug_ranges  0x00000be8       0x20 build/startup_stm32l476xx.o

.debug_line     0x00000000     0xc94e
 .debug_line    0x00000000      0x688 build/main.o
 .debug_line    0x00000688      0xf7f build/modbus_master.o
 .debug_line    0x00001607      0x3e5 build/ringbuffer.o
 .debug_line    0x000019ec      0x3b8 build/trans_recieve_buff_control.o
 .debug_line    0x00001da4      0x459 build/stm32l4xx_it.o
 .debug_line    0x000021fd      0x479 build/stm32l4xx_hal_msp.o
 .debug_line    0x00002676     0x2905 build/stm32l4xx_hal_spi.o
 .debug_line    0x00004f7b      0x6a4 build/stm32l4xx_hal.o
 .debug_line    0x0000561f      0xedc build/stm32l4xx_hal_rcc.o
 .debug_line    0x000064fb     0x155a build/stm32l4xx_hal_rcc_ex.o
 .debug_line    0x00007a55      0x717 build/stm32l4xx_hal_gpio.o
 .debug_line    0x0000816c      0xa81 build/stm32l4xx_hal_dma.o
 .debug_line    0x00008bed      0xacc build/stm32l4xx_hal_pwr_ex.o
 .debug_line    0x000096b9      0x7bf build/stm32l4xx_hal_cortex.o
 .debug_line    0x00009e78     0x221e build/stm32l4xx_hal_uart.o
 .debug_line    0x0000c096      0x516 build/stm32l4xx_hal_uart_ex.o
 .debug_line    0x0000c5ac      0x32f build/system_stm32l4xx.o
 .debug_line    0x0000c8db       0x73 build/startup_stm32l476xx.o

.debug_str      0x00000000     0x45f9
 .debug_str     0x00000000     0x1868 build/main.o
                               0x198f (size before relaxing)
 .debug_str     0x00001868      0x5e6 build/modbus_master.o
                                0xa81 (size before relaxing)
 .debug_str     0x00001e4e       0xa9 build/ringbuffer.o
                                0x898 (size before relaxing)
 .debug_str     0x00001ef7       0xcb build/trans_recieve_buff_control.o
                                0xd6f (size before relaxing)
 .debug_str     0x00001fc2      0x17a build/stm32l4xx_it.o
                               0x1218 (size before relaxing)
 .debug_str     0x0000213c       0x99 build/stm32l4xx_hal_msp.o
                               0x145e (size before relaxing)
 .debug_str     0x000021d5      0x5ba build/stm32l4xx_hal_spi.o
                                0xdd5 (size before relaxing)
 .debug_str     0x0000278f      0x457 build/stm32l4xx_hal.o
                                0xf27 (size before relaxing)
 .debug_str     0x00002be6      0x25e build/stm32l4xx_hal_rcc.o
                                0xa86 (size before relaxing)
 .debug_str     0x00002e44      0x33b build/stm32l4xx_hal_rcc_ex.o
                                0xd0b (size before relaxing)
 .debug_str     0x0000317f       0xbc build/stm32l4xx_hal_gpio.o
                                0x79e (size before relaxing)
 .debug_str     0x0000323b      0x234 build/stm32l4xx_hal_dma.o
                                0x86a (size before relaxing)
 .debug_str     0x0000346f      0x4fc build/stm32l4xx_hal_pwr_ex.o
                                0xa50 (size before relaxing)
 .debug_str     0x0000396b      0x3ea build/stm32l4xx_hal_cortex.o
                                0xe5a (size before relaxing)
 .debug_str     0x00003d55      0x6c6 build/stm32l4xx_hal_uart.o
                               0x1137 (size before relaxing)
 .debug_str     0x0000441b      0x182 build/stm32l4xx_hal_uart_ex.o
                                0xa1e (size before relaxing)
 .debug_str     0x0000459d       0x38 build/system_stm32l4xx.o
                                0x5ec (size before relaxing)
 .debug_str     0x000045d5       0x24 build/startup_stm32l476xx.o
                                 0x48 (size before relaxing)

.comment        0x00000000       0x4c
 .comment       0x00000000       0x4c build/main.o
                                 0x4d (size before relaxing)
 .comment       0x0000004c       0x4d build/modbus_master.o
 .comment       0x0000004c       0x4d build/ringbuffer.o
 .comment       0x0000004c       0x4d build/trans_recieve_buff_control.o
 .comment       0x0000004c       0x4d build/stm32l4xx_it.o
 .comment       0x0000004c       0x4d build/stm32l4xx_hal_msp.o
 .comment       0x0000004c       0x4d build/stm32l4xx_hal_spi.o
 .comment       0x0000004c       0x4d build/stm32l4xx_hal.o
 .comment       0x0000004c       0x4d build/stm32l4xx_hal_rcc.o
 .comment       0x0000004c       0x4d build/stm32l4xx_hal_rcc_ex.o
 .comment       0x0000004c       0x4d build/stm32l4xx_hal_gpio.o
 .comment       0x0000004c       0x4d build/stm32l4xx_hal_dma.o
 .comment       0x0000004c       0x4d build/stm32l4xx_hal_pwr_ex.o
 .comment       0x0000004c       0x4d build/stm32l4xx_hal_cortex.o
 .comment       0x0000004c       0x4d build/stm32l4xx_hal_uart.o
 .comment       0x0000004c       0x4d build/stm32l4xx_hal_uart_ex.o
 .comment       0x0000004c       0x4d build/system_stm32l4xx.o

.debug_frame    0x00000000     0x1fa8
 .debug_frame   0x00000000       0xc4 build/main.o
 .debug_frame   0x000000c4      0x23c build/modbus_master.o
 .debug_frame   0x00000300       0x8c build/ringbuffer.o
 .debug_frame   0x0000038c       0xd8 build/trans_recieve_buff_control.o
 .debug_frame   0x00000464      0x138 build/stm32l4xx_it.o
 .debug_frame   0x0000059c       0x9c build/stm32l4xx_hal_msp.o
 .debug_frame   0x00000638      0x5d4 build/stm32l4xx_hal_spi.o
 .debug_frame   0x00000c0c      0x274 build/stm32l4xx_hal.o
 .debug_frame   0x00000e80      0x18c build/stm32l4xx_hal_rcc.o
 .debug_frame   0x0000100c      0x204 build/stm32l4xx_hal_rcc_ex.o
 .debug_frame   0x00001210       0xd0 build/stm32l4xx_hal_gpio.o
 .debug_frame   0x000012e0      0x158 build/stm32l4xx_hal_dma.o
 .debug_frame   0x00001438      0x298 build/stm32l4xx_hal_pwr_ex.o
 .debug_frame   0x000016d0      0x15c build/stm32l4xx_hal_cortex.o
 .debug_frame   0x0000182c      0x5c4 build/stm32l4xx_hal_uart.o
 .debug_frame   0x00001df0       0xdc build/stm32l4xx_hal_uart_ex.o
 .debug_frame   0x00001ecc       0x30 build/system_stm32l4xx.o
 .debug_frame   0x00001efc       0x2c c:/gnu arm embedded toolchain/9 2020-q2-update/bin/../lib/gcc/arm-none-eabi/9.3.1/../../../../arm-none-eabi/lib/thumb/v7e-m+fp/hard\libc_nano.a(lib_a-init.o)
 .debug_frame   0x00001f28       0x20 c:/gnu arm embedded toolchain/9 2020-q2-update/bin/../lib/gcc/arm-none-eabi/9.3.1/../../../../arm-none-eabi/lib/thumb/v7e-m+fp/hard\libc_nano.a(lib_a-memset.o)
 .debug_frame   0x00001f48       0x2c c:/gnu arm embedded toolchain/9 2020-q2-update/bin/../lib/gcc/arm-none-eabi/9.3.1/thumb/v7e-m+fp/hard\libgcc.a(_aeabi_uldivmod.o)
 .debug_frame   0x00001f74       0x34 c:/gnu arm embedded toolchain/9 2020-q2-update/bin/../lib/gcc/arm-none-eabi/9.3.1/thumb/v7e-m+fp/hard\libgcc.a(_udivmoddi4.o)

Cross Reference Table

Symbol                                            File
ADC1_2_IRQHandler                                 build/startup_stm32l476xx.o
ADC3_IRQHandler                                   build/startup_stm32l476xx.o
AHBPrescTable                                     build/system_stm32l4xx.o
                                                  build/stm32l4xx_hal_rcc.o
APBPrescTable                                     build/system_stm32l4xx.o
                                                  build/stm32l4xx_hal_rcc.o
BusFault_Handler                                  build/stm32l4xx_it.o
CAN1_RX0_IRQHandler                               build/startup_stm32l476xx.o
CAN1_RX1_IRQHandler                               build/startup_stm32l476xx.o
CAN1_SCE_IRQHandler                               build/startup_stm32l476xx.o
CAN1_TX_IRQHandler                                build/startup_stm32l476xx.o
COMP_IRQHandler                                   build/startup_stm32l476xx.o
DFSDM1_FLT0_IRQHandler                            build/startup_stm32l476xx.o
DFSDM1_FLT1_IRQHandler                            build/startup_stm32l476xx.o
DFSDM1_FLT2_IRQHandler                            build/startup_stm32l476xx.o
DFSDM1_FLT3_IRQHandler                            build/startup_stm32l476xx.o
DMA1_Channel1_IRQHandler                          build/startup_stm32l476xx.o
DMA1_Channel2_IRQHandler                          build/startup_stm32l476xx.o
DMA1_Channel3_IRQHandler                          build/startup_stm32l476xx.o
DMA1_Channel4_IRQHandler                          build/startup_stm32l476xx.o
DMA1_Channel5_IRQHandler                          build/startup_stm32l476xx.o
DMA1_Channel6_IRQHandler                          build/startup_stm32l476xx.o
DMA1_Channel7_IRQHandler                          build/startup_stm32l476xx.o
DMA2_Channel1_IRQHandler                          build/startup_stm32l476xx.o
DMA2_Channel2_IRQHandler                          build/startup_stm32l476xx.o
DMA2_Channel3_IRQHandler                          build/startup_stm32l476xx.o
DMA2_Channel4_IRQHandler                          build/startup_stm32l476xx.o
DMA2_Channel5_IRQHandler                          build/startup_stm32l476xx.o
DMA2_Channel6_IRQHandler                          build/startup_stm32l476xx.o
DMA2_Channel7_IRQHandler                          build/startup_stm32l476xx.o
DebugMon_Handler                                  build/stm32l4xx_it.o
Default_Handler                                   build/startup_stm32l476xx.o
Dut_Tx_Byte                                       build/Dut_Com.o
Dut_Tx_String                                     build/Dut_Com.o
EXTI0_IRQHandler                                  build/startup_stm32l476xx.o
EXTI15_10_IRQHandler                              build/stm32l4xx_it.o
EXTI1_IRQHandler                                  build/startup_stm32l476xx.o
EXTI2_IRQHandler                                  build/startup_stm32l476xx.o
EXTI3_IRQHandler                                  build/stm32l4xx_it.o
EXTI4_IRQHandler                                  build/stm32l4xx_it.o
EXTI9_5_IRQHandler                                build/stm32l4xx_it.o
Error_Handler                                     build/main.o
FLASH_FlushCaches                                 build/stm32l4xx_hal_flash_ex.o
                                                  build/stm32l4xx_hal_flash.o
FLASH_IRQHandler                                  build/startup_stm32l476xx.o
FLASH_PageErase                                   build/stm32l4xx_hal_flash_ex.o
                                                  build/stm32l4xx_hal_flash.o
FLASH_WaitForLastOperation                        build/stm32l4xx_hal_flash.o
                                                  build/stm32l4xx_hal_flash_ex.o
FMC_IRQHandler                                    build/startup_stm32l476xx.o
FPU_IRQHandler                                    build/startup_stm32l476xx.o
HAL_DBGMCU_DisableDBGSleepMode                    build/stm32l4xx_hal.o
HAL_DBGMCU_DisableDBGStandbyMode                  build/stm32l4xx_hal.o
HAL_DBGMCU_DisableDBGStopMode                     build/stm32l4xx_hal.o
HAL_DBGMCU_EnableDBGSleepMode                     build/stm32l4xx_hal.o
HAL_DBGMCU_EnableDBGStandbyMode                   build/stm32l4xx_hal.o
HAL_DBGMCU_EnableDBGStopMode                      build/stm32l4xx_hal.o
HAL_DMA_Abort                                     build/stm32l4xx_hal_dma.o
                                                  build/stm32l4xx_hal_uart.o
                                                  build/stm32l4xx_hal_spi.o
HAL_DMA_Abort_IT                                  build/stm32l4xx_hal_dma.o
                                                  build/stm32l4xx_hal_uart.o
                                                  build/stm32l4xx_hal_i2c.o
                                                  build/stm32l4xx_hal_spi.o
HAL_DMA_DeInit                                    build/stm32l4xx_hal_dma.o
HAL_DMA_GetError                                  build/stm32l4xx_hal_dma.o
                                                  build/stm32l4xx_hal_uart.o
HAL_DMA_GetState                                  build/stm32l4xx_hal_dma.o
                                                  build/stm32l4xx_hal_i2c.o
HAL_DMA_IRQHandler                                build/stm32l4xx_hal_dma.o
HAL_DMA_Init                                      build/stm32l4xx_hal_dma.o
HAL_DMA_PollForTransfer                           build/stm32l4xx_hal_dma.o
HAL_DMA_RegisterCallback                          build/stm32l4xx_hal_dma.o
HAL_DMA_Start                                     build/stm32l4xx_hal_dma.o
HAL_DMA_Start_IT                                  build/stm32l4xx_hal_dma.o
                                                  build/stm32l4xx_hal_uart.o
                                                  build/stm32l4xx_hal_i2c.o
                                                  build/stm32l4xx_hal_spi.o
HAL_DMA_UnRegisterCallback                        build/stm32l4xx_hal_dma.o
HAL_DeInit                                        build/stm32l4xx_hal.o
HAL_Delay                                         build/stm32l4xx_hal.o
                                                  build/main.o
HAL_EXTI_ClearConfigLine                          build/stm32l4xx_hal_exti.o
HAL_EXTI_ClearPending                             build/stm32l4xx_hal_exti.o
HAL_EXTI_GenerateSWI                              build/stm32l4xx_hal_exti.o
HAL_EXTI_GetConfigLine                            build/stm32l4xx_hal_exti.o
HAL_EXTI_GetHandle                                build/stm32l4xx_hal_exti.o
HAL_EXTI_GetPending                               build/stm32l4xx_hal_exti.o
HAL_EXTI_IRQHandler                               build/stm32l4xx_hal_exti.o
HAL_EXTI_RegisterCallback                         build/stm32l4xx_hal_exti.o
HAL_EXTI_SetConfigLine                            build/stm32l4xx_hal_exti.o
HAL_FLASHEx_DisableRunPowerDown                   build/stm32l4xx_hal_flash_ramfunc.o
HAL_FLASHEx_EnableRunPowerDown                    build/stm32l4xx_hal_flash_ramfunc.o
HAL_FLASHEx_Erase                                 build/stm32l4xx_hal_flash_ex.o
HAL_FLASHEx_Erase_IT                              build/stm32l4xx_hal_flash_ex.o
HAL_FLASHEx_OBGetConfig                           build/stm32l4xx_hal_flash_ex.o
HAL_FLASHEx_OBProgram                             build/stm32l4xx_hal_flash_ex.o
HAL_FLASH_EndOfOperationCallback                  build/stm32l4xx_hal_flash.o
HAL_FLASH_GetError                                build/stm32l4xx_hal_flash.o
HAL_FLASH_IRQHandler                              build/stm32l4xx_hal_flash.o
HAL_FLASH_Lock                                    build/stm32l4xx_hal_flash.o
HAL_FLASH_OB_Launch                               build/stm32l4xx_hal_flash.o
HAL_FLASH_OB_Lock                                 build/stm32l4xx_hal_flash.o
HAL_FLASH_OB_Unlock                               build/stm32l4xx_hal_flash.o
HAL_FLASH_OperationErrorCallback                  build/stm32l4xx_hal_flash.o
HAL_FLASH_Program                                 build/stm32l4xx_hal_flash.o
HAL_FLASH_Program_IT                              build/stm32l4xx_hal_flash.o
HAL_FLASH_Unlock                                  build/stm32l4xx_hal_flash.o
HAL_GPIO_DeInit                                   build/stm32l4xx_hal_gpio.o
                                                  build/stm32l4xx_hal_msp.o
HAL_GPIO_EXTI_Callback                            build/stm32l4xx_hal_gpio.o
HAL_GPIO_EXTI_IRQHandler                          build/stm32l4xx_hal_gpio.o
                                                  build/stm32l4xx_it.o
HAL_GPIO_Init                                     build/stm32l4xx_hal_gpio.o
                                                  build/stm32l4xx_hal_rcc_ex.o
                                                  build/stm32l4xx_hal_rcc.o
                                                  build/stm32l4xx_hal_msp.o
                                                  build/main.o
HAL_GPIO_LockPin                                  build/stm32l4xx_hal_gpio.o
HAL_GPIO_ReadPin                                  build/stm32l4xx_hal_gpio.o
HAL_GPIO_TogglePin                                build/stm32l4xx_hal_gpio.o
HAL_GPIO_WritePin                                 build/stm32l4xx_hal_gpio.o
                                                  build/main.o
HAL_GetDEVID                                      build/stm32l4xx_hal.o
HAL_GetHalVersion                                 build/stm32l4xx_hal.o
HAL_GetREVID                                      build/stm32l4xx_hal.o
HAL_GetTick                                       build/stm32l4xx_hal.o
                                                  build/stm32l4xx_hal_uart_ex.o
                                                  build/stm32l4xx_hal_uart.o
                                                  build/stm32l4xx_hal_dma.o
                                                  build/stm32l4xx_hal_flash.o
                                                  build/stm32l4xx_hal_rcc_ex.o
                                                  build/stm32l4xx_hal_rcc.o
                                                  build/stm32l4xx_hal_i2c.o
                                                  build/stm32l4xx_hal_spi.o
                                                  build/trans_recieve_buff_control.o
HAL_GetTickFreq                                   build/stm32l4xx_hal.o
HAL_GetTickPrio                                   build/stm32l4xx_hal.o
HAL_GetUIDw0                                      build/stm32l4xx_hal.o
HAL_GetUIDw1                                      build/stm32l4xx_hal.o
HAL_GetUIDw2                                      build/stm32l4xx_hal.o
HAL_HalfDuplex_EnableReceiver                     build/stm32l4xx_hal_uart.o
HAL_HalfDuplex_EnableTransmitter                  build/stm32l4xx_hal_uart.o
HAL_HalfDuplex_Init                               build/stm32l4xx_hal_uart.o
HAL_I2CEx_ConfigAnalogFilter                      build/stm32l4xx_hal_i2c_ex.o
HAL_I2CEx_ConfigDigitalFilter                     build/stm32l4xx_hal_i2c_ex.o
HAL_I2CEx_DisableFastModePlus                     build/stm32l4xx_hal_i2c_ex.o
HAL_I2CEx_DisableWakeUp                           build/stm32l4xx_hal_i2c_ex.o
HAL_I2CEx_EnableFastModePlus                      build/stm32l4xx_hal_i2c_ex.o
HAL_I2CEx_EnableWakeUp                            build/stm32l4xx_hal_i2c_ex.o
HAL_I2C_AbortCpltCallback                         build/stm32l4xx_hal_i2c.o
HAL_I2C_AddrCallback                              build/stm32l4xx_hal_i2c.o
HAL_I2C_DeInit                                    build/stm32l4xx_hal_i2c.o
HAL_I2C_DisableListen_IT                          build/stm32l4xx_hal_i2c.o
HAL_I2C_ER_IRQHandler                             build/stm32l4xx_hal_i2c.o
HAL_I2C_EV_IRQHandler                             build/stm32l4xx_hal_i2c.o
HAL_I2C_EnableListen_IT                           build/stm32l4xx_hal_i2c.o
HAL_I2C_ErrorCallback                             build/stm32l4xx_hal_i2c.o
HAL_I2C_GetError                                  build/stm32l4xx_hal_i2c.o
HAL_I2C_GetMode                                   build/stm32l4xx_hal_i2c.o
HAL_I2C_GetState                                  build/stm32l4xx_hal_i2c.o
HAL_I2C_Init                                      build/stm32l4xx_hal_i2c.o
HAL_I2C_IsDeviceReady                             build/stm32l4xx_hal_i2c.o
HAL_I2C_ListenCpltCallback                        build/stm32l4xx_hal_i2c.o
HAL_I2C_MasterRxCpltCallback                      build/stm32l4xx_hal_i2c.o
HAL_I2C_MasterTxCpltCallback                      build/stm32l4xx_hal_i2c.o
HAL_I2C_Master_Abort_IT                           build/stm32l4xx_hal_i2c.o
HAL_I2C_Master_Receive                            build/stm32l4xx_hal_i2c.o
HAL_I2C_Master_Receive_DMA                        build/stm32l4xx_hal_i2c.o
HAL_I2C_Master_Receive_IT                         build/stm32l4xx_hal_i2c.o
HAL_I2C_Master_Seq_Receive_DMA                    build/stm32l4xx_hal_i2c.o
HAL_I2C_Master_Seq_Receive_IT                     build/stm32l4xx_hal_i2c.o
HAL_I2C_Master_Seq_Transmit_DMA                   build/stm32l4xx_hal_i2c.o
HAL_I2C_Master_Seq_Transmit_IT                    build/stm32l4xx_hal_i2c.o
HAL_I2C_Master_Transmit                           build/stm32l4xx_hal_i2c.o
HAL_I2C_Master_Transmit_DMA                       build/stm32l4xx_hal_i2c.o
HAL_I2C_Master_Transmit_IT                        build/stm32l4xx_hal_i2c.o
HAL_I2C_MemRxCpltCallback                         build/stm32l4xx_hal_i2c.o
HAL_I2C_MemTxCpltCallback                         build/stm32l4xx_hal_i2c.o
HAL_I2C_Mem_Read                                  build/stm32l4xx_hal_i2c.o
HAL_I2C_Mem_Read_DMA                              build/stm32l4xx_hal_i2c.o
HAL_I2C_Mem_Read_IT                               build/stm32l4xx_hal_i2c.o
HAL_I2C_Mem_Write                                 build/stm32l4xx_hal_i2c.o
HAL_I2C_Mem_Write_DMA                             build/stm32l4xx_hal_i2c.o
HAL_I2C_Mem_Write_IT                              build/stm32l4xx_hal_i2c.o
HAL_I2C_MspDeInit                                 build/stm32l4xx_hal_i2c.o
HAL_I2C_MspInit                                   build/stm32l4xx_hal_i2c.o
HAL_I2C_SlaveRxCpltCallback                       build/stm32l4xx_hal_i2c.o
HAL_I2C_SlaveTxCpltCallback                       build/stm32l4xx_hal_i2c.o
HAL_I2C_Slave_Receive                             build/stm32l4xx_hal_i2c.o
HAL_I2C_Slave_Receive_DMA                         build/stm32l4xx_hal_i2c.o
HAL_I2C_Slave_Receive_IT                          build/stm32l4xx_hal_i2c.o
HAL_I2C_Slave_Seq_Receive_DMA                     build/stm32l4xx_hal_i2c.o
HAL_I2C_Slave_Seq_Receive_IT                      build/stm32l4xx_hal_i2c.o
HAL_I2C_Slave_Seq_Transmit_DMA                    build/stm32l4xx_hal_i2c.o
HAL_I2C_Slave_Seq_Transmit_IT                     build/stm32l4xx_hal_i2c.o
HAL_I2C_Slave_Transmit                            build/stm32l4xx_hal_i2c.o
HAL_I2C_Slave_Transmit_DMA                        build/stm32l4xx_hal_i2c.o
HAL_I2C_Slave_Transmit_IT                         build/stm32l4xx_hal_i2c.o
HAL_IncTick                                       build/stm32l4xx_hal.o
                                                  build/stm32l4xx_it.o
HAL_Init                                          build/stm32l4xx_hal.o
                                                  build/main.o
HAL_InitTick                                      build/stm32l4xx_hal.o
                                                  build/stm32l4xx_hal_rcc.o
HAL_LIN_Init                                      build/stm32l4xx_hal_uart.o
HAL_LIN_SendBreak                                 build/stm32l4xx_hal_uart.o
HAL_MPU_ConfigRegion                              build/stm32l4xx_hal_cortex.o
HAL_MPU_Disable                                   build/stm32l4xx_hal_cortex.o
HAL_MPU_Enable                                    build/stm32l4xx_hal_cortex.o
HAL_MspDeInit                                     build/stm32l4xx_hal.o
HAL_MspInit                                       build/stm32l4xx_hal_msp.o
HAL_MultiProcessorEx_AddressLength_Set            build/stm32l4xx_hal_uart_ex.o
HAL_MultiProcessor_DisableMuteMode                build/stm32l4xx_hal_uart.o
HAL_MultiProcessor_EnableMuteMode                 build/stm32l4xx_hal_uart.o
HAL_MultiProcessor_EnterMuteMode                  build/stm32l4xx_hal_uart.o
HAL_MultiProcessor_Init                           build/stm32l4xx_hal_uart.o
HAL_NVIC_ClearPendingIRQ                          build/stm32l4xx_hal_cortex.o
                                                  build/stm32l4xx_it.o
HAL_NVIC_DisableIRQ                               build/stm32l4xx_hal_cortex.o
                                                  build/stm32l4xx_hal_msp.o
HAL_NVIC_EnableIRQ                                build/stm32l4xx_hal_cortex.o
                                                  build/stm32l4xx_hal_msp.o
                                                  build/main.o
HAL_NVIC_GetActive                                build/stm32l4xx_hal_cortex.o
HAL_NVIC_GetPendingIRQ                            build/stm32l4xx_hal_cortex.o
HAL_NVIC_GetPriority                              build/stm32l4xx_hal_cortex.o
HAL_NVIC_GetPriorityGrouping                      build/stm32l4xx_hal_cortex.o
HAL_NVIC_SetPendingIRQ                            build/stm32l4xx_hal_cortex.o
HAL_NVIC_SetPriority                              build/stm32l4xx_hal_cortex.o
                                                  build/stm32l4xx_hal.o
                                                  build/stm32l4xx_hal_msp.o
                                                  build/main.o
HAL_NVIC_SetPriorityGrouping                      build/stm32l4xx_hal_cortex.o
                                                  build/stm32l4xx_hal.o
HAL_NVIC_SystemReset                              build/stm32l4xx_hal_cortex.o
HAL_PWREx_ConfigPVM                               build/stm32l4xx_hal_pwr_ex.o
HAL_PWREx_ControlVoltageScaling                   build/stm32l4xx_hal_pwr_ex.o
                                                  build/main.o
HAL_PWREx_DisableBatteryCharging                  build/stm32l4xx_hal_pwr_ex.o
HAL_PWREx_DisableGPIOPullDown                     build/stm32l4xx_hal_pwr_ex.o
HAL_PWREx_DisableGPIOPullUp                       build/stm32l4xx_hal_pwr_ex.o
HAL_PWREx_DisableInternalWakeUpLine               build/stm32l4xx_hal_pwr_ex.o
HAL_PWREx_DisableLowPowerRunMode                  build/stm32l4xx_hal_pwr_ex.o
                                                  build/stm32l4xx_hal_pwr.o
HAL_PWREx_DisablePVM1                             build/stm32l4xx_hal_pwr_ex.o
HAL_PWREx_DisablePVM2                             build/stm32l4xx_hal_pwr_ex.o
HAL_PWREx_DisablePVM3                             build/stm32l4xx_hal_pwr_ex.o
HAL_PWREx_DisablePVM4                             build/stm32l4xx_hal_pwr_ex.o
HAL_PWREx_DisablePullUpPullDownConfig             build/stm32l4xx_hal_pwr_ex.o
HAL_PWREx_DisableSRAM2ContentRetention            build/stm32l4xx_hal_pwr_ex.o
HAL_PWREx_DisableVddIO2                           build/stm32l4xx_hal_pwr_ex.o
HAL_PWREx_DisableVddUSB                           build/stm32l4xx_hal_pwr_ex.o
HAL_PWREx_EnableBatteryCharging                   build/stm32l4xx_hal_pwr_ex.o
HAL_PWREx_EnableGPIOPullDown                      build/stm32l4xx_hal_pwr_ex.o
HAL_PWREx_EnableGPIOPullUp                        build/stm32l4xx_hal_pwr_ex.o
HAL_PWREx_EnableInternalWakeUpLine                build/stm32l4xx_hal_pwr_ex.o
HAL_PWREx_EnableLowPowerRunMode                   build/stm32l4xx_hal_pwr_ex.o
                                                  build/stm32l4xx_hal_pwr.o
HAL_PWREx_EnablePVM1                              build/stm32l4xx_hal_pwr_ex.o
HAL_PWREx_EnablePVM2                              build/stm32l4xx_hal_pwr_ex.o
HAL_PWREx_EnablePVM3                              build/stm32l4xx_hal_pwr_ex.o
HAL_PWREx_EnablePVM4                              build/stm32l4xx_hal_pwr_ex.o
HAL_PWREx_EnablePullUpPullDownConfig              build/stm32l4xx_hal_pwr_ex.o
HAL_PWREx_EnableSRAM2ContentRetention             build/stm32l4xx_hal_pwr_ex.o
HAL_PWREx_EnableVddIO2                            build/stm32l4xx_hal_pwr_ex.o
HAL_PWREx_EnableVddUSB                            build/stm32l4xx_hal_pwr_ex.o
HAL_PWREx_EnterSHUTDOWNMode                       build/stm32l4xx_hal_pwr_ex.o
HAL_PWREx_EnterSTOP0Mode                          build/stm32l4xx_hal_pwr_ex.o
                                                  build/stm32l4xx_hal_pwr.o
HAL_PWREx_EnterSTOP1Mode                          build/stm32l4xx_hal_pwr_ex.o
                                                  build/stm32l4xx_hal_pwr.o
HAL_PWREx_EnterSTOP2Mode                          build/stm32l4xx_hal_pwr_ex.o
HAL_PWREx_GetVoltageRange                         build/stm32l4xx_hal_pwr_ex.o
                                                  build/stm32l4xx_hal_rcc.o
HAL_PWREx_PVD_PVM_IRQHandler                      build/stm32l4xx_hal_pwr_ex.o
HAL_PWREx_PVM1Callback                            build/stm32l4xx_hal_pwr_ex.o
HAL_PWREx_PVM2Callback                            build/stm32l4xx_hal_pwr_ex.o
HAL_PWREx_PVM3Callback                            build/stm32l4xx_hal_pwr_ex.o
HAL_PWREx_PVM4Callback                            build/stm32l4xx_hal_pwr_ex.o
HAL_PWREx_SetSRAM2ContentRetention                build/stm32l4xx_hal_pwr_ex.o
HAL_PWR_ConfigPVD                                 build/stm32l4xx_hal_pwr.o
HAL_PWR_DeInit                                    build/stm32l4xx_hal_pwr.o
HAL_PWR_DisableBkUpAccess                         build/stm32l4xx_hal_pwr.o
                                                  build/stm32l4xx_hal_rcc_ex.o
HAL_PWR_DisablePVD                                build/stm32l4xx_hal_pwr.o
HAL_PWR_DisableSEVOnPend                          build/stm32l4xx_hal_pwr.o
HAL_PWR_DisableSleepOnExit                        build/stm32l4xx_hal_pwr.o
HAL_PWR_DisableWakeUpPin                          build/stm32l4xx_hal_pwr.o
HAL_PWR_EnableBkUpAccess                          build/stm32l4xx_hal_pwr.o
                                                  build/stm32l4xx_hal_rcc_ex.o
HAL_PWR_EnablePVD                                 build/stm32l4xx_hal_pwr.o
HAL_PWR_EnableSEVOnPend                           build/stm32l4xx_hal_pwr.o
HAL_PWR_EnableSleepOnExit                         build/stm32l4xx_hal_pwr.o
HAL_PWR_EnableWakeUpPin                           build/stm32l4xx_hal_pwr.o
HAL_PWR_EnterSLEEPMode                            build/stm32l4xx_hal_pwr.o
HAL_PWR_EnterSTANDBYMode                          build/stm32l4xx_hal_pwr.o
HAL_PWR_EnterSTOPMode                             build/stm32l4xx_hal_pwr.o
HAL_PWR_PVDCallback                               build/stm32l4xx_hal_pwr.o
                                                  build/stm32l4xx_hal_pwr_ex.o
HAL_RCCEx_DisableLSCO                             build/stm32l4xx_hal_rcc_ex.o
HAL_RCCEx_DisableLSECSS                           build/stm32l4xx_hal_rcc_ex.o
HAL_RCCEx_DisableMSIPLLMode                       build/stm32l4xx_hal_rcc_ex.o
HAL_RCCEx_DisablePLLSAI1                          build/stm32l4xx_hal_rcc_ex.o
HAL_RCCEx_DisablePLLSAI2                          build/stm32l4xx_hal_rcc_ex.o
HAL_RCCEx_EnableLSCO                              build/stm32l4xx_hal_rcc_ex.o
HAL_RCCEx_EnableLSECSS                            build/stm32l4xx_hal_rcc_ex.o
HAL_RCCEx_EnableLSECSS_IT                         build/stm32l4xx_hal_rcc_ex.o
HAL_RCCEx_EnableMSIPLLMode                        build/stm32l4xx_hal_rcc_ex.o
HAL_RCCEx_EnablePLLSAI1                           build/stm32l4xx_hal_rcc_ex.o
HAL_RCCEx_EnablePLLSAI2                           build/stm32l4xx_hal_rcc_ex.o
HAL_RCCEx_GetPeriphCLKConfig                      build/stm32l4xx_hal_rcc_ex.o
HAL_RCCEx_GetPeriphCLKFreq                        build/stm32l4xx_hal_rcc_ex.o
HAL_RCCEx_LSECSS_Callback                         build/stm32l4xx_hal_rcc_ex.o
HAL_RCCEx_LSECSS_IRQHandler                       build/stm32l4xx_hal_rcc_ex.o
HAL_RCCEx_PeriphCLKConfig                         build/stm32l4xx_hal_rcc_ex.o
                                                  build/main.o
HAL_RCCEx_StandbyMSIRangeConfig                   build/stm32l4xx_hal_rcc_ex.o
HAL_RCCEx_WakeUpStopCLKConfig                     build/stm32l4xx_hal_rcc_ex.o
HAL_RCC_CSSCallback                               build/stm32l4xx_hal_rcc.o
HAL_RCC_ClockConfig                               build/stm32l4xx_hal_rcc.o
                                                  build/main.o
HAL_RCC_DeInit                                    build/stm32l4xx_hal_rcc.o
HAL_RCC_EnableCSS                                 build/stm32l4xx_hal_rcc.o
HAL_RCC_GetClockConfig                            build/stm32l4xx_hal_rcc.o
HAL_RCC_GetHCLKFreq                               build/stm32l4xx_hal_rcc.o
HAL_RCC_GetOscConfig                              build/stm32l4xx_hal_rcc.o
HAL_RCC_GetPCLK1Freq                              build/stm32l4xx_hal_rcc.o
                                                  build/stm32l4xx_hal_uart.o
                                                  build/stm32l4xx_hal_rcc_ex.o
HAL_RCC_GetPCLK2Freq                              build/stm32l4xx_hal_rcc.o
                                                  build/stm32l4xx_hal_uart.o
                                                  build/stm32l4xx_hal_rcc_ex.o
HAL_RCC_GetSysClockFreq                           build/stm32l4xx_hal_rcc.o
                                                  build/stm32l4xx_hal_uart.o
                                                  build/stm32l4xx_hal_rcc_ex.o
HAL_RCC_MCOConfig                                 build/stm32l4xx_hal_rcc.o
HAL_RCC_NMI_IRQHandler                            build/stm32l4xx_hal_rcc.o
HAL_RCC_OscConfig                                 build/stm32l4xx_hal_rcc.o
                                                  build/main.o
HAL_RS485Ex_Init                                  build/stm32l4xx_hal_uart_ex.o
HAL_ResumeTick                                    build/stm32l4xx_hal.o
HAL_SPIEx_FlushRxFifo                             build/stm32l4xx_hal_spi_ex.o
HAL_SPI_Abort                                     build/stm32l4xx_hal_spi.o
HAL_SPI_AbortCpltCallback                         build/stm32l4xx_hal_spi.o
HAL_SPI_Abort_IT                                  build/stm32l4xx_hal_spi.o
HAL_SPI_DMAPause                                  build/stm32l4xx_hal_spi.o
HAL_SPI_DMAResume                                 build/stm32l4xx_hal_spi.o
HAL_SPI_DMAStop                                   build/stm32l4xx_hal_spi.o
HAL_SPI_DeInit                                    build/stm32l4xx_hal_spi.o
HAL_SPI_ErrorCallback                             build/stm32l4xx_hal_spi.o
HAL_SPI_GetError                                  build/stm32l4xx_hal_spi.o
HAL_SPI_GetState                                  build/stm32l4xx_hal_spi.o
HAL_SPI_IRQHandler                                build/stm32l4xx_hal_spi.o
HAL_SPI_Init                                      build/stm32l4xx_hal_spi.o
                                                  build/main.o
HAL_SPI_MspDeInit                                 build/stm32l4xx_hal_msp.o
HAL_SPI_MspInit                                   build/stm32l4xx_hal_msp.o
HAL_SPI_Receive                                   build/stm32l4xx_hal_spi.o
HAL_SPI_Receive_DMA                               build/stm32l4xx_hal_spi.o
HAL_SPI_Receive_IT                                build/stm32l4xx_hal_spi.o
HAL_SPI_RxCpltCallback                            build/stm32l4xx_hal_spi.o
HAL_SPI_RxHalfCpltCallback                        build/stm32l4xx_hal_spi.o
HAL_SPI_Transmit                                  build/stm32l4xx_hal_spi.o
HAL_SPI_TransmitReceive                           build/stm32l4xx_hal_spi.o
HAL_SPI_TransmitReceive_DMA                       build/stm32l4xx_hal_spi.o
HAL_SPI_TransmitReceive_IT                        build/stm32l4xx_hal_spi.o
HAL_SPI_Transmit_DMA                              build/stm32l4xx_hal_spi.o
HAL_SPI_Transmit_IT                               build/stm32l4xx_hal_spi.o
HAL_SPI_TxCpltCallback                            build/stm32l4xx_hal_spi.o
HAL_SPI_TxHalfCpltCallback                        build/stm32l4xx_hal_spi.o
HAL_SPI_TxRxCpltCallback                          build/stm32l4xx_hal_spi.o
HAL_SPI_TxRxHalfCpltCallback                      build/stm32l4xx_hal_spi.o
HAL_SYSCFG_DisableIOAnalogSwitchBooster           build/stm32l4xx_hal.o
HAL_SYSCFG_DisableMemorySwappingBank              build/stm32l4xx_hal.o
HAL_SYSCFG_DisableVREFBUF                         build/stm32l4xx_hal.o
HAL_SYSCFG_EnableIOAnalogSwitchBooster            build/stm32l4xx_hal.o
HAL_SYSCFG_EnableMemorySwappingBank               build/stm32l4xx_hal.o
HAL_SYSCFG_EnableVREFBUF                          build/stm32l4xx_hal.o
HAL_SYSCFG_SRAM2Erase                             build/stm32l4xx_hal.o
HAL_SYSCFG_VREFBUF_HighImpedanceConfig            build/stm32l4xx_hal.o
HAL_SYSCFG_VREFBUF_TrimmingConfig                 build/stm32l4xx_hal.o
HAL_SYSCFG_VREFBUF_VoltageScalingConfig           build/stm32l4xx_hal.o
HAL_SYSTICK_CLKSourceConfig                       build/stm32l4xx_hal_cortex.o
HAL_SYSTICK_Callback                              build/stm32l4xx_hal_cortex.o
HAL_SYSTICK_Config                                build/stm32l4xx_hal_cortex.o
                                                  build/stm32l4xx_hal.o
HAL_SYSTICK_IRQHandler                            build/stm32l4xx_hal_cortex.o
                                                  build/stm32l4xx_it.o
HAL_SetTickFreq                                   build/stm32l4xx_hal.o
HAL_SuspendTick                                   build/stm32l4xx_hal.o
HAL_UARTEx_DisableClockStopMode                   build/stm32l4xx_hal_uart_ex.o
HAL_UARTEx_DisableStopMode                        build/stm32l4xx_hal_uart_ex.o
HAL_UARTEx_EnableClockStopMode                    build/stm32l4xx_hal_uart_ex.o
HAL_UARTEx_EnableStopMode                         build/stm32l4xx_hal_uart_ex.o
HAL_UARTEx_StopModeWakeUpSourceConfig             build/stm32l4xx_hal_uart_ex.o
HAL_UARTEx_WakeupCallback                         build/stm32l4xx_hal_uart_ex.o
                                                  build/stm32l4xx_hal_uart.o
HAL_UART_Abort                                    build/stm32l4xx_hal_uart.o
HAL_UART_AbortCpltCallback                        build/stm32l4xx_hal_uart.o
HAL_UART_AbortReceive                             build/stm32l4xx_hal_uart.o
HAL_UART_AbortReceiveCpltCallback                 build/stm32l4xx_hal_uart.o
HAL_UART_AbortReceive_IT                          build/stm32l4xx_hal_uart.o
HAL_UART_AbortTransmit                            build/stm32l4xx_hal_uart.o
HAL_UART_AbortTransmitCpltCallback                build/stm32l4xx_hal_uart.o
HAL_UART_AbortTransmit_IT                         build/stm32l4xx_hal_uart.o
HAL_UART_Abort_IT                                 build/stm32l4xx_hal_uart.o
HAL_UART_DMAPause                                 build/stm32l4xx_hal_uart.o
HAL_UART_DMAResume                                build/stm32l4xx_hal_uart.o
HAL_UART_DMAStop                                  build/stm32l4xx_hal_uart.o
HAL_UART_DeInit                                   build/stm32l4xx_hal_uart.o
HAL_UART_DisableReceiverTimeout                   build/stm32l4xx_hal_uart.o
HAL_UART_EnableReceiverTimeout                    build/stm32l4xx_hal_uart.o
HAL_UART_ErrorCallback                            build/stm32l4xx_hal_uart.o
HAL_UART_GetError                                 build/stm32l4xx_hal_uart.o
HAL_UART_GetState                                 build/stm32l4xx_hal_uart.o
HAL_UART_IRQHandler                               build/stm32l4xx_hal_uart.o
                                                  build/stm32l4xx_it.o
HAL_UART_Init                                     build/stm32l4xx_hal_uart.o
                                                  build/main.o
HAL_UART_MspDeInit                                build/stm32l4xx_hal_msp.o
HAL_UART_MspInit                                  build/stm32l4xx_hal_msp.o
                                                  build/stm32l4xx_hal_uart_ex.o
HAL_UART_Receive                                  build/stm32l4xx_hal_uart.o
                                                  build/trans_recieve_buff_control.o
HAL_UART_Receive_DMA                              build/stm32l4xx_hal_uart.o
HAL_UART_Receive_IT                               build/stm32l4xx_hal_uart.o
HAL_UART_ReceiverTimeout_Config                   build/stm32l4xx_hal_uart.o
HAL_UART_RxCpltCallback                           build/stm32l4xx_hal_uart.o
HAL_UART_RxHalfCpltCallback                       build/stm32l4xx_hal_uart.o
HAL_UART_Transmit                                 build/stm32l4xx_hal_uart.o
                                                  build/trans_recieve_buff_control.o
                                                  build/Dut_Com.o
                                                  build/CAT_Com.o
HAL_UART_Transmit_DMA                             build/stm32l4xx_hal_uart.o
HAL_UART_Transmit_IT                              build/stm32l4xx_hal_uart.o
HAL_UART_TxCpltCallback                           build/stm32l4xx_hal_uart.o
HAL_UART_TxHalfCpltCallback                       build/stm32l4xx_hal_uart.o
HardFault_Handler                                 build/stm32l4xx_it.o
I2C1_ER_IRQHandler                                build/startup_stm32l476xx.o
I2C1_EV_IRQHandler                                build/startup_stm32l476xx.o
I2C2_ER_IRQHandler                                build/startup_stm32l476xx.o
I2C2_EV_IRQHandler                                build/startup_stm32l476xx.o
I2C3_ER_IRQHandler                                build/startup_stm32l476xx.o
I2C3_EV_IRQHandler                                build/startup_stm32l476xx.o
LCD_IRQHandler                                    build/startup_stm32l476xx.o
LPTIM1_IRQHandler                                 build/startup_stm32l476xx.o
LPTIM2_IRQHandler                                 build/startup_stm32l476xx.o
LPUART1_IRQHandler                                build/startup_stm32l476xx.o
MSIRangeTable                                     build/system_stm32l4xx.o
                                                  build/stm32l4xx_hal_rcc_ex.o
                                                  build/stm32l4xx_hal_rcc.o
MemManage_Handler                                 build/stm32l4xx_it.o
ModbusMaster_ModbusMasterTransaction              build/modbus_master.o
ModbusMaster_available                            build/modbus_master.o
ModbusMaster_begin                                build/modbus_master.o
                                                  build/main.o
ModbusMaster_beginTransmission                    build/modbus_master.o
ModbusMaster_clearResponseBuffer                  build/modbus_master.o
ModbusMaster_clearTransmitBuffer                  build/modbus_master.o
ModbusMaster_getResponseBuffer                    build/modbus_master.o
                                                  build/main.o
ModbusMaster_maskWriteRegister                    build/modbus_master.o
ModbusMaster_readCoils                            build/modbus_master.o
ModbusMaster_readDiscreteInputs                   build/modbus_master.o
ModbusMaster_readHoldingRegisters                 build/modbus_master.o
ModbusMaster_readInputRegisters                   build/modbus_master.o
                                                  build/main.o
ModbusMaster_readWriteMultipleRegisters           build/modbus_master.o
ModbusMaster_receive                              build/modbus_master.o
ModbusMaster_requestFrom                          build/modbus_master.o
ModbusMaster_send16                               build/modbus_master.o
ModbusMaster_send32                               build/modbus_master.o
ModbusMaster_send8                                build/modbus_master.o
ModbusMaster_sendBit                              build/modbus_master.o
ModbusMaster_setTransmitBuffer                    build/modbus_master.o
ModbusMaster_writeMultipleCoils                   build/modbus_master.o
ModbusMaster_writeMultipleRegisters               build/modbus_master.o
ModbusMaster_writeSingleCoil                      build/modbus_master.o
ModbusMaster_writeSingleRegister                  build/modbus_master.o
Modbus_Master_GetByte                             build/trans_recieve_buff_control.o
Modbus_Master_Millis                              build/trans_recieve_buff_control.o
                                                  build/modbus_master.o
Modbus_Master_RB_Initialize                       build/trans_recieve_buff_control.o
                                                  build/modbus_master.o
Modbus_Master_Read                                build/trans_recieve_buff_control.o
                                                  build/modbus_master.o
Modbus_Master_Rece_Available                      build/trans_recieve_buff_control.o
                                                  build/modbus_master.o
Modbus_Master_Rece_Flush                          build/trans_recieve_buff_control.o
                                                  build/modbus_master.o
Modbus_Master_Rece_Handler                        build/trans_recieve_buff_control.o
                                                  build/stm32l4xx_it.o
Modbus_Master_Write                               build/trans_recieve_buff_control.o
                                                  build/modbus_master.o
NMI_Handler                                       build/stm32l4xx_it.o
OTG_FS_IRQHandler                                 build/startup_stm32l476xx.o
PVD_PVM_IRQHandler                                build/startup_stm32l476xx.o
PendSV_Handler                                    build/stm32l4xx_it.o
QUADSPI_IRQHandler                                build/startup_stm32l476xx.o
RCC_IRQHandler                                    build/startup_stm32l476xx.o
RNG_IRQHandler                                    build/startup_stm32l476xx.o
RTC_Alarm_IRQHandler                              build/startup_stm32l476xx.o
RTC_WKUP_IRQHandler                               build/startup_stm32l476xx.o
Reset_Handler                                     build/startup_stm32l476xx.o
SAI1_IRQHandler                                   build/startup_stm32l476xx.o
SAI2_IRQHandler                                   build/startup_stm32l476xx.o
SDMMC1_IRQHandler                                 build/startup_stm32l476xx.o
SPI1_IRQHandler                                   build/startup_stm32l476xx.o
SPI2_IRQHandler                                   build/startup_stm32l476xx.o
SPI3_IRQHandler                                   build/startup_stm32l476xx.o
SVC_Handler                                       build/stm32l4xx_it.o
SWPMI1_IRQHandler                                 build/startup_stm32l476xx.o
SysTick_Handler                                   build/stm32l4xx_it.o
SystemClock_Config                                build/main.o
SystemCoreClock                                   build/system_stm32l4xx.o
                                                  build/stm32l4xx_hal_pwr_ex.o
                                                  build/stm32l4xx_hal_rcc.o
                                                  build/stm32l4xx_hal.o
                                                  build/stm32l4xx_hal_spi.o
SystemCoreClockUpdate                             build/system_stm32l4xx.o
SystemInit                                        build/system_stm32l4xx.o
                                                  build/startup_stm32l476xx.o
TAMP_STAMP_IRQHandler                             build/startup_stm32l476xx.o
TIM1_BRK_TIM15_IRQHandler                         build/startup_stm32l476xx.o
TIM1_CC_IRQHandler                                build/startup_stm32l476xx.o
TIM1_TRG_COM_TIM17_IRQHandler                     build/startup_stm32l476xx.o
TIM1_UP_TIM16_IRQHandler                          build/startup_stm32l476xx.o
TIM2_IRQHandler                                   build/startup_stm32l476xx.o
TIM3_IRQHandler                                   build/startup_stm32l476xx.o
TIM4_IRQHandler                                   build/startup_stm32l476xx.o
TIM5_IRQHandler                                   build/startup_stm32l476xx.o
TIM6_DAC_IRQHandler                               build/startup_stm32l476xx.o
TIM7_IRQHandler                                   build/startup_stm32l476xx.o
TIM8_BRK_IRQHandler                               build/startup_stm32l476xx.o
TIM8_CC_IRQHandler                                build/startup_stm32l476xx.o
TIM8_TRG_COM_IRQHandler                           build/startup_stm32l476xx.o
TIM8_UP_IRQHandler                                build/startup_stm32l476xx.o
TSC_IRQHandler                                    build/startup_stm32l476xx.o
Tx_Byte_To_Cat                                    build/CAT_Com.o
Tx_String_To_Cat                                  build/CAT_Com.o
UART4_IRQHandler                                  build/startup_stm32l476xx.o
UART5_IRQHandler                                  build/startup_stm32l476xx.o
UART_AdvFeatureConfig                             build/stm32l4xx_hal_uart.o
                                                  build/stm32l4xx_hal_uart_ex.o
UART_CheckIdleState                               build/stm32l4xx_hal_uart.o
                                                  build/stm32l4xx_hal_uart_ex.o
UART_SetConfig                                    build/stm32l4xx_hal_uart.o
                                                  build/stm32l4xx_hal_uart_ex.o
UART_WaitOnFlagUntilTimeout                       build/stm32l4xx_hal_uart.o
                                                  build/stm32l4xx_hal_uart_ex.o
USART1_IRQHandler                                 build/stm32l4xx_it.o
USART2_IRQHandler                                 build/stm32l4xx_it.o
USART3_IRQHandler                                 build/startup_stm32l476xx.o
UsageFault_Handler                                build/stm32l4xx_it.o
WWDG_IRQHandler                                   build/startup_stm32l476xx.o
__aeabi_idiv0                                     c:/gnu arm embedded toolchain/9 2020-q2-update/bin/../lib/gcc/arm-none-eabi/9.3.1/thumb/v7e-m+fp/hard\libgcc.a(_dvmd_tls.o)
__aeabi_ldiv0                                     c:/gnu arm embedded toolchain/9 2020-q2-update/bin/../lib/gcc/arm-none-eabi/9.3.1/thumb/v7e-m+fp/hard\libgcc.a(_dvmd_tls.o)
                                                  c:/gnu arm embedded toolchain/9 2020-q2-update/bin/../lib/gcc/arm-none-eabi/9.3.1/thumb/v7e-m+fp/hard\libgcc.a(_aeabi_uldivmod.o)
__aeabi_uldivmod                                  c:/gnu arm embedded toolchain/9 2020-q2-update/bin/../lib/gcc/arm-none-eabi/9.3.1/thumb/v7e-m+fp/hard\libgcc.a(_aeabi_uldivmod.o)
                                                  build/stm32l4xx_hal_uart.o
__bss_end__                                       c:/gnu arm embedded toolchain/9 2020-q2-update/bin/../lib/gcc/arm-none-eabi/9.3.1/../../../../arm-none-eabi/lib/thumb/v7e-m+fp/hard/crt0.o
__bss_start__                                     c:/gnu arm embedded toolchain/9 2020-q2-update/bin/../lib/gcc/arm-none-eabi/9.3.1/../../../../arm-none-eabi/lib/thumb/v7e-m+fp/hard/crt0.o
__call_exitprocs                                  c:/gnu arm embedded toolchain/9 2020-q2-update/bin/../lib/gcc/arm-none-eabi/9.3.1/../../../../arm-none-eabi/lib/thumb/v7e-m+fp/hard\libc_nano.a(lib_a-exit.o)
__deregister_frame_info                           c:/gnu arm embedded toolchain/9 2020-q2-update/bin/../lib/gcc/arm-none-eabi/9.3.1/thumb/v7e-m+fp/hard/crtbegin.o
__dso_handle                                      c:/gnu arm embedded toolchain/9 2020-q2-update/bin/../lib/gcc/arm-none-eabi/9.3.1/thumb/v7e-m+fp/hard/crtbegin.o
__init_array_end                                  c:/gnu arm embedded toolchain/9 2020-q2-update/bin/../lib/gcc/arm-none-eabi/9.3.1/../../../../arm-none-eabi/lib/thumb/v7e-m+fp/hard\libc_nano.a(lib_a-init.o)
__init_array_start                                c:/gnu arm embedded toolchain/9 2020-q2-update/bin/../lib/gcc/arm-none-eabi/9.3.1/../../../../arm-none-eabi/lib/thumb/v7e-m+fp/hard\libc_nano.a(lib_a-init.o)
__libc_fini_array                                 c:/gnu arm embedded toolchain/9 2020-q2-update/bin/../lib/gcc/arm-none-eabi/9.3.1/../../../../arm-none-eabi/lib/thumb/v7e-m+fp/hard/crt0.o
__libc_init_array                                 c:/gnu arm embedded toolchain/9 2020-q2-update/bin/../lib/gcc/arm-none-eabi/9.3.1/../../../../arm-none-eabi/lib/thumb/v7e-m+fp/hard\libc_nano.a(lib_a-init.o)
                                                  build/startup_stm32l476xx.o
                                                  c:/gnu arm embedded toolchain/9 2020-q2-update/bin/../lib/gcc/arm-none-eabi/9.3.1/../../../../arm-none-eabi/lib/thumb/v7e-m+fp/hard/crt0.o
__preinit_array_end                               c:/gnu arm embedded toolchain/9 2020-q2-update/bin/../lib/gcc/arm-none-eabi/9.3.1/../../../../arm-none-eabi/lib/thumb/v7e-m+fp/hard\libc_nano.a(lib_a-init.o)
__preinit_array_start                             c:/gnu arm embedded toolchain/9 2020-q2-update/bin/../lib/gcc/arm-none-eabi/9.3.1/../../../../arm-none-eabi/lib/thumb/v7e-m+fp/hard\libc_nano.a(lib_a-init.o)
__register_frame_info                             c:/gnu arm embedded toolchain/9 2020-q2-update/bin/../lib/gcc/arm-none-eabi/9.3.1/thumb/v7e-m+fp/hard/crtbegin.o
__sf_fake_stderr                                  c:/gnu arm embedded toolchain/9 2020-q2-update/bin/../lib/gcc/arm-none-eabi/9.3.1/../../../../arm-none-eabi/lib/thumb/v7e-m+fp/hard\libc_nano.a(lib_a-impure.o)
__sf_fake_stdin                                   c:/gnu arm embedded toolchain/9 2020-q2-update/bin/../lib/gcc/arm-none-eabi/9.3.1/../../../../arm-none-eabi/lib/thumb/v7e-m+fp/hard\libc_nano.a(lib_a-impure.o)
__sf_fake_stdout                                  c:/gnu arm embedded toolchain/9 2020-q2-update/bin/../lib/gcc/arm-none-eabi/9.3.1/../../../../arm-none-eabi/lib/thumb/v7e-m+fp/hard\libc_nano.a(lib_a-impure.o)
__stack                                           c:/gnu arm embedded toolchain/9 2020-q2-update/bin/../lib/gcc/arm-none-eabi/9.3.1/../../../../arm-none-eabi/lib/thumb/v7e-m+fp/hard/crt0.o
__udivmoddi4                                      c:/gnu arm embedded toolchain/9 2020-q2-update/bin/../lib/gcc/arm-none-eabi/9.3.1/thumb/v7e-m+fp/hard\libgcc.a(_udivmoddi4.o)
                                                  c:/gnu arm embedded toolchain/9 2020-q2-update/bin/../lib/gcc/arm-none-eabi/9.3.1/thumb/v7e-m+fp/hard\libgcc.a(_aeabi_uldivmod.o)
_ebss                                             build/startup_stm32l476xx.o
_edata                                            build/startup_stm32l476xx.o
_estack                                           build/startup_stm32l476xx.o
_exit                                             c:/gnu arm embedded toolchain/9 2020-q2-update/bin/../lib/gcc/arm-none-eabi/9.3.1/../../../../arm-none-eabi/lib/thumb/v7e-m+fp/hard\libnosys.a(_exit.o)
                                                  c:/gnu arm embedded toolchain/9 2020-q2-update/bin/../lib/gcc/arm-none-eabi/9.3.1/../../../../arm-none-eabi/lib/thumb/v7e-m+fp/hard\libc_nano.a(lib_a-exit.o)
_fini                                             c:/gnu arm embedded toolchain/9 2020-q2-update/bin/../lib/gcc/arm-none-eabi/9.3.1/thumb/v7e-m+fp/hard/crti.o
_global_impure_ptr                                c:/gnu arm embedded toolchain/9 2020-q2-update/bin/../lib/gcc/arm-none-eabi/9.3.1/../../../../arm-none-eabi/lib/thumb/v7e-m+fp/hard\libc_nano.a(lib_a-impure.o)
                                                  c:/gnu arm embedded toolchain/9 2020-q2-update/bin/../lib/gcc/arm-none-eabi/9.3.1/../../../../arm-none-eabi/lib/thumb/v7e-m+fp/hard\libc_nano.a(lib_a-exit.o)
_idle                                             build/modbus_master.o