###############################################################################
#
# IAR ELF Linker V7.80.2.11947/W32 for ARM                29/Dec/2020  01:17:37
# Copyright 2007-2016 IAR Systems AB.
#
#    Output file  =  
#        D:\huimeng\newtimeda\dut\stm32_cat1\EWARM\STM32_Cat1\Exe\STM32_Cat1.out
#    Map file     =  
#        D:\huimeng\newtimeda\dut\stm32_cat1\EWARM\STM32_Cat1\List\STM32_Cat1.map
#    Command line =  
#        D:\huimeng\newtimeda\dut\stm32_cat1\EWARM\STM32_Cat1\Obj\app_led.o
#        D:\huimeng\newtimeda\dut\stm32_cat1\EWARM\STM32_Cat1\Obj\CAT_Com.o
#        D:\huimeng\newtimeda\dut\stm32_cat1\EWARM\STM32_Cat1\Obj\Dut_Com.o
#        D:\huimeng\newtimeda\dut\stm32_cat1\EWARM\STM32_Cat1\Obj\main.o
#        D:\huimeng\newtimeda\dut\stm32_cat1\EWARM\STM32_Cat1\Obj\modbus_master.o
#        D:\huimeng\newtimeda\dut\stm32_cat1\EWARM\STM32_Cat1\Obj\ringbuffer.o
#        D:\huimeng\newtimeda\dut\stm32_cat1\EWARM\STM32_Cat1\Obj\startup_stm32l476xx.o
#        D:\huimeng\newtimeda\dut\stm32_cat1\EWARM\STM32_Cat1\Obj\stm32l4xx_hal.o
#        D:\huimeng\newtimeda\dut\stm32_cat1\EWARM\STM32_Cat1\Obj\stm32l4xx_hal_cortex.o
#        D:\huimeng\newtimeda\dut\stm32_cat1\EWARM\STM32_Cat1\Obj\stm32l4xx_hal_dma.o
#        D:\huimeng\newtimeda\dut\stm32_cat1\EWARM\STM32_Cat1\Obj\stm32l4xx_hal_dma_ex.o
#        D:\huimeng\newtimeda\dut\stm32_cat1\EWARM\STM32_Cat1\Obj\stm32l4xx_hal_exti.o
#        D:\huimeng\newtimeda\dut\stm32_cat1\EWARM\STM32_Cat1\Obj\stm32l4xx_hal_flash.o
#        D:\huimeng\newtimeda\dut\stm32_cat1\EWARM\STM32_Cat1\Obj\stm32l4xx_hal_flash_ex.o
#        D:\huimeng\newtimeda\dut\stm32_cat1\EWARM\STM32_Cat1\Obj\stm32l4xx_hal_flash_ramfunc.o
#        D:\huimeng\newtimeda\dut\stm32_cat1\EWARM\STM32_Cat1\Obj\stm32l4xx_hal_gpio.o
#        D:\huimeng\newtimeda\dut\stm32_cat1\EWARM\STM32_Cat1\Obj\stm32l4xx_hal_i2c.o
#        D:\huimeng\newtimeda\dut\stm32_cat1\EWARM\STM32_Cat1\Obj\stm32l4xx_hal_i2c_ex.o
#        D:\huimeng\newtimeda\dut\stm32_cat1\EWARM\STM32_Cat1\Obj\stm32l4xx_hal_msp.o
#        D:\huimeng\newtimeda\dut\stm32_cat1\EWARM\STM32_Cat1\Obj\stm32l4xx_hal_pwr.o
#        D:\huimeng\newtimeda\dut\stm32_cat1\EWARM\STM32_Cat1\Obj\stm32l4xx_hal_pwr_ex.o
#        D:\huimeng\newtimeda\dut\stm32_cat1\EWARM\STM32_Cat1\Obj\stm32l4xx_hal_rcc.o
#        D:\huimeng\newtimeda\dut\stm32_cat1\EWARM\STM32_Cat1\Obj\stm32l4xx_hal_rcc_ex.o
#        D:\huimeng\newtimeda\dut\stm32_cat1\EWARM\STM32_Cat1\Obj\stm32l4xx_hal_spi.o
#        D:\huimeng\newtimeda\dut\stm32_cat1\EWARM\STM32_Cat1\Obj\stm32l4xx_hal_spi_ex.o
#        D:\huimeng\newtimeda\dut\stm32_cat1\EWARM\STM32_Cat1\Obj\stm32l4xx_hal_tim.o
#        D:\huimeng\newtimeda\dut\stm32_cat1\EWARM\STM32_Cat1\Obj\stm32l4xx_hal_tim_ex.o
#        D:\huimeng\newtimeda\dut\stm32_cat1\EWARM\STM32_Cat1\Obj\stm32l4xx_hal_uart.o
#        D:\huimeng\newtimeda\dut\stm32_cat1\EWARM\STM32_Cat1\Obj\stm32l4xx_hal_uart_ex.o
#        D:\huimeng\newtimeda\dut\stm32_cat1\EWARM\STM32_Cat1\Obj\stm32l4xx_it.o
#        D:\huimeng\newtimeda\dut\stm32_cat1\EWARM\STM32_Cat1\Obj\sys_command_line.o
#        D:\huimeng\newtimeda\dut\stm32_cat1\EWARM\STM32_Cat1\Obj\sys_queue.o
#        D:\huimeng\newtimeda\dut\stm32_cat1\EWARM\STM32_Cat1\Obj\system_stm32l4xx.o
#        D:\huimeng\newtimeda\dut\stm32_cat1\EWARM\STM32_Cat1\Obj\trans_recieve_buff_control.o
#        --redirect _Printf=_PrintfFull --redirect _Scanf=_ScanfFull -o
#        D:\huimeng\newtimeda\dut\stm32_cat1\EWARM\STM32_Cat1\Exe\STM32_Cat1.out
#        --map
#        D:\huimeng\newtimeda\dut\stm32_cat1\EWARM\STM32_Cat1\List\STM32_Cat1.map
#        --config
#        D:\huimeng\newtimeda\dut\stm32_cat1\EWARM/stm32l476xx_flash.icf
#        --semihosting --entry __iar_program_start --vfe
#
###############################################################################

*******************************************************************************
*** RUNTIME MODEL ATTRIBUTES
***

CppFlavor                     = *
__Heap_Handler                = Basic
__SystemLibrary               = DLib
__dlib_dynamic_initialization = normal


*******************************************************************************
*** PLACEMENT SUMMARY
***

"A0":  place at 0x08000000 { ro section .intvec };
"P1":  place in [from 0x08000000 to 0x080fffff] { ro };
"P2":  place in [from 0x20000000 to 0x20017fff] { rw, block CSTACK, block HEAP };
"P3":  place in [from 0x20000000 to 0x20017fff] {  };
initialize by copy { rw };

  Section             Kind        Address    Size  Object
  -------             ----        -------    ----  ------
"A0":                                       0x188
  .intvec             ro code  0x08000000   0x188  startup_stm32l476xx.o [1]
                             - 0x08000188   0x188

"P1":                                      0x4994
  .text               ro code  0x08000188  0x119a  xprintffull.o [3]
  .text               ro code  0x08001322    0x20  xmbtowc.o [3]
  .text               ro code  0x08001344    0x16  strchr.o [5]
  .text               ro code  0x0800135c    0x36  strlen.o [5]
  .text               ro code  0x08001394    0x58  memchr.o [5]
  .text               ro code  0x080013ec     0xa  xmbcurmax.o [3]
  .text               ro code  0x080013f8    0xb0  xxmemxmalloc.o [3]
  .text               ro code  0x080014a8    0x1a  xwctomb.o [3]
  .text               ro code  0x080014c4    0x76  ABImemcpy_unaligned.o [5]
  .text               ro code  0x0800153c    0x80  xxmemxfree.o [3]
  .text               ro code  0x080015bc    0xee  I64DivMod.o [5]
  .text               ro code  0x080016aa    0x44  xdnorm.o [4]
  .text               ro code  0x080016f0    0x2e  DblCmpLe.o [4]
  .text               ro code  0x08001720    0x2e  DblCmpGe.o [4]
  .text               ro code  0x08001750   0x114  xdscale.o [4]
  .text               ro code  0x08001864    0x58  DblToI32.o [4]
  .text               ro code  0x080018bc    0x30  I32ToDbl.o [4]
  .text               ro code  0x080018ec   0x180  DblSub.o [4]
  .text               ro code  0x08001a6c   0x1a2  DblMul.o [4]
  .text               ro code  0x08001c10   0x256  DblDiv.o [4]
  .text               ro code  0x08001e68    0x6c  localeconv.o [3]
  .text               ro code  0x08001ed4     0xe  div.o [3]
  .text               ro code  0x08001ee4    0x14  setlocale.o [3]
  .text               ro code  0x08001ef8    0x60  xencoding_sb.o [3]
  .text               ro code  0x08001f58    0x2c  xgetmemchunk.o [3]
  .text               ro code  0x08001f84     0x2  I64DivZer.o [5]
  .text               ro code  0x08001f88    0xd4  DblAdd.o [4]
  .text               ro code  0x0800205c     0x2  xtls.o [3]
  .text               ro code  0x08002060   0x7ec  stm32l4xx_hal_uart.o [1]
  .text               ro code  0x0800284c   0x130  stm32l4xx_hal_msp.o [1]
  .text               ro code  0x0800297c     0xc  stm32l4xx_hal.o [1]
  .text               ro code  0x08002988    0x4c  stm32l4xx_hal_dma.o [1]
  .text               ro code  0x080029d4     0x2  stm32l4xx_hal_uart.o [1]
  .text               ro code  0x080029d6     0x2  stm32l4xx_hal_uart_ex.o [1]
  .text               ro code  0x080029d8     0x2  stm32l4xx_hal_uart.o [1]
  .text               ro code  0x080029dc   0x700  stm32l4xx_hal_rcc.o [1]
  .text               ro code  0x080030dc   0x2d2  main.o [1]
  .text               ro code  0x080033b0   0x202  stm32l4xx_hal_gpio.o [1]
  .text               ro code  0x080035b4    0xce  stm32l4xx_hal_cortex.o [1]
  .text               ro code  0x08003684     0x6  ABImemclr4.o [5]
  .text               ro code  0x0800368c    0x48  stm32l4xx_hal.o [1]
  .text               ro code  0x080036d4    0x7c  stm32l4xx_hal_pwr_ex.o [1]
  .text               ro code  0x08003750    0x72  sys_queue.o [1]
  .text               ro code  0x080037c4    0x86  trans_recieve_buff_control.o [1]
  .text               ro code  0x0800384c    0x2c  stm32l4xx_hal.o [1]
  .text               ro code  0x08003878   0x340  modbus_master.o [1]
  .text               ro code  0x08003bb8    0xe6  stm32l4xx_hal_spi.o [1]
  .text               ro code  0x08003ca0   0x378  sys_command_line.o [1]
  .text               ro code  0x08004018    0x28  stm32l4xx_hal.o [1]
  .text               ro code  0x08004040   0x53c  stm32l4xx_hal_rcc_ex.o [1]
  .text               ro code  0x0800457c    0x18  CAT_Com.o [1]
  .text               ro code  0x08004594    0x32  ABImemset48.o [5]
  .text               ro code  0x080045c6    0x7a  ringbuffer.o [1]
  .text               ro code  0x08004640    0x24  printf.o [3]
  .text               ro code  0x08004664    0x2c  strncmp.o [3]
  .text               ro code  0x08004690    0x8c  system_stm32l4xx.o [1]
  .text               ro code  0x0800471c    0x70  Dut_Com.o [1]
  .text               ro code  0x0800478c    0x66  stm32l4xx_it.o [1]
  .text               ro code  0x080047f4    0x10  stm32l4xx_hal.o [1]
  .rodata             const    0x08004804    0x44  sys_command_line.o [1]
  .text               ro code  0x08004848    0x40  zero_init3.o [5]
  .text               ro code  0x08004888    0x38  packbits_init_single.o [5]
  .text               ro code  0x080048c0    0x28  data_init.o [5]
  .text               ro code  0x080048e8    0x22  fpinit_M.o [4]
  .iar.init_table     const    0x0800490c    0x20  - Linker created -
  .text               ro code  0x0800492c    0x1a  cmain.o [5]
  .text               ro code  0x08004946     0x4  low_level_init.o [3]
  .text               ro code  0x0800494a     0x4  exit.o [3]
  .text               ro code  0x08004950     0xa  cexit.o [5]
  .text               ro code  0x0800495c    0x14  exit.o [6]
  .text               ro code  0x08004970    0x16  xprout.o [3]
  .text               ro code  0x08004988     0xc  putchar.o [3]
  .text               ro code  0x08004994    0x10  startup_stm32l476xx.o [1]
  .text               ro code  0x080049a4     0xc  cstartup_M.o [5]
  .rodata             const    0x080049b0     0x8  system_stm32l4xx.o [1]
  .text               ro code  0x080049b8     0x4  startup_stm32l476xx.o [1]
  .text               ro code  0x080049bc     0x4  startup_stm32l476xx.o [1]
  .text               ro code  0x080049c0     0x4  startup_stm32l476xx.o [1]
  .text               ro code  0x080049c4     0x4  startup_stm32l476xx.o [1]
  .text               ro code  0x080049c8     0x4  startup_stm32l476xx.o [1]
  .text               ro code  0x080049cc     0x4  startup_stm32l476xx.o [1]
  .text               ro code  0x080049d0     0x4  startup_stm32l476xx.o [1]
  .text               ro code  0x080049d4     0x4  startup_stm32l476xx.o [1]
  .text               ro code  0x080049d8     0x4  startup_stm32l476xx.o [1]
  .text               ro code  0x080049dc     0x4  startup_stm32l476xx.o [1]
  .text               ro code  0x080049e0     0x4  startup_stm32l476xx.o [1]
  .text               ro code  0x080049e4     0x4  startup_stm32l476xx.o [1]
  .text               ro code  0x080049e8     0x4  startup_stm32l476xx.o [1]
  .text               ro code  0x080049ec     0x4  startup_stm32l476xx.o [1]
  .text               ro code  0x080049f0     0x4  startup_stm32l476xx.o [1]
  .text               ro code  0x080049f4     0x4  startup_stm32l476xx.o [1]
  .text               ro code  0x080049f8     0x4  startup_stm32l476xx.o [1]
  .text               ro code  0x080049fc     0x4  startup_stm32l476xx.o [1]
  .text               ro code  0x08004a00     0x4  startup_stm32l476xx.o [1]
  .text               ro code  0x08004a04     0x4  startup_stm32l476xx.o [1]
  .text               ro code  0x08004a08     0x4  startup_stm32l476xx.o [1]
  .text               ro code  0x08004a0c     0x4  startup_stm32l476xx.o [1]
  .text               ro code  0x08004a10     0x4  startup_stm32l476xx.o [1]
  .text               ro code  0x08004a14     0x4  startup_stm32l476xx.o [1]
  .text               ro code  0x08004a18     0x4  startup_stm32l476xx.o [1]
  .text               ro code  0x08004a1c     0x4  startup_stm32l476xx.o [1]
  .text               ro code  0x08004a20     0x4  startup_stm32l476xx.o [1]
  .text               ro code  0x08004a24     0x4  startup_stm32l476xx.o [1]
  .text               ro code  0x08004a28     0x4  startup_stm32l476xx.o [1]
  .text               ro code  0x08004a2c     0x4  startup_stm32l476xx.o [1]
  .text               ro code  0x08004a30     0x4  startup_stm32l476xx.o [1]
  .text               ro code  0x08004a34     0x4  startup_stm32l476xx.o [1]
  .text               ro code  0x08004a38     0x4  startup_stm32l476xx.o [1]
  .text               ro code  0x08004a3c     0x4  startup_stm32l476xx.o [1]
  .text               ro code  0x08004a40     0x4  startup_stm32l476xx.o [1]
  .text               ro code  0x08004a44     0x4  startup_stm32l476xx.o [1]
  .text               ro code  0x08004a48     0x4  startup_stm32l476xx.o [1]
  .text               ro code  0x08004a4c     0x4  startup_stm32l476xx.o [1]
  .text               ro code  0x08004a50     0x4  startup_stm32l476xx.o [1]
  .text               ro code  0x08004a54     0x4  startup_stm32l476xx.o [1]
  .text               ro code  0x08004a58     0x4  startup_stm32l476xx.o [1]
  .text               ro code  0x08004a5c     0x4  startup_stm32l476xx.o [1]
  .text               ro code  0x08004a60     0x4  startup_stm32l476xx.o [1]
  .text               ro code  0x08004a64     0x4  startup_stm32l476xx.o [1]
  .text               ro code  0x08004a68     0x4  startup_stm32l476xx.o [1]
  .text               ro code  0x08004a6c     0x4  startup_stm32l476xx.o [1]
  .text               ro code  0x08004a70     0x4  startup_stm32l476xx.o [1]
  .text               ro code  0x08004a74     0x4  startup_stm32l476xx.o [1]
  .text               ro code  0x08004a78     0x4  startup_stm32l476xx.o [1]
  .text               ro code  0x08004a7c     0x4  startup_stm32l476xx.o [1]
  .text               ro code  0x08004a80     0x4  startup_stm32l476xx.o [1]
  .text               ro code  0x08004a84     0x4  startup_stm32l476xx.o [1]
  .text               ro code  0x08004a88     0x4  startup_stm32l476xx.o [1]
  .text               ro code  0x08004a8c     0x4  startup_stm32l476xx.o [1]
  .text               ro code  0x08004a90     0x4  startup_stm32l476xx.o [1]
  .text               ro code  0x08004a94     0x4  startup_stm32l476xx.o [1]
  .text               ro code  0x08004a98     0x4  startup_stm32l476xx.o [1]
  .text               ro code  0x08004a9c     0x4  startup_stm32l476xx.o [1]
  .text               ro code  0x08004aa0     0x4  startup_stm32l476xx.o [1]
  .text               ro code  0x08004aa4     0x4  startup_stm32l476xx.o [1]
  .text               ro code  0x08004aa8     0x4  startup_stm32l476xx.o [1]
  .text               ro code  0x08004aac     0x4  startup_stm32l476xx.o [1]
  .text               ro code  0x08004ab0     0x4  startup_stm32l476xx.o [1]
  .text               ro code  0x08004ab4     0x4  startup_stm32l476xx.o [1]
  .text               ro code  0x08004ab8     0x4  startup_stm32l476xx.o [1]
  .text               ro code  0x08004abc     0x4  startup_stm32l476xx.o [1]
  .text               ro code  0x08004ac0     0x4  startup_stm32l476xx.o [1]
  .text               ro code  0x08004ac4     0x4  startup_stm32l476xx.o [1]
  .text               ro code  0x08004ac8     0x4  startup_stm32l476xx.o [1]
  .text               ro code  0x08004acc     0x4  startup_stm32l476xx.o [1]
  .text               ro code  0x08004ad0     0x4  startup_stm32l476xx.o [1]
  .text               ro code  0x08004ad4     0x4  startup_stm32l476xx.o [1]
  .text               ro code  0x08004ad8     0x4  startup_stm32l476xx.o [1]
  .text               ro code  0x08004adc     0x4  startup_stm32l476xx.o [1]
  .text               ro code  0x08004ae0     0x4  startup_stm32l476xx.o [1]
  .rodata             const    0x08004ae4     0x0  zero_init3.o [5]
  .rodata             const    0x08004ae4     0x0  packbits_init_single.o [5]
  Initializer bytes   const    0x08004ae4    0x38  <for P2-P3-1>
                             - 0x08004b1c  0x4994

"P2-P3", part 1 of 3:                       0x14c
  P2-P3-1                      0x20000000   0x14c  <Init block>
    .data             inited   0x20000000     0xc  stm32l4xx_hal.o [1]
    .data             inited   0x2000000c     0x4  system_stm32l4xx.o [1]
    .data             inited   0x20000010    0x40  xfiles.o [3]
    __DLIB_PERTHREAD  inited   0x20000050    0x88  localeconv.o [3]
    __DLIB_PERTHREAD  inited   0x200000d8    0x74  setlocale.o [3]
                             - 0x2000014c   0x14c

"P2-P3", part 2 of 3:                       0x600
  CSTACK                       0x20000150   0x400  <Block>
    CSTACK            uninit   0x20000150   0x400  <Block tail>
  HEAP                         0x20000550   0x200  <Block>
    HEAP              uninit   0x20000550   0x200  <Block tail>
                             - 0x20000750   0x600

"P2-P3", part 3 of 3:                       0x984
  .bss                zero     0x20000750   0x54c  sys_command_line.o [1]
  .bss                zero     0x20000c9c    0xdc  trans_recieve_buff_control.o [1]
  .bss                zero     0x20000d78    0x85  sys_command_line.o [1]
  .bss                zero     0x20000dfe     0xe  modbus_master.o [1]
  .bss                zero     0x20000e0c    0x84  main.o [1]
  .bss                zero     0x20000e90    0x80  main.o [1]
  .bss                zero     0x20000f10    0x80  modbus_master.o [1]
  .bss                zero     0x20000f90    0x80  modbus_master.o [1]
  .bss                zero     0x20001010    0x64  main.o [1]
  .bss                zero     0x20001074    0x50  xfiles.o [3]
  .bss                zero     0x200010c4     0x8  xxmemxmalloc.o [3]
  .bss                zero     0x200010cc     0x4  xgetmemchunk.o [3]
  .bss                zero     0x200010d0     0x1  main.o [1]
                             - 0x200010d1   0x981


*******************************************************************************
*** INIT TABLE
***

          Address     Size
          -------     ----
Zero (__iar_zero_init3)
    1 destination range, total size 0x981:
          0x20000750  0x981

Copy/packbits (__iar_packbits_init_single3)
    1 source range, total size 0x38 (16% of destination):
          0x08004ae4   0x38
    1 destination range, total size 0x14c:
          0x20000000  0x14c



*******************************************************************************
*** MODULE SUMMARY
***

    Module                        ro code  ro data  rw data
    ------                        -------  -------  -------
D:\huimeng\newtimeda\dut\stm32_cat1\EWARM\STM32_Cat1\Obj: [1]
    CAT_Com.o                          24
    Dut_Com.o                         112
    main.o                            722               361
    modbus_master.o                   832               270
    ringbuffer.o                      122
    startup_stm32l476xx.o             708
    stm32l4xx_hal.o                   184        2       12
    stm32l4xx_hal_cortex.o            206
    stm32l4xx_hal_dma.o                76
    stm32l4xx_hal_gpio.o              514
    stm32l4xx_hal_msp.o               304
    stm32l4xx_hal_pwr_ex.o            124
    stm32l4xx_hal_rcc.o             1 792
    stm32l4xx_hal_rcc_ex.o          1 340
    stm32l4xx_hal_spi.o               230
    stm32l4xx_hal_uart.o            2 032
    stm32l4xx_hal_uart_ex.o             2
    stm32l4xx_it.o                    102
    sys_command_line.o                888       68    1 489
    sys_queue.o                       114
    system_stm32l4xx.o                140        8        4
    trans_recieve_buff_control.o      134               220
    -------------------------------------------------------
    Total:                         10 702       78    2 356

command line: [2]
    -------------------------------------------------------
    Total:

dl7M_tlf.a: [3]
    div.o                              14
    exit.o                              4
    localeconv.o                      108       23      136
    low_level_init.o                    4
    printf.o                           36
    putchar.o                          12
    setlocale.o                        20       19      116
    strncmp.o                          44
    xencoding_sb.o                     96
    xfiles.o                                    11      144
    xgetmemchunk.o                     44                 4
    xmbcurmax.o                        10
    xmbtowc.o                          32
    xprintffull.o                   4 506
    xprout.o                           22
    xtls.o                              2
    xwctomb.o                          26
    xxmemxfree.o                      128
    xxmemxmalloc.o                    176                 8
    -------------------------------------------------------
    Total:                          5 284       53      408

m7M_tls.a: [4]
    DblAdd.o                          212
    DblCmpGe.o                         46
    DblCmpLe.o                         46
    DblDiv.o                          598
    DblMul.o                          418
    DblSub.o                          384
    DblToI32.o                         88
    I32ToDbl.o                         48
    fpinit_M.o                         34
    xdnorm.o                           68
    xdscale.o                         276
    -------------------------------------------------------
    Total:                          2 218

rt7M_tl.a: [5]
    ABImemclr4.o                        6
    ABImemcpy_unaligned.o             118
    ABImemset48.o                      50
    I64DivMod.o                       238
    I64DivZer.o                         2
    cexit.o                            10
    cmain.o                            26
    cstartup_M.o                       12
    data_init.o                        40
    memchr.o                           88
    packbits_init_single.o             56
    strchr.o                           22
    strlen.o                           54
    zero_init3.o                       64
    -------------------------------------------------------
    Total:                            786

shb_l.a: [6]
    exit.o                             20
    -------------------------------------------------------
    Total:                             20

    Gaps                               52        2        1
    Linker created                              33    1 536
-----------------------------------------------------------
    Grand Total:                   19 062      166    4 301


*******************************************************************************
*** ENTRY LIST
***

Entry                      Address   Size  Type      Object
-----                      -------   ----  ----      ------
.iar.init_table$$Base   0x0800490c          --   Gb  - Linker created -
.iar.init_table$$Limit  0x0800492c          --   Gb  - Linker created -
?main                   0x0800492d         Code  Gb  cmain.o [5]
AHBPrescTable           0x080046dc   0x10  Data  Gb  system_stm32l4xx.o [1]
APBPrescTable           0x080049b0    0x8  Data  Gb  system_stm32l4xx.o [1]
BusFault_Handler        0x08004793    0x2  Code  Gb  stm32l4xx_it.o [1]
CLI_Cmd                 0x08003ff8   0x20  Data  Gb  sys_command_line.o [1]
CLI_Cmd_Reboot          0x0800482c   0x1c  Data  Gb  sys_command_line.o [1]
CSTACK$$Base            0x20000150          --   Gb  - Linker created -
CSTACK$$Limit           0x20000550          --   Gb  - Linker created -
DebugMon_Handler        0x08004799    0x2  Code  Gb  stm32l4xx_it.o [1]
Delay                   0x080030dd   0x14  Code  Gb  main.o [1]
Dut_Set_SingleCoil      0x08004733   0x30  Code  Gb  Dut_Com.o [1]
EXTI15_10_IRQHandler    0x080047dd   0x16  Code  Gb  stm32l4xx_it.o [1]
EXTI3_IRQHandler        0x080047ab    0x6  Code  Gb  stm32l4xx_it.o [1]
EXTI4_IRQHandler        0x080047b1    0x6  Code  Gb  stm32l4xx_it.o [1]
EXTI9_5_IRQHandler      0x080047b7   0x12  Code  Gb  stm32l4xx_it.o [1]
HAL_DMA_Abort_IT        0x08002989   0x4c  Code  Gb  stm32l4xx_hal_dma.o [1]
HAL_Delay               0x08004019   0x28  Code  Wk  stm32l4xx_hal.o [1]
HAL_GPIO_EXTI_Callback  0x080035b1    0x2  Code  Wk  stm32l4xx_hal_gpio.o [1]
HAL_GPIO_EXTI_IRQHandler
                        0x08003577   0x10  Code  Gb  stm32l4xx_hal_gpio.o [1]
HAL_GPIO_Init           0x080033b1  0x1bc  Code  Gb  stm32l4xx_hal_gpio.o [1]
HAL_GPIO_WritePin       0x0800356d    0xa  Code  Gb  stm32l4xx_hal_gpio.o [1]
HAL_GetTick             0x0800297d    0xc  Code  Wk  stm32l4xx_hal.o [1]
HAL_IncTick             0x080047f5   0x10  Code  Wk  stm32l4xx_hal.o [1]
HAL_Init                0x0800384d   0x28  Code  Gb  stm32l4xx_hal.o [1]
HAL_InitTick            0x0800368d   0x48  Code  Wk  stm32l4xx_hal.o [1]
HAL_MspInit             0x0800284d   0x2c  Code  Gb  stm32l4xx_hal_msp.o [1]
HAL_NVIC_EnableIRQ      0x08003625   0x16  Code  Gb  stm32l4xx_hal_cortex.o [1]
HAL_NVIC_SetPriority    0x080035e9   0x3a  Code  Gb  stm32l4xx_hal_cortex.o [1]
HAL_NVIC_SetPriorityGrouping
                        0x080035cf   0x1a  Code  Gb  stm32l4xx_hal_cortex.o [1]
HAL_PWREx_ControlVoltageScaling
                        0x080036e1   0x64  Code  Gb  stm32l4xx_hal_pwr_ex.o [1]
HAL_PWREx_GetVoltageRange
                        0x080036d5    0xc  Code  Gb  stm32l4xx_hal_pwr_ex.o [1]
HAL_RCCEx_PeriphCLKConfig
                        0x08004041  0x30a  Code  Gb  stm32l4xx_hal_rcc_ex.o [1]
HAL_RCC_ClockConfig     0x08002e5f   0xe6  Code  Gb  stm32l4xx_hal_rcc.o [1]
HAL_RCC_GetPCLK1Freq    0x08002ffb   0x10  Code  Gb  stm32l4xx_hal_rcc.o [1]
HAL_RCC_GetPCLK2Freq    0x0800300b    0xe  Code  Gb  stm32l4xx_hal_rcc.o [1]
HAL_RCC_GetSysClockFreq
                        0x08002f6b   0x90  Code  Gb  stm32l4xx_hal_rcc.o [1]
HAL_RCC_OscConfig       0x080029dd  0x44c  Code  Gb  stm32l4xx_hal_rcc.o [1]
HAL_SPI_Init            0x08003bb9   0xd2  Code  Gb  stm32l4xx_hal_spi.o [1]
HAL_SPI_MspInit         0x08002879   0x44  Code  Gb  stm32l4xx_hal_msp.o [1]
HAL_SYSTICK_Callback    0x08003681    0x2  Code  Wk  stm32l4xx_hal_cortex.o [1]
HAL_SYSTICK_Config      0x0800363b   0x28  Code  Gb  stm32l4xx_hal_cortex.o [1]
HAL_SYSTICK_IRQHandler  0x08003663    0x4  Code  Gb  stm32l4xx_hal_cortex.o [1]
HAL_UARTEx_WakeupCallback
                        0x080029d7    0x2  Code  Wk  stm32l4xx_hal_uart_ex.o [1]
HAL_UART_ErrorCallback  0x080029d5    0x2  Code  Wk  stm32l4xx_hal_uart.o [1]
HAL_UART_IRQHandler     0x0800223d  0x162  Code  Gb  stm32l4xx_hal_uart.o [1]
HAL_UART_Init           0x08002061   0x30  Code  Gb  stm32l4xx_hal_uart.o [1]
HAL_UART_MspInit        0x080028bd   0x6c  Code  Gb  stm32l4xx_hal_msp.o [1]
HAL_UART_Receive_IT     0x08002193   0x9c  Code  Gb  stm32l4xx_hal_uart.o [1]
HAL_UART_RxCpltCallback
                        0x080030f1   0x42  Code  Gb  main.o [1]
HAL_UART_Transmit       0x080020df   0xae  Code  Gb  stm32l4xx_hal_uart.o [1]
HAL_UART_TxCpltCallback
                        0x080029d9    0x2  Code  Wk  stm32l4xx_hal_uart.o [1]
HEAP$$Base              0x20000550          --   Gb  - Linker created -
HEAP$$Limit             0x20000750          --   Gb  - Linker created -
HardFault_Handler       0x0800478f    0x2  Code  Gb  stm32l4xx_it.o [1]
LoadInt                 0x080007ff   0x6e  Code  Lc  xprintffull.o [3]
MSIRangeTable           0x080046ec   0x30  Data  Gb  system_stm32l4xx.o [1]
MX_GPIO_Init            0x08003275   0xfc  Code  Lc  main.o [1]
MemManage_Handler       0x08004791    0x2  Code  Gb  stm32l4xx_it.o [1]
ModbusMaster_ModbusMasterTransaction
                        0x080038b7  0x2de  Code  Gb  modbus_master.o [1]
ModbusMaster_begin      0x08003895    0xe  Code  Gb  modbus_master.o [1]
ModbusMaster_getResponseBuffer
                        0x080038a3    0xe  Code  Gb  modbus_master.o [1]
ModbusMaster_writeSingleCoil
                        0x08003b95   0x16  Code  Gb  modbus_master.o [1]
Modbus_Master_Millis    0x08003847    0x4  Code  Gb  trans_recieve_buff_control.o [1]
Modbus_Master_RB_Initialize
                        0x080037c5   0x12  Code  Gb  trans_recieve_buff_control.o [1]
Modbus_Master_Read      0x0800380b   0x1a  Code  Gb  trans_recieve_buff_control.o [1]
Modbus_Master_Rece_Available
                        0x080037dd   0x1e  Code  Gb  trans_recieve_buff_control.o [1]
Modbus_Master_Rece_Flush
                        0x080037d7    0x6  Code  Gb  trans_recieve_buff_control.o [1]
Modbus_Master_Rece_Handler
                        0x080037fb   0x10  Code  Gb  trans_recieve_buff_control.o [1]
Modbus_Master_Write     0x0800382d   0x14  Code  Gb  trans_recieve_buff_control.o [1]
NMI_Handler             0x0800478d    0x2  Code  Gb  stm32l4xx_it.o [1]
PendSV_Handler          0x0800479b    0x2  Code  Gb  stm32l4xx_it.o [1]
RCCEx_PLLSAI1_Config    0x0800436f   0xd0  Code  Lc  stm32l4xx_hal_rcc_ex.o [1]
RCCEx_PLLSAI2_Config    0x0800444d   0xbc  Code  Lc  stm32l4xx_hal_rcc_ex.o [1]
RCC_SetFlashLatencyFromMSIRange
                        0x08003023   0x78  Code  Lc  stm32l4xx_hal_rcc.o [1]
Region$$Table$$Base     0x0800490c          --   Gb  - Linker created -
Region$$Table$$Limit    0x0800492c          --   Gb  - Linker created -
SVC_Handler             0x08004797    0x2  Code  Gb  stm32l4xx_it.o [1]
SysTick_Handler         0x0800479d    0xe  Code  Gb  stm32l4xx_it.o [1]
SystemClock_Config      0x080031f9   0x7c  Code  Gb  main.o [1]
SystemCoreClock         0x2000000c    0x4  Data  Gb  system_stm32l4xx.o [1]
SystemInit              0x08004691   0x3c  Code  Gb  system_stm32l4xx.o [1]
Tx_Byte_To_Cat          0x0800457d   0x12  Code  Gb  CAT_Com.o [1]
UART_AdvFeatureConfig   0x080025eb   0xc6  Code  Gb  stm32l4xx_hal_uart.o [1]
UART_CheckIdleState     0x080026b1   0x56  Code  Gb  stm32l4xx_hal_uart.o [1]
UART_DMAAbortOnError    0x080027a5   0x10  Code  Lc  stm32l4xx_hal_uart.o [1]
UART_EndRxTransfer      0x08002787   0x1e  Code  Lc  stm32l4xx_hal_uart.o [1]
UART_RxISR_16BIT        0x080027d9   0x24  Code  Lc  stm32l4xx_hal_uart.o [1]
UART_RxISR_8BIT         0x080027b5   0x24  Code  Lc  stm32l4xx_hal_uart.o [1]
UART_SetConfig          0x080023ad  0x1fc  Code  Gb  stm32l4xx_hal_uart.o [1]
UART_WaitOnFlagUntilTimeout
                        0x08002707   0x60  Code  Gb  stm32l4xx_hal_uart.o [1]
USART1_IRQHandler       0x080047c9    0x6  Code  Gb  stm32l4xx_it.o [1]
USART2_IRQHandler       0x080047cf    0x6  Code  Gb  stm32l4xx_it.o [1]
UsageFault_Handler      0x08004795    0x2  Code  Gb  stm32l4xx_it.o [1]
_EncodingSb_Mbtowc      0x08001f13   0x30  Code  Gb  xencoding_sb.o [3]
_EncodingSb_Mbtowc::initial
                        0x08001f50    0x8  Data  Lc  xencoding_sb.o [3]
_EncodingSb_Wctomb      0x08001ef9   0x1a  Code  Gb  xencoding_sb.o [3]
_EncodingSb_Wctomb::initial
                        0x08001f48    0x8  Data  Lc  xencoding_sb.o [3]
_GenldFull              0x08001085  0x254  Code  Lc  xprintffull.o [3]
_IsdstStr               0x200000dc    0x4  Data  Gb  setlocale.o [3]
_LdtobFull              0x08000c85  0x3fa  Code  Lc  xprintffull.o [3]
_LitobFull              0x08000b79  0x10a  Code  Lc  xprintffull.o [3]
_LocaleEncoding         0x08001ee5    0xe  Code  Gb  setlocale.o [3]
_LocaleReturnString     0x200000fc   0x50  Data  Lc  setlocale.o [3]
_Locale_Profile         0x200000e0   0x1c  Data  Gb  setlocale.o [3]
_Locale_aeabi_lconv     0x200000a0   0x38  Data  Gb  localeconv.o [3]
_Locale_lconv           0x20000050   0x50  Data  Gb  localeconv.o [3]
_Mbtowc                 0x08001323   0x20  Code  Gb  xmbtowc.o [3]
_PrintfFull             0x08000189  0x660  Code  Gb  xprintffull.o [3]
_Prout                  0x08004971   0x16  Code  Gb  xprout.o [3]
_PutcharsFull           0x080012d9   0x2e  Code  Lc  xprintffull.o [3]
_PutstrFull             0x0800086d  0x306  Code  Lc  xprintffull.o [3]
_TzoneStr               0x200000d8    0x4  Data  Gb  setlocale.o [3]
_Wctomb                 0x080014a9   0x1a  Code  Gb  xwctomb.o [3]
__NVIC_SetPriority      0x080035b5   0x1a  Code  Lc  stm32l4xx_hal_cortex.o [1]
__aeabi_cdcmple         0x080016f1         Code  Gb  DblCmpLe.o [4]
__aeabi_cdrcmple        0x08001721         Code  Gb  DblCmpGe.o [4]
__aeabi_d2iz            0x08001865         Code  Gb  DblToI32.o [4]
__aeabi_d2uiz           0x08001891         Code  Gb  DblToI32.o [4]
__aeabi_ddiv            0x08001c11         Code  Gb  DblDiv.o [4]
__aeabi_dmul            0x08001a6d         Code  Gb  DblMul.o [4]
__aeabi_dsub            0x080018ed         Code  Gb  DblSub.o [4]
__aeabi_i2d             0x080018bd         Code  Gb  I32ToDbl.o [4]
__aeabi_ldiv0           0x08001f85         Code  Gb  I64DivZer.o [5]
__aeabi_memclr4         0x08003685         Code  Gb  ABImemclr4.o [5]
__aeabi_ui2d            0x080018d1         Code  Gb  I32ToDbl.o [4]
__aeabi_uldivmod        0x080015bd         Code  Gb  I64DivMod.o [5]
__cmain                 0x0800492d         Code  Gb  cmain.o [5]
__data_Aldata           0x200010c4    0x8  Data  Gb  xxmemxmalloc.o [3]
__data_GetMemChunk      0x08001f59   0x2c  Code  Gb  xgetmemchunk.o [3]
__data_GetMemChunk::start
                        0x200010cc    0x4  Data  Lc  xgetmemchunk.o [3]
__exit                  0x0800495d   0x14  Code  Gb  exit.o [6]
__iar_Dnorm             0x080016ab   0x44  Code  Gb  xdnorm.o [4]
__iar_Dscale            0x08001751  0x114  Code  Gb  xdscale.o [4]
__iar_Locale_lconv_init
                        0x08001e69   0x3a  Code  Gb  localeconv.o [3]
__iar_Mbcurmax          0x080013ed    0xa  Code  Gb  xmbcurmax.o [3]
__iar_Memchr            0x08001395         Code  Gb  memchr.o [5]
__iar_Memset4_word      0x08004595         Code  Gb  ABImemset48.o [5]
__iar_Memset8_word      0x08004595         Code  Gb  ABImemset48.o [5]
__iar_Stdout            0x20000010   0x40  Data  Gb  xfiles.o [3]
__iar_Strchr            0x08001345         Code  Gb  strchr.o [5]
__iar_d2uiz             0x0800189d         Code  Gb  DblToI32.o [4]
__iar_dadd              0x08001f89         Code  Gb  DblAdd.o [4]
__iar_data_init3        0x080048c1   0x28  Code  Gb  data_init.o [5]
__iar_dlib_perthread_access
                        0x0800205d    0x2  Code  Gb  xtls.o [3]
__iar_dsub              0x08001901         Code  Gb  DblSub.o [4]
__iar_dsubStart         0x08001913         Code  Gb  DblSub.o [4]
__iar_init_vfp          0x080048e9         Code  Gb  fpinit_M.o [4]
__iar_packbits_init_single3
                        0x08004889   0x38  Code  Gb  packbits_init_single.o [5]
__iar_program_start     0x080049a5         Code  Gb  cstartup_M.o [5]
__iar_ui2d              0x080018d5         Code  Gb  I32ToDbl.o [4]
__iar_unaligned___aeabi_memcpy
                        0x080014c5         Code  Gb  ABImemcpy_unaligned.o [5]
__iar_unaligned___aeabi_memcpy4
                        0x080014e5         Code  Gb  ABImemcpy_unaligned.o [5]
__iar_unaligned___aeabi_memcpy8
                        0x080014e5         Code  Gb  ABImemcpy_unaligned.o [5]
__iar_zero_init3        0x08004849   0x40  Code  Gb  zero_init3.o [5]
__low_level_init        0x08004947    0x4  Code  Gb  low_level_init.o [3]
__vector_table          0x08000000         Data  Gb  startup_stm32l476xx.o [1]
_call_main              0x08004939         Code  Gb  cmain.o [5]
_exit                   0x08004951         Code  Gb  cexit.o [5]
_main                   0x08004943         Code  Gb  cmain.o [5]
_u16ReadAddress         0x20000e02    0x2  Data  Gb  modbus_master.o [1]
_u16ReadQty             0x20000e04    0x2  Data  Gb  modbus_master.o [1]
_u16ResponseBuffer      0x20000f10   0x80  Data  Gb  modbus_master.o [1]
_u16TransmitBuffer      0x20000f90   0x80  Data  Gb  modbus_master.o [1]
_u16WriteAddress        0x20000e06    0x2  Data  Gb  modbus_master.o [1]
_u16WriteQty            0x20000e08    0x2  Data  Gb  modbus_master.o [1]
_u8MBSlave              0x20000dfe    0x1  Data  Gb  modbus_master.o [1]
_u8ResponseBufferIndex  0x20000e00    0x1  Data  Gb  modbus_master.o [1]
_u8ResponseBufferLength
                        0x20000e01    0x1  Data  Gb  modbus_master.o [1]
_u8TransmitBufferIndex  0x20000dff    0x1  Data  Gb  modbus_master.o [1]
cli_echo_flag           0x20000dfc    0x1  Data  Gb  sys_command_line.o [1]
cli_init                0x08003cf3   0x60  Code  Gb  sys_command_line.o [1]
cli_reboot              0x08003caf   0x44  Code  Lc  sys_command_line.o [1]
cli_run                 0x08003e71    0x4  Code  Gb  sys_command_line.o [1]
cli_rx                  0x200010d0    0x1  Data  Gb  main.o [1]
cli_rx_buff             0x20000750   0x48  Data  Gb  sys_command_line.o [1]
cli_rx_handle           0x08003d53  0x11e  Code  Lc  sys_command_line.o [1]
cli_rx_handle::Handle   0x20000d78   0x84  Data  Lc  sys_command_line.o [1]
crc16_update            0x08003879   0x1c  Code  Lc  modbus_master.o [1]
div                     0x08001ed5    0xe  Code  Gb  div.o [3]
exit                    0x0800494b    0x4  Code  Gb  exit.o [3]
fputc                   0x080033a1    0xe  Code  Gb  main.o [1]
free                    0x0800153d   0x7a  Code  Gb  xxmemxfree.o [3]
history                 0x20000798  0x504  Data  Lc  sys_command_line.o [1]
hspi1                   0x20001010   0x64  Data  Gb  main.o [1]
huart1                  0x20000e0c   0x80  Data  Gb  main.o [1]
huart2                  0x20000e90   0x80  Data  Gb  main.o [1]
junfeng_pFun            0x0800471d   0x16  Code  Gb  Dut_Com.o [1]
junfeng_pInit           0x08003ca1    0xe  Code  Gb  sys_command_line.o [1]
localeconv              0x08001ea3   0x16  Code  Gb  localeconv.o [3]
m_Modbus_Master_RX_Buff
                        0x20000cb0   0xc8  Data  Gb  trans_recieve_buff_control.o [1]
m_Modbus_Master_RX_RingBuff
                        0x20000c9c   0x14  Data  Gb  trans_recieve_buff_control.o [1]
main                    0x08003133   0xc6  Code  Gb  main.o [1]
malloc                  0x080013f9   0xac  Code  Gb  xxmemxmalloc.o [3]
memchr                  0x08001395         Code  Gb  memchr.o [5]
obuf                    0x20001074   0x50  Data  Lc  xfiles.o [3]
printf                  0x08004641   0x24  Code  Gb  printf.o [3]
putchar                 0x08004989    0xc  Code  Gb  putchar.o [3]
queue_empty             0x0800376b   0x10  Code  Gb  sys_queue.o [1]
queue_full              0x08003751   0x1a  Code  Gb  sys_queue.o [1]
queue_in                0x0800377b   0x1c  Code  Gb  sys_queue.o [1]
queue_out               0x08003797   0x1a  Code  Gb  sys_queue.o [1]
rbClear                 0x080045d9    0xc  Code  Gb  ringbuffer.o [1]
rbInitialize            0x080045c7   0x12  Code  Gb  ringbuffer.o [1]
rbIsEmpty               0x08004631   0x10  Code  Gb  ringbuffer.o [1]
rbPop                   0x08004609   0x28  Code  Gb  ringbuffer.o [1]
rbPush                  0x080045e5   0x24  Code  Gb  ringbuffer.o [1]
rx_buffer               0x20000e8c    0x2  Data  Gb  main.o [1]
rx_buffer1              0x20000e8e    0x2  Data  Gb  main.o [1]
strchr                  0x08001345         Code  Gb  strchr.o [5]
strlen                  0x0800135d         Code  Gb  strlen.o [5]
strncmp                 0x08004665   0x2c  Code  Gb  strncmp.o [3]
u16TransmitBufferLength
                        0x20000e0a    0x2  Data  Gb  modbus_master.o [1]
uwTick                  0x20000004    0x4  Data  Gb  stm32l4xx_hal.o [1]
uwTickFreq              0x20000000    0x1  Data  Gb  stm32l4xx_hal.o [1]
uwTickPrio              0x20000008    0x4  Data  Gb  stm32l4xx_hal.o [1]


[1] = D:\huimeng\newtimeda\dut\stm32_cat1\EWARM\STM32_Cat1\Obj
[2] = command line
[3] = dl7M_tlf.a
[4] = m7M_tls.a
[5] = rt7M_tl.a
[6] = shb_l.a

  19 062 bytes of readonly  code memory
     166 bytes of readonly  data memory
   4 301 bytes of readwrite data memory

Errors: none
Warnings: none
